Archive member included to satisfy reference by file (symbol)

/home/danielcrovo/intelFPGA_lite/21.1/nios2eds/bin/gnu/H-x86_64-pc-linux-gnu/bin/../lib/gcc/nios2-elf/11.2.1/mno-hw-mul/libgcc.a(lib2-divmod.o)
                              obj/default/main.o (__divsi3)
/home/danielcrovo/intelFPGA_lite/21.1/nios2eds/bin/gnu/H-x86_64-pc-linux-gnu/bin/../lib/gcc/nios2-elf/11.2.1/../../../../../H-x86_64-pc-linux-gnu/nios2-elf/lib/mno-hw-mul/libc.a(lib_a-memcpy.o)
                              obj/default/main.o (memcpy)
../nios_led2_bsp//libhal_bsp.a(alt_load.o)
                              ../nios_led2_bsp//obj/HAL/src/crt0.o (alt_load)
../nios_led2_bsp//libhal_bsp.a(alt_main.o)
                              ../nios_led2_bsp//obj/HAL/src/crt0.o (alt_main)
../nios_led2_bsp//libhal_bsp.a(alt_sys_init.o)
                              ../nios_led2_bsp//libhal_bsp.a(alt_main.o) (alt_irq_init)
../nios_led2_bsp//libhal_bsp.a(altera_avalon_jtag_uart_fd.o)
                              ../nios_led2_bsp//libhal_bsp.a(alt_sys_init.o) (altera_avalon_jtag_uart_read_fd)
../nios_led2_bsp//libhal_bsp.a(altera_avalon_jtag_uart_init.o)
                              ../nios_led2_bsp//libhal_bsp.a(alt_sys_init.o) (altera_avalon_jtag_uart_init)
../nios_led2_bsp//libhal_bsp.a(altera_avalon_jtag_uart_ioctl.o)
                              ../nios_led2_bsp//libhal_bsp.a(altera_avalon_jtag_uart_fd.o) (altera_avalon_jtag_uart_ioctl)
../nios_led2_bsp//libhal_bsp.a(altera_avalon_jtag_uart_read.o)
                              ../nios_led2_bsp//libhal_bsp.a(altera_avalon_jtag_uart_fd.o) (altera_avalon_jtag_uart_read)
../nios_led2_bsp//libhal_bsp.a(altera_avalon_jtag_uart_write.o)
                              ../nios_led2_bsp//libhal_bsp.a(altera_avalon_jtag_uart_fd.o) (altera_avalon_jtag_uart_write)
../nios_led2_bsp//libhal_bsp.a(altera_avalon_timer_sc.o)
                              ../nios_led2_bsp//libhal_bsp.a(alt_sys_init.o) (alt_avalon_timer_sc_init)
../nios_led2_bsp//libhal_bsp.a(alt_alarm_start.o)
                              ../nios_led2_bsp//libhal_bsp.a(altera_avalon_jtag_uart_init.o) (alt_alarm_start)
../nios_led2_bsp//libhal_bsp.a(alt_close.o)
                              ../nios_led2_bsp//libhal_bsp.a(alt_main.o) (close)
../nios_led2_bsp//libhal_bsp.a(alt_dcache_flush_all.o)
                              ../nios_led2_bsp//libhal_bsp.a(alt_load.o) (alt_dcache_flush_all)
../nios_led2_bsp//libhal_bsp.a(alt_dev.o)
                              ../nios_led2_bsp//libhal_bsp.a(alt_sys_init.o) (alt_dev_list)
../nios_led2_bsp//libhal_bsp.a(alt_dev_llist_insert.o)
                              ../nios_led2_bsp//libhal_bsp.a(alt_sys_init.o) (alt_dev_llist_insert)
../nios_led2_bsp//libhal_bsp.a(alt_do_ctors.o)
                              ../nios_led2_bsp//libhal_bsp.a(alt_main.o) (_do_ctors)
../nios_led2_bsp//libhal_bsp.a(alt_do_dtors.o)
                              ../nios_led2_bsp//libhal_bsp.a(alt_main.o) (_do_dtors)
../nios_led2_bsp//libhal_bsp.a(alt_errno.o)
                              ../nios_led2_bsp//libhal_bsp.a(alt_close.o) (alt_errno)
../nios_led2_bsp//libhal_bsp.a(alt_icache_flush_all.o)
                              ../nios_led2_bsp//libhal_bsp.a(alt_load.o) (alt_icache_flush_all)
../nios_led2_bsp//libhal_bsp.a(alt_iic.o)
                              ../nios_led2_bsp//libhal_bsp.a(altera_avalon_jtag_uart_init.o) (alt_ic_isr_register)
../nios_led2_bsp//libhal_bsp.a(alt_iic_isr_register.o)
                              ../nios_led2_bsp//libhal_bsp.a(alt_iic.o) (alt_iic_isr_register)
../nios_led2_bsp//libhal_bsp.a(alt_io_redirect.o)
                              ../nios_led2_bsp//libhal_bsp.a(alt_main.o) (alt_io_redirect)
../nios_led2_bsp//libhal_bsp.a(alt_irq_entry.o)
                              ../nios_led2_bsp//libhal_bsp.a(alt_iic_isr_register.o) (alt_irq_entry)
../nios_led2_bsp//libhal_bsp.a(alt_irq_handler.o)
                              ../nios_led2_bsp//libhal_bsp.a(alt_iic_isr_register.o) (alt_irq)
../nios_led2_bsp//libhal_bsp.a(alt_irq_vars.o)
                              ../nios_led2_bsp//libhal_bsp.a(alt_iic.o) (alt_irq_active)
../nios_led2_bsp//libhal_bsp.a(alt_open.o)
                              ../nios_led2_bsp//libhal_bsp.a(alt_io_redirect.o) (open)
../nios_led2_bsp//libhal_bsp.a(alt_release_fd.o)
                              ../nios_led2_bsp//libhal_bsp.a(alt_close.o) (alt_release_fd)
../nios_led2_bsp//libhal_bsp.a(alt_tick.o)
                              ../nios_led2_bsp//libhal_bsp.a(altera_avalon_jtag_uart_init.o) (_alt_tick_rate)
../nios_led2_bsp//libhal_bsp.a(altera_nios2_gen2_irq.o)
                              ../nios_led2_bsp//libhal_bsp.a(alt_sys_init.o) (altera_nios2_gen2_irq_init)
../nios_led2_bsp//libhal_bsp.a(alt_exception_entry.o)
                              ../nios_led2_bsp//libhal_bsp.a(alt_irq_entry.o) (alt_exception)
../nios_led2_bsp//libhal_bsp.a(alt_find_dev.o)
                              ../nios_led2_bsp//libhal_bsp.a(alt_open.o) (alt_find_dev)
[...]
Memory Configuration

Name             Origin             Length             Attributes
reset            0x0000000000020000 0x0000000000000020
onchip_mem       0x0000000000020020 0x000000000001ffe0
*default*        0x0000000000000000 0xffffffffffffffff

Linker script and memory map

LOAD ../nios_led2_bsp//obj/HAL/src/crt0.o
LOAD obj/default/gpio.o
LOAD obj/default/main.o
LOAD /home/danielcrovo/intelFPGA_lite/21.1/nios2eds/bin/gnu/H-x86_64-pc-linux-gnu/bin/../lib/gcc/nios2-elf/11.2.1/../../../../../H-x86_64-pc-linux-gnu/nios2-elf/lib/mno-hw-mul/libstdc++.a
LOAD /home/danielcrovo/intelFPGA_lite/21.1/nios2eds/bin/gnu/H-x86_64-pc-linux-gnu/bin/../lib/gcc/nios2-elf/11.2.1/../../../../../H-x86_64-pc-linux-gnu/nios2-elf/lib/mno-hw-mul/libm.a
LOAD /home/danielcrovo/intelFPGA_lite/21.1/nios2eds/bin/gnu/H-x86_64-pc-linux-gnu/bin/../lib/gcc/nios2-elf/11.2.1/mno-hw-mul/libgcc.a
START GROUP
LOAD /home/danielcrovo/intelFPGA_lite/21.1/nios2eds/bin/gnu/H-x86_64-pc-linux-gnu/bin/../lib/gcc/nios2-elf/11.2.1/../../../../../H-x86_64-pc-linux-gnu/nios2-elf/lib/mno-hw-mul/libc.a
LOAD /home/danielcrovo/intelFPGA_lite/21.1/nios2eds/bin/gnu/H-x86_64-pc-linux-gnu/bin/../lib/gcc/nios2-elf/11.2.1/mno-hw-mul/libgcc.a
LOAD ../nios_led2_bsp//libhal_bsp.a
LOAD /home/danielcrovo/intelFPGA_lite/21.1/nios2eds/bin/gnu/H-x86_64-pc-linux-gnu/bin/../lib/gcc/nios2-elf/11.2.1/../../../../../H-x86_64-pc-linux-gnu/nios2-elf/lib/mno-hw-mul/libm.a
END GROUP
LOAD /home/danielcrovo/intelFPGA_lite/21.1/nios2eds/bin/gnu/H-x86_64-pc-linux-gnu/bin/../lib/gcc/nios2-elf/11.2.1/mno-hw-mul/libgcc.a
                0x0000000000020000                __alt_mem_onchip_mem = 0x20000

.entry          0x0000000000020000       0x20
 *(.entry)
 .entry         0x0000000000020000       0x20 ../nios_led2_bsp//obj/HAL/src/crt0.o
                0x0000000000020000                __reset

.exceptions     0x0000000000020020      0x204
                0x0000000000020020                PROVIDE (__ram_exceptions_start = ABSOLUTE (.))
                0x0000000000020020                . = ALIGN (0x20)
 *(.irq)
 *(.exceptions.entry.label)
 .exceptions.entry.label
                0x0000000000020020        0x0 ../nios_led2_bsp//libhal_bsp.a(alt_irq_entry.o)
                0x0000000000020020                alt_irq_entry
 .exceptions.entry.label
                0x0000000000020020        0x0 ../nios_led2_bsp//libhal_bsp.a(alt_exception_entry.o)
                0x0000000000020020                alt_exception
 *(.exceptions.entry.user)
 *(.exceptions.entry.ecc_fatal)
 *(.exceptions.entry)
 .exceptions.entry
                0x0000000000020020       0x54 ../nios_led2_bsp//libhal_bsp.a(alt_exception_entry.o)
 *(.exceptions.irqtest.user)
 *(.exceptions.irqtest)
 .exceptions.irqtest
                0x0000000000020074       0x10 ../nios_led2_bsp//libhal_bsp.a(alt_irq_entry.o)
 *(.exceptions.irqhandler.user)
 *(.exceptions.irqhandler)
 .exceptions.irqhandler
                0x0000000000020084        0x4 ../nios_led2_bsp//libhal_bsp.a(alt_irq_entry.o)
 *(.exceptions.irqreturn.user)
 *(.exceptions.irqreturn)
 .exceptions.irqreturn
                0x0000000000020088        0x4 ../nios_led2_bsp//libhal_bsp.a(alt_irq_entry.o)
 *(.exceptions.notirq.label)
 .exceptions.notirq.label
                0x000000000002008c        0x0 ../nios_led2_bsp//libhal_bsp.a(alt_irq_entry.o)
 *(.exceptions.notirq.user)
 *(.exceptions.notirq)
 .exceptions.notirq
                0x000000000002008c        0x8 ../nios_led2_bsp//libhal_bsp.a(alt_exception_entry.o)
 *(.exceptions.soft.user)
 *(.exceptions.soft)
 *(.exceptions.unknown.user)
 *(.exceptions.unknown)
 .exceptions.unknown
                0x0000000000020094       0x14 ../nios_led2_bsp//libhal_bsp.a(alt_exception_entry.o)
 *(.exceptions.exit.label)
 .exceptions.exit.label
                0x00000000000200a8        0x0 ../nios_led2_bsp//libhal_bsp.a(alt_irq_entry.o)
 .exceptions.exit.label
                0x00000000000200a8        0x0 ../nios_led2_bsp//libhal_bsp.a(alt_exception_entry.o)
 *(.exceptions.exit.user)
 *(.exceptions.exit)
 .exceptions.exit
                0x00000000000200a8       0x54 ../nios_led2_bsp//libhal_bsp.a(alt_exception_entry.o)
 *(.exceptions)
 .exceptions    0x00000000000200fc       0xc8 ../nios_led2_bsp//libhal_bsp.a(alt_irq_handler.o)
                0x00000000000200fc                alt_irq_handler
 .exceptions    0x00000000000201c4       0x60 ../nios_led2_bsp//libhal_bsp.a(alt_instruction_exception_entry.o)
                0x00000000000201c4                alt_instruction_exception_entry
                0x0000000000020224                PROVIDE (__ram_exceptions_end = ABSOLUTE (.))
                0x0000000000020020                PROVIDE (__flash_exceptions_start = LOADADDR (.exceptions))

.text           0x0000000000020224     0x2904
                [!provide]                        PROVIDE (stext = ABSOLUTE (.))
 *(.interp)
 *(.hash)
 *(.dynsym)
 *(.dynstr)
 *(.gnu.version)
 *(.gnu.version_d)
 *(.gnu.version_r)
 *(.rel.init)
 *(.rela.init)
 *(.rel.text .rel.text.* .rel.gnu.linkonce.t.*)
 *(.rela.text .rela.text.* .rela.gnu.linkonce.t.*)
 *(.rel.fini)
 *(.rela.fini)
 *(.rel.rodata .rel.rodata.* .rel.gnu.linkonce.r.*)
 *(.rela.rodata .rela.rodata.* .rela.gnu.linkonce.r.*)
 *(.rel.data .rel.data.* .rel.gnu.linkonce.d.*)
 *(.rela.data .rela.data.* .rela.gnu.linkonce.d.*)
 *(.rel.tdata .rel.tdata.* .rel.gnu.linkonce.td.*)
 *(.rela.tdata .rela.tdata.* .rela.gnu.linkonce.td.*)
 *(.rel.tbss .rel.tbss.* .rel.gnu.linkonce.tb.*)
 *(.rela.tbss .rela.tbss.* .rela.gnu.linkonce.tb.*)
 *(.rel.ctors)
 *(.rela.ctors)
 *(.rel.dtors)
 *(.rela.dtors)
 *(.rel.got)
 *(.rela.got)
 *(.rel.sdata .rel.sdata.* .rel.gnu.linkonce.s.*)
 *(.rela.sdata .rela.sdata.* .rela.gnu.linkonce.s.*)
 *(.rel.sbss .rel.sbss.* .rel.gnu.linkonce.sb.*)
 *(.rela.sbss .rela.sbss.* .rela.gnu.linkonce.sb.*)
 *(.rel.sdata2 .rel.sdata2.* .rel.gnu.linkonce.s2.*)
 *(.rela.sdata2 .rela.sdata2.* .rela.gnu.linkonce.s2.*)
 *(.rel.sbss2 .rel.sbss2.* .rel.gnu.linkonce.sb2.*)
 *(.rela.sbss2 .rela.sbss2.* .rela.gnu.linkonce.sb2.*)
 *(.rel.bss .rel.bss.* .rel.gnu.linkonce.b.*)
 *(.rela.bss .rela.bss.* .rela.gnu.linkonce.b.*)
 *(.rel.plt)
 *(.rela.plt)
 *(.rel.dyn)
 *(.init)
 *(.plt)
 *(.text .stub .text.* .gnu.linkonce.t.*)
 .text          0x0000000000020224       0x3c ../nios_led2_bsp//obj/HAL/src/crt0.o
                0x0000000000020224                _start
 .text          0x0000000000020260      0x1c0 obj/default/gpio.o
                0x0000000000020260                sseg_conv_hex
                0x00000000000202b0                sseg_disp_ptn
                0x000000000002032c                jtaguart_wr_str
                0x00000000000203c0                timer_wr_prd
 .text          0x0000000000020420      0x34c obj/default/main.o
                0x0000000000020420                main
                0x0000000000020498                flashsys_init_v1
                0x00000000000204e8                sw_get_command_v1
                0x0000000000020584                jtaguart_disp_msg_v1
                0x0000000000020674                sseg_disp_msg_v1
 .text          0x000000000002076c      0x1b4 /home/danielcrovo/intelFPGA_lite/21.1/nios2eds/bin/gnu/H-x86_64-pc-linux-gnu/bin/../lib/gcc/nios2-elf/11.2.1/mno-hw-mul/libgcc.a(lib2-divmod.o)
                0x000000000002076c                __divsi3
                0x00000000000207ec                __modsi3
                0x0000000000020860                __udivsi3
                0x00000000000208c4                __umodsi3
 .text          0x0000000000020920        0x0 /home/danielcrovo/intelFPGA_lite/21.1/nios2eds/bin/gnu/H-x86_64-pc-linux-gnu/bin/../lib/gcc/nios2-elf/11.2.1/../../../../../H-x86_64-pc-linux-gnu/nios2-elf/lib/mno-hw-mul/libc.a(lib_a-memcpy.o)
 .text.memcpy   0x0000000000020920      0x100 /home/danielcrovo/intelFPGA_lite/21.1/nios2eds/bin/gnu/H-x86_64-pc-linux-gnu/bin/../lib/gcc/nios2-elf/11.2.1/../../../../../H-x86_64-pc-linux-gnu/nios2-elf/lib/mno-hw-mul/libc.a(lib_a-memcpy.o)
                0x0000000000020920                memcpy
 .text          0x0000000000020a20       0xec ../nios_led2_bsp//libhal_bsp.a(alt_load.o)
                0x0000000000020a88                alt_load
 .text          0x0000000000020b0c       0x7c ../nios_led2_bsp//libhal_bsp.a(alt_main.o)
                0x0000000000020b0c                alt_main
 .text          0x0000000000020b88       0xd4 ../nios_led2_bsp//libhal_bsp.a(alt_sys_init.o)
                0x0000000000020bbc                alt_irq_init
                0x0000000000020bf8                alt_sys_init
 .text          0x0000000000020c5c      0x164 ../nios_led2_bsp//libhal_bsp.a(altera_avalon_jtag_uart_fd.o)
                0x0000000000020c5c                altera_avalon_jtag_uart_read_fd
                0x0000000000020cbc                altera_avalon_jtag_uart_write_fd
                0x0000000000020d1c                altera_avalon_jtag_uart_close_fd
                0x0000000000020d6c                altera_avalon_jtag_uart_ioctl_fd
 .text          0x0000000000020dc0      0x3d4 ../nios_led2_bsp//libhal_bsp.a(altera_avalon_jtag_uart_init.o)
                0x0000000000020dc0                altera_avalon_jtag_uart_init
                0x000000000002112c                altera_avalon_jtag_uart_close
 .text          0x0000000000021194       0xf4 ../nios_led2_bsp//libhal_bsp.a(altera_avalon_jtag_uart_ioctl.o)
                0x0000000000021194                altera_avalon_jtag_uart_ioctl
 .text          0x0000000000021288      0x220 ../nios_led2_bsp//libhal_bsp.a(altera_avalon_jtag_uart_read.o)
                0x0000000000021288                altera_avalon_jtag_uart_read
 .text          0x00000000000214a8      0x228 ../nios_led2_bsp//libhal_bsp.a(altera_avalon_jtag_uart_write.o)
                0x00000000000214a8                altera_avalon_jtag_uart_write
 .text          0x00000000000216d0      0x100 ../nios_led2_bsp//libhal_bsp.a(altera_avalon_timer_sc.o)
                0x000000000002174c                alt_avalon_timer_sc_init
 .text          0x00000000000217d0      0x160 ../nios_led2_bsp//libhal_bsp.a(alt_alarm_start.o)
                0x00000000000217d0                alt_alarm_start
 .text          0x0000000000021930      0x118 ../nios_led2_bsp//libhal_bsp.a(alt_close.o)
                0x000000000002196c                close
 .text          0x0000000000021a48       0x20 ../nios_led2_bsp//libhal_bsp.a(alt_dcache_flush_all.o)
                0x0000000000021a48                alt_dcache_flush_all
 .text          0x0000000000021a68       0x2c ../nios_led2_bsp//libhal_bsp.a(alt_dev.o)
 .text          0x0000000000021a94       0xe4 ../nios_led2_bsp//libhal_bsp.a(alt_dev_llist_insert.o)
                0x0000000000021ad0                alt_dev_llist_insert
 .text          0x0000000000021b78       0x64 ../nios_led2_bsp//libhal_bsp.a(alt_do_ctors.o)
                0x0000000000021b78                _do_ctors
 .text          0x0000000000021bdc       0x64 ../nios_led2_bsp//libhal_bsp.a(alt_do_dtors.o)
                0x0000000000021bdc                _do_dtors
 .text          0x0000000000021c40        0x0 ../nios_led2_bsp//libhal_bsp.a(alt_errno.o)
 .text          0x0000000000021c40       0x20 ../nios_led2_bsp//libhal_bsp.a(alt_icache_flush_all.o)
                0x0000000000021c40                alt_icache_flush_all
 .text          0x0000000000021c60      0x1b0 ../nios_led2_bsp//libhal_bsp.a(alt_iic.o)
                0x0000000000021c60                alt_ic_isr_register
                0x0000000000021cb0                alt_ic_irq_enable
                0x0000000000021d38                alt_ic_irq_disable
                0x0000000000021dc4                alt_ic_irq_enabled
 .text          0x0000000000021e10       0xe8 ../nios_led2_bsp//libhal_bsp.a(alt_iic_isr_register.o)
                0x0000000000021e10                alt_iic_isr_register
 .text          0x0000000000021ef8      0x150 ../nios_led2_bsp//libhal_bsp.a(alt_io_redirect.o)
                0x0000000000021fcc                alt_io_redirect
 .text          0x0000000000022048        0x0 ../nios_led2_bsp//libhal_bsp.a(alt_irq_entry.o)
 .text          0x0000000000022048        0x0 ../nios_led2_bsp//libhal_bsp.a(alt_irq_handler.o)
 .text          0x0000000000022048        0x0 ../nios_led2_bsp//libhal_bsp.a(alt_irq_vars.o)
 .text          0x0000000000022048      0x278 ../nios_led2_bsp//libhal_bsp.a(alt_open.o)
                0x0000000000022160                open
 .text          0x00000000000222c0       0x70 ../nios_led2_bsp//libhal_bsp.a(alt_release_fd.o)
                0x00000000000222c0                alt_release_fd
 .text          0x0000000000022330      0x1d0 ../nios_led2_bsp//libhal_bsp.a(alt_tick.o)
                0x0000000000022330                alt_alarm_stop
                0x00000000000223d4                alt_tick
 .text          0x0000000000022500       0x24 ../nios_led2_bsp//libhal_bsp.a(altera_nios2_gen2_irq.o)
                0x0000000000022500                altera_nios2_gen2_irq_init
 .text          0x0000000000022524        0x0 ../nios_led2_bsp//libhal_bsp.a(alt_exception_entry.o)
 .text          0x0000000000022524       0x90 ../nios_led2_bsp//libhal_bsp.a(alt_find_dev.o)
                0x0000000000022524                alt_find_dev
 .text          0x00000000000225b4      0x108 ../nios_led2_bsp//libhal_bsp.a(alt_find_file.o)
                0x00000000000225b4                alt_find_file
 .text          0x00000000000226bc       0xb8 ../nios_led2_bsp//libhal_bsp.a(alt_get_fd.o)
                0x00000000000226bc                alt_get_fd
 .text          0x0000000000022774       0x74 ../nios_led2_bsp//libhal_bsp.a(alt_instruction_exception_entry.o)
                0x0000000000022774                alt_exception_cause_generated_bad_addr
 .text          0x00000000000227e8        0x0 /home/danielcrovo/intelFPGA_lite/21.1/nios2eds/bin/gnu/H-x86_64-pc-linux-gnu/bin/../lib/gcc/nios2-elf/11.2.1/../../../../../H-x86_64-pc-linux-gnu/nios2-elf/lib/mno-hw-mul/libc.a(lib_a-atexit.o)
 .text.atexit   0x00000000000227e8       0x14 /home/danielcrovo/intelFPGA_lite/21.1/nios2eds/bin/gnu/H-x86_64-pc-linux-gnu/bin/../lib/gcc/nios2-elf/11.2.1/../../../../../H-x86_64-pc-linux-gnu/nios2-elf/lib/mno-hw-mul/libc.a(lib_a-atexit.o)
                0x00000000000227e8                atexit
 .text          0x00000000000227fc        0x0 /home/danielcrovo/intelFPGA_lite/21.1/nios2eds/bin/gnu/H-x86_64-pc-linux-gnu/bin/../lib/gcc/nios2-elf/11.2.1/../../../../../H-x86_64-pc-linux-gnu/nios2-elf/lib/mno-hw-mul/libc.a(lib_a-exit.o)
 .text.exit     0x00000000000227fc       0x34 /home/danielcrovo/intelFPGA_lite/21.1/nios2eds/bin/gnu/H-x86_64-pc-linux-gnu/bin/../lib/gcc/nios2-elf/11.2.1/../../../../../H-x86_64-pc-linux-gnu/nios2-elf/lib/mno-hw-mul/libc.a(lib_a-exit.o)
                0x00000000000227fc                exit
 .text          0x0000000000022830        0x0 /home/danielcrovo/intelFPGA_lite/21.1/nios2eds/bin/gnu/H-x86_64-pc-linux-gnu/bin/../lib/gcc/nios2-elf/11.2.1/../../../../../H-x86_64-pc-linux-gnu/nios2-elf/lib/mno-hw-mul/libc.a(lib_a-impure.o)
 .text          0x0000000000022830        0x0 /home/danielcrovo/intelFPGA_lite/21.1/nios2eds/bin/gnu/H-x86_64-pc-linux-gnu/bin/../lib/gcc/nios2-elf/11.2.1/../../../../../H-x86_64-pc-linux-gnu/nios2-elf/lib/mno-hw-mul/libc.a(lib_a-int_errno.o)
 .text          0x0000000000022830        0x0 /home/danielcrovo/intelFPGA_lite/21.1/nios2eds/bin/gnu/H-x86_64-pc-linux-gnu/bin/../lib/gcc/nios2-elf/11.2.1/../../../../../H-x86_64-pc-linux-gnu/nios2-elf/lib/mno-hw-mul/libc.a(lib_a-memcmp.o)
 .text.memcmp   0x0000000000022830       0x78 /home/danielcrovo/intelFPGA_lite/21.1/nios2eds/bin/gnu/H-x86_64-pc-linux-gnu/bin/../lib/gcc/nios2-elf/11.2.1/../../../../../H-x86_64-pc-linux-gnu/nios2-elf/lib/mno-hw-mul/libc.a(lib_a-memcmp.o)
                0x0000000000022830                memcmp
 .text          0x00000000000228a8        0x0 /home/danielcrovo/intelFPGA_lite/21.1/nios2eds/bin/gnu/H-x86_64-pc-linux-gnu/bin/../lib/gcc/nios2-elf/11.2.1/../../../../../H-x86_64-pc-linux-gnu/nios2-elf/lib/mno-hw-mul/libc.a(lib_a-strlen.o)
 .text.strlen   0x00000000000228a8       0x98 /home/danielcrovo/intelFPGA_lite/21.1/nios2eds/bin/gnu/H-x86_64-pc-linux-gnu/bin/../lib/gcc/nios2-elf/11.2.1/../../../../../H-x86_64-pc-linux-gnu/nios2-elf/lib/mno-hw-mul/libc.a(lib_a-strlen.o)
                0x00000000000228a8                strlen
 .text          0x0000000000022940        0x0 /home/danielcrovo/intelFPGA_lite/21.1/nios2eds/bin/gnu/H-x86_64-pc-linux-gnu/bin/../lib/gcc/nios2-elf/11.2.1/../../../../../H-x86_64-pc-linux-gnu/nios2-elf/lib/mno-hw-mul/libc.a(lib_a-__atexit.o)
 .text.__register_exitproc
                0x0000000000022940       0x90 /home/danielcrovo/intelFPGA_lite/21.1/nios2eds/bin/gnu/H-x86_64-pc-linux-gnu/bin/../lib/gcc/nios2-elf/11.2.1/../../../../../H-x86_64-pc-linux-gnu/nios2-elf/lib/mno-hw-mul/libc.a(lib_a-__atexit.o)
                0x0000000000022940                __register_exitproc
 .text          0x00000000000229d0        0x0 /home/danielcrovo/intelFPGA_lite/21.1/nios2eds/bin/gnu/H-x86_64-pc-linux-gnu/bin/../lib/gcc/nios2-elf/11.2.1/../../../../../H-x86_64-pc-linux-gnu/nios2-elf/lib/mno-hw-mul/libc.a(lib_a-__call_atexit.o)
 .text.__call_exitprocs
                0x00000000000229d0      0x120 /home/danielcrovo/intelFPGA_lite/21.1/nios2eds/bin/gnu/H-x86_64-pc-linux-gnu/bin/../lib/gcc/nios2-elf/11.2.1/../../../../../H-x86_64-pc-linux-gnu/nios2-elf/lib/mno-hw-mul/libc.a(lib_a-__call_atexit.o)
                0x00000000000229d0                __call_exitprocs
 .text          0x0000000000022af0       0x38 ../nios_led2_bsp//libhal_bsp.a(alt_exit.o)
                0x0000000000022af0                _exit
 *(.gnu.warning.*)
 *(.fini)
                [!provide]                        PROVIDE (__etext = ABSOLUTE (.))
                [!provide]                        PROVIDE (_etext = ABSOLUTE (.))
                [!provide]                        PROVIDE (etext = ABSOLUTE (.))
 *(.eh_frame_hdr)
                0x0000000000022b28                . = ALIGN (0x4)
                [!provide]                        PROVIDE (__preinit_array_start = ABSOLUTE (.))
 *(.preinit_array)
                [!provide]                        PROVIDE (__preinit_array_end = ABSOLUTE (.))
                [!provide]                        PROVIDE (__init_array_start = ABSOLUTE (.))
 *(.init_array)
                [!provide]                        PROVIDE (__init_array_end = ABSOLUTE (.))
                [!provide]                        PROVIDE (__fini_array_start = ABSOLUTE (.))
 *(.fini_array)
                [!provide]                        PROVIDE (__fini_array_end = ABSOLUTE (.))
 *(.eh_frame)
 *(.gcc_except_table .gcc_except_table.*)
 *(.dynamic)
                0x0000000000022b28                PROVIDE (__CTOR_LIST__ = ABSOLUTE (.))
 *(.ctors)
 *(SORT_BY_NAME(.ctors.*))
                0x0000000000022b28                PROVIDE (__CTOR_END__ = ABSOLUTE (.))
                0x0000000000022b28                PROVIDE (__DTOR_LIST__ = ABSOLUTE (.))
 *(.dtors)
 *(SORT_BY_NAME(.dtors.*))
                0x0000000000022b28                PROVIDE (__DTOR_END__ = ABSOLUTE (.))
 *(.jcr)
                0x0000000000022b28                . = ALIGN (0x4)

.rodata         0x0000000000022b28       0x50
                0x0000000000022b28                PROVIDE (__ram_rodata_start = ABSOLUTE (.))
                0x0000000000022b28                . = ALIGN (0x4)
 *(.rodata .rodata.* .gnu.linkonce.r.*)
 .rodata        0x0000000000022b28       0x10 obj/default/gpio.o
 .rodata        0x0000000000022b38       0x13 obj/default/main.o
 *fill*         0x0000000000022b4b        0x1 
 .rodata        0x0000000000022b4c        0xf ../nios_led2_bsp//libhal_bsp.a(alt_main.o)
 *fill*         0x0000000000022b5b        0x1 
 .rodata        0x0000000000022b5c        0xf ../nios_led2_bsp//libhal_bsp.a(alt_sys_init.o)
 *fill*         0x0000000000022b6b        0x1 
 .rodata        0x0000000000022b6c        0xa ../nios_led2_bsp//libhal_bsp.a(alt_dev.o)
 *(.rodata1)
                0x0000000000022b78                . = ALIGN (0x4)
 *fill*         0x0000000000022b76        0x2 
                0x0000000000022b78                PROVIDE (__ram_rodata_end = ABSOLUTE (.))
                0x0000000000022b28                PROVIDE (__flash_rodata_start = LOADADDR (.rodata))

.rwdata         0x0000000000022b78     0x1658 load address 0x00000000000241d0
                0x0000000000022b78                PROVIDE (__ram_rwdata_start = ABSOLUTE (.))
                0x0000000000022b78                . = ALIGN (0x4)
 *(.got.plt)
 *(.got)
 *(.data1)
 *(.data .data.* .gnu.linkonce.d.*)
 .data          0x0000000000022b78        0x0 ../nios_led2_bsp//obj/HAL/src/crt0.o
 .data          0x0000000000022b78        0x0 obj/default/gpio.o
 .data          0x0000000000022b78        0x0 obj/default/main.o
 .data          0x0000000000022b78        0x0 /home/danielcrovo/intelFPGA_lite/21.1/nios2eds/bin/gnu/H-x86_64-pc-linux-gnu/bin/../lib/gcc/nios2-elf/11.2.1/mno-hw-mul/libgcc.a(lib2-divmod.o)
 .data          0x0000000000022b78        0x0 /home/danielcrovo/intelFPGA_lite/21.1/nios2eds/bin/gnu/H-x86_64-pc-linux-gnu/bin/../lib/gcc/nios2-elf/11.2.1/../../../../../H-x86_64-pc-linux-gnu/nios2-elf/lib/mno-hw-mul/libc.a(lib_a-memcpy.o)
 .data          0x0000000000022b78        0x0 ../nios_led2_bsp//libhal_bsp.a(alt_load.o)
 .data          0x0000000000022b78        0x0 ../nios_led2_bsp//libhal_bsp.a(alt_main.o)
 .data          0x0000000000022b78     0x1060 ../nios_led2_bsp//libhal_bsp.a(alt_sys_init.o)
 .data          0x0000000000023bd8        0x0 ../nios_led2_bsp//libhal_bsp.a(altera_avalon_jtag_uart_fd.o)
 .data          0x0000000000023bd8        0x0 ../nios_led2_bsp//libhal_bsp.a(altera_avalon_jtag_uart_init.o)
 .data          0x0000000000023bd8        0x0 ../nios_led2_bsp//libhal_bsp.a(altera_avalon_jtag_uart_ioctl.o)
 .data          0x0000000000023bd8        0x0 ../nios_led2_bsp//libhal_bsp.a(altera_avalon_jtag_uart_read.o)
 .data          0x0000000000023bd8        0x0 ../nios_led2_bsp//libhal_bsp.a(altera_avalon_jtag_uart_write.o)
 .data          0x0000000000023bd8        0x0 ../nios_led2_bsp//libhal_bsp.a(altera_avalon_timer_sc.o)
 .data          0x0000000000023bd8        0x0 ../nios_led2_bsp//libhal_bsp.a(alt_alarm_start.o)
 .data          0x0000000000023bd8        0x0 ../nios_led2_bsp//libhal_bsp.a(alt_close.o)
 .data          0x0000000000023bd8        0x0 ../nios_led2_bsp//libhal_bsp.a(alt_dcache_flush_all.o)
 .data          0x0000000000023bd8      0x1a8 ../nios_led2_bsp//libhal_bsp.a(alt_dev.o)
                0x0000000000023bd8                alt_dev_null
                0x0000000000023c00                alt_fd_list
 .data          0x0000000000023d80        0x0 ../nios_led2_bsp//libhal_bsp.a(alt_dev_llist_insert.o)
 .data          0x0000000000023d80        0x0 ../nios_led2_bsp//libhal_bsp.a(alt_do_ctors.o)
 .data          0x0000000000023d80        0x0 ../nios_led2_bsp//libhal_bsp.a(alt_do_dtors.o)
 .data          0x0000000000023d80        0x0 ../nios_led2_bsp//libhal_bsp.a(alt_errno.o)
 .data          0x0000000000023d80        0x0 ../nios_led2_bsp//libhal_bsp.a(alt_icache_flush_all.o)
 .data          0x0000000000023d80        0x0 ../nios_led2_bsp//libhal_bsp.a(alt_iic.o)
 .data          0x0000000000023d80        0x0 ../nios_led2_bsp//libhal_bsp.a(alt_iic_isr_register.o)
 .data          0x0000000000023d80        0x0 ../nios_led2_bsp//libhal_bsp.a(alt_io_redirect.o)
 .data          0x0000000000023d80        0x0 ../nios_led2_bsp//libhal_bsp.a(alt_irq_entry.o)
 .data          0x0000000000023d80        0x0 ../nios_led2_bsp//libhal_bsp.a(alt_irq_handler.o)
 .data          0x0000000000023d80        0x0 ../nios_led2_bsp//libhal_bsp.a(alt_irq_vars.o)
 .data          0x0000000000023d80        0x0 ../nios_led2_bsp//libhal_bsp.a(alt_open.o)
 .data          0x0000000000023d80        0x0 ../nios_led2_bsp//libhal_bsp.a(alt_release_fd.o)
 .data          0x0000000000023d80        0x0 ../nios_led2_bsp//libhal_bsp.a(alt_tick.o)
 .data          0x0000000000023d80        0x0 ../nios_led2_bsp//libhal_bsp.a(altera_nios2_gen2_irq.o)
 .data          0x0000000000023d80        0x0 ../nios_led2_bsp//libhal_bsp.a(alt_exception_entry.o)
 .data          0x0000000000023d80        0x0 ../nios_led2_bsp//libhal_bsp.a(alt_find_dev.o)
 .data          0x0000000000023d80        0x0 ../nios_led2_bsp//libhal_bsp.a(alt_find_file.o)
 .data          0x0000000000023d80        0x0 ../nios_led2_bsp//libhal_bsp.a(alt_get_fd.o)
 .data          0x0000000000023d80        0x0 ../nios_led2_bsp//libhal_bsp.a(alt_instruction_exception_entry.o)
 .data          0x0000000000023d80        0x0 /home/danielcrovo/intelFPGA_lite/21.1/nios2eds/bin/gnu/H-x86_64-pc-linux-gnu/bin/../lib/gcc/nios2-elf/11.2.1/../../../../../H-x86_64-pc-linux-gnu/nios2-elf/lib/mno-hw-mul/libc.a(lib_a-atexit.o)
 .data          0x0000000000023d80        0x0 /home/danielcrovo/intelFPGA_lite/21.1/nios2eds/bin/gnu/H-x86_64-pc-linux-gnu/bin/../lib/gcc/nios2-elf/11.2.1/../../../../../H-x86_64-pc-linux-gnu/nios2-elf/lib/mno-hw-mul/libc.a(lib_a-exit.o)
 .data          0x0000000000023d80        0x0 /home/danielcrovo/intelFPGA_lite/21.1/nios2eds/bin/gnu/H-x86_64-pc-linux-gnu/bin/../lib/gcc/nios2-elf/11.2.1/../../../../../H-x86_64-pc-linux-gnu/nios2-elf/lib/mno-hw-mul/libc.a(lib_a-impure.o)
 .data.impure_data
                0x0000000000023d80      0x424 /home/danielcrovo/intelFPGA_lite/21.1/nios2eds/bin/gnu/H-x86_64-pc-linux-gnu/bin/../lib/gcc/nios2-elf/11.2.1/../../../../../H-x86_64-pc-linux-gnu/nios2-elf/lib/mno-hw-mul/libc.a(lib_a-impure.o)
 .data          0x00000000000241a4        0x0 /home/danielcrovo/intelFPGA_lite/21.1/nios2eds/bin/gnu/H-x86_64-pc-linux-gnu/bin/../lib/gcc/nios2-elf/11.2.1/../../../../../H-x86_64-pc-linux-gnu/nios2-elf/lib/mno-hw-mul/libc.a(lib_a-int_errno.o)
 .data          0x00000000000241a4        0x0 /home/danielcrovo/intelFPGA_lite/21.1/nios2eds/bin/gnu/H-x86_64-pc-linux-gnu/bin/../lib/gcc/nios2-elf/11.2.1/../../../../../H-x86_64-pc-linux-gnu/nios2-elf/lib/mno-hw-mul/libc.a(lib_a-memcmp.o)
 .data          0x00000000000241a4        0x0 /home/danielcrovo/intelFPGA_lite/21.1/nios2eds/bin/gnu/H-x86_64-pc-linux-gnu/bin/../lib/gcc/nios2-elf/11.2.1/../../../../../H-x86_64-pc-linux-gnu/nios2-elf/lib/mno-hw-mul/libc.a(lib_a-strlen.o)
 .data          0x00000000000241a4        0x0 /home/danielcrovo/intelFPGA_lite/21.1/nios2eds/bin/gnu/H-x86_64-pc-linux-gnu/bin/../lib/gcc/nios2-elf/11.2.1/../../../../../H-x86_64-pc-linux-gnu/nios2-elf/lib/mno-hw-mul/libc.a(lib_a-__atexit.o)
 .data          0x00000000000241a4        0x0 /home/danielcrovo/intelFPGA_lite/21.1/nios2eds/bin/gnu/H-x86_64-pc-linux-gnu/bin/../lib/gcc/nios2-elf/11.2.1/../../../../../H-x86_64-pc-linux-gnu/nios2-elf/lib/mno-hw-mul/libc.a(lib_a-__call_atexit.o)
 .data          0x00000000000241a4        0x0 ../nios_led2_bsp//libhal_bsp.a(alt_exit.o)
                0x000000000002c1a4                _gp = ABSOLUTE ((. + 0x8000))
                [!provide]                        PROVIDE (gp = _gp)
 *(.rwdata .rwdata.*)
 *(.sdata .sdata.* .gnu.linkonce.s.*)
 .sdata         0x00000000000241a4       0x14 ../nios_led2_bsp//libhal_bsp.a(alt_dev.o)
                0x00000000000241a4                alt_fs_list
                0x00000000000241ac                alt_dev_list
                0x00000000000241b4                alt_max_fd
 .sdata         0x00000000000241b8        0x4 ../nios_led2_bsp//libhal_bsp.a(alt_errno.o)
                0x00000000000241b8                alt_errno
 .sdata         0x00000000000241bc        0x4 ../nios_led2_bsp//libhal_bsp.a(alt_irq_vars.o)
                0x00000000000241bc                alt_priority_mask
 .sdata         0x00000000000241c0        0x8 ../nios_led2_bsp//libhal_bsp.a(alt_tick.o)
                0x00000000000241c0                alt_alarm_list
 .sdata._global_impure_ptr
                0x00000000000241c8        0x4 /home/danielcrovo/intelFPGA_lite/21.1/nios2eds/bin/gnu/H-x86_64-pc-linux-gnu/bin/../lib/gcc/nios2-elf/11.2.1/../../../../../H-x86_64-pc-linux-gnu/nios2-elf/lib/mno-hw-mul/libc.a(lib_a-impure.o)
                0x00000000000241c8                _global_impure_ptr
 .sdata._impure_ptr
                0x00000000000241cc        0x4 /home/danielcrovo/intelFPGA_lite/21.1/nios2eds/bin/gnu/H-x86_64-pc-linux-gnu/bin/../lib/gcc/nios2-elf/11.2.1/../../../../../H-x86_64-pc-linux-gnu/nios2-elf/lib/mno-hw-mul/libc.a(lib_a-impure.o)
                0x00000000000241cc                _impure_ptr
 *(.sdata2 .sdata2.* .gnu.linkonce.s2.*)
                0x00000000000241d0                . = ALIGN (0x4)
                0x00000000000241d0                _edata = ABSOLUTE (.)
                [!provide]                        PROVIDE (edata = ABSOLUTE (.))
                0x00000000000241d0                PROVIDE (__ram_rwdata_end = ABSOLUTE (.))
                0x00000000000241d0                PROVIDE (__flash_rwdata_start = LOADADDR (.rwdata))

.bss            0x0000000000025828      0x128
                0x0000000000025828                __bss_start = ABSOLUTE (.)
                [!provide]                        PROVIDE (__sbss_start = ABSOLUTE (.))
                [!provide]                        PROVIDE (___sbss_start = ABSOLUTE (.))
 *(.dynsbss)
 *(.sbss .sbss.* .gnu.linkonce.sb.*)
 .sbss          0x0000000000025828        0x4 obj/default/main.o
 .sbss          0x000000000002582c        0xc ../nios_led2_bsp//libhal_bsp.a(alt_main.o)
                0x000000000002582c                alt_argc
                0x0000000000025830                alt_argv
                0x0000000000025834                alt_envp
 .sbss          0x0000000000025838        0x4 ../nios_led2_bsp//libhal_bsp.a(alt_irq_vars.o)
                0x0000000000025838                alt_irq_active
 .sbss          0x000000000002583c        0xc ../nios_led2_bsp//libhal_bsp.a(alt_tick.o)
                0x000000000002583c                _alt_tick_rate
                0x0000000000025840                _alt_nticks
 .sbss          0x0000000000025848        0x4 ../nios_led2_bsp//libhal_bsp.a(alt_instruction_exception_entry.o)
                0x0000000000025848                alt_instruction_exception_handler
 .sbss.errno    0x000000000002584c        0x4 /home/danielcrovo/intelFPGA_lite/21.1/nios2eds/bin/gnu/H-x86_64-pc-linux-gnu/bin/../lib/gcc/nios2-elf/11.2.1/../../../../../H-x86_64-pc-linux-gnu/nios2-elf/lib/mno-hw-mul/libc.a(lib_a-int_errno.o)
                0x000000000002584c                errno
 *(.sbss2 .sbss2.* .gnu.linkonce.sb2.*)
 *(.scommon)
                [!provide]                        PROVIDE (__sbss_end = ABSOLUTE (.))
                [!provide]                        PROVIDE (___sbss_end = ABSOLUTE (.))
 *(.dynbss)
 *(.bss .bss.* .gnu.linkonce.b.*)
 .bss           0x0000000000025850        0x0 ../nios_led2_bsp//obj/HAL/src/crt0.o
 .bss           0x0000000000025850        0x0 obj/default/gpio.o
 .bss           0x0000000000025850        0x0 obj/default/main.o
 .bss           0x0000000000025850        0x0 /home/danielcrovo/intelFPGA_lite/21.1/nios2eds/bin/gnu/H-x86_64-pc-linux-gnu/bin/../lib/gcc/nios2-elf/11.2.1/mno-hw-mul/libgcc.a(lib2-divmod.o)
 .bss           0x0000000000025850        0x0 /home/danielcrovo/intelFPGA_lite/21.1/nios2eds/bin/gnu/H-x86_64-pc-linux-gnu/bin/../lib/gcc/nios2-elf/11.2.1/../../../../../H-x86_64-pc-linux-gnu/nios2-elf/lib/mno-hw-mul/libc.a(lib_a-memcpy.o)
 .bss           0x0000000000025850        0x0 ../nios_led2_bsp//libhal_bsp.a(alt_load.o)
 .bss           0x0000000000025850        0x0 ../nios_led2_bsp//libhal_bsp.a(alt_main.o)
 .bss           0x0000000000025850        0x0 ../nios_led2_bsp//libhal_bsp.a(alt_sys_init.o)
 .bss           0x0000000000025850        0x0 ../nios_led2_bsp//libhal_bsp.a(altera_avalon_jtag_uart_fd.o)
 .bss           0x0000000000025850        0x0 ../nios_led2_bsp//libhal_bsp.a(altera_avalon_jtag_uart_init.o)
 .bss           0x0000000000025850        0x0 ../nios_led2_bsp//libhal_bsp.a(altera_avalon_jtag_uart_ioctl.o)
 .bss           0x0000000000025850        0x0 ../nios_led2_bsp//libhal_bsp.a(altera_avalon_jtag_uart_read.o)
 .bss           0x0000000000025850        0x0 ../nios_led2_bsp//libhal_bsp.a(altera_avalon_jtag_uart_write.o)
 .bss           0x0000000000025850        0x0 ../nios_led2_bsp//libhal_bsp.a(altera_avalon_timer_sc.o)
 .bss           0x0000000000025850        0x0 ../nios_led2_bsp//libhal_bsp.a(alt_alarm_start.o)
 .bss           0x0000000000025850        0x0 ../nios_led2_bsp//libhal_bsp.a(alt_close.o)
 .bss           0x0000000000025850        0x0 ../nios_led2_bsp//libhal_bsp.a(alt_dcache_flush_all.o)
 .bss           0x0000000000025850        0x0 ../nios_led2_bsp//libhal_bsp.a(alt_dev.o)
 .bss           0x0000000000025850        0x0 ../nios_led2_bsp//libhal_bsp.a(alt_dev_llist_insert.o)
 .bss           0x0000000000025850        0x0 ../nios_led2_bsp//libhal_bsp.a(alt_do_ctors.o)
 .bss           0x0000000000025850        0x0 ../nios_led2_bsp//libhal_bsp.a(alt_do_dtors.o)
 .bss           0x0000000000025850        0x0 ../nios_led2_bsp//libhal_bsp.a(alt_errno.o)
 .bss           0x0000000000025850        0x0 ../nios_led2_bsp//libhal_bsp.a(alt_icache_flush_all.o)
 .bss           0x0000000000025850        0x0 ../nios_led2_bsp//libhal_bsp.a(alt_iic.o)
 .bss           0x0000000000025850        0x0 ../nios_led2_bsp//libhal_bsp.a(alt_iic_isr_register.o)
 .bss           0x0000000000025850        0x0 ../nios_led2_bsp//libhal_bsp.a(alt_io_redirect.o)
 .bss           0x0000000000025850        0x0 ../nios_led2_bsp//libhal_bsp.a(alt_irq_entry.o)
 .bss           0x0000000000025850      0x100 ../nios_led2_bsp//libhal_bsp.a(alt_irq_handler.o)
                0x0000000000025850                alt_irq
 .bss           0x0000000000025950        0x0 ../nios_led2_bsp//libhal_bsp.a(alt_irq_vars.o)
 .bss           0x0000000000025950        0x0 ../nios_led2_bsp//libhal_bsp.a(alt_open.o)
 .bss           0x0000000000025950        0x0 ../nios_led2_bsp//libhal_bsp.a(alt_release_fd.o)
 .bss           0x0000000000025950        0x0 ../nios_led2_bsp//libhal_bsp.a(alt_tick.o)
 .bss           0x0000000000025950        0x0 ../nios_led2_bsp//libhal_bsp.a(altera_nios2_gen2_irq.o)
 .bss           0x0000000000025950        0x0 ../nios_led2_bsp//libhal_bsp.a(alt_exception_entry.o)
 .bss           0x0000000000025950        0x0 ../nios_led2_bsp//libhal_bsp.a(alt_find_dev.o)
 .bss           0x0000000000025950        0x0 ../nios_led2_bsp//libhal_bsp.a(alt_find_file.o)
 .bss           0x0000000000025950        0x0 ../nios_led2_bsp//libhal_bsp.a(alt_get_fd.o)
 .bss           0x0000000000025950        0x0 ../nios_led2_bsp//libhal_bsp.a(alt_instruction_exception_entry.o)
 .bss           0x0000000000025950        0x0 /home/danielcrovo/intelFPGA_lite/21.1/nios2eds/bin/gnu/H-x86_64-pc-linux-gnu/bin/../lib/gcc/nios2-elf/11.2.1/../../../../../H-x86_64-pc-linux-gnu/nios2-elf/lib/mno-hw-mul/libc.a(lib_a-atexit.o)
 .bss           0x0000000000025950        0x0 /home/danielcrovo/intelFPGA_lite/21.1/nios2eds/bin/gnu/H-x86_64-pc-linux-gnu/bin/../lib/gcc/nios2-elf/11.2.1/../../../../../H-x86_64-pc-linux-gnu/nios2-elf/lib/mno-hw-mul/libc.a(lib_a-exit.o)
 .bss           0x0000000000025950        0x0 /home/danielcrovo/intelFPGA_lite/21.1/nios2eds/bin/gnu/H-x86_64-pc-linux-gnu/bin/../lib/gcc/nios2-elf/11.2.1/../../../../../H-x86_64-pc-linux-gnu/nios2-elf/lib/mno-hw-mul/libc.a(lib_a-impure.o)
 .bss           0x0000000000025950        0x0 /home/danielcrovo/intelFPGA_lite/21.1/nios2eds/bin/gnu/H-x86_64-pc-linux-gnu/bin/../lib/gcc/nios2-elf/11.2.1/../../../../../H-x86_64-pc-linux-gnu/nios2-elf/lib/mno-hw-mul/libc.a(lib_a-int_errno.o)
 .bss           0x0000000000025950        0x0 /home/danielcrovo/intelFPGA_lite/21.1/nios2eds/bin/gnu/H-x86_64-pc-linux-gnu/bin/../lib/gcc/nios2-elf/11.2.1/../../../../../H-x86_64-pc-linux-gnu/nios2-elf/lib/mno-hw-mul/libc.a(lib_a-memcmp.o)
 .bss           0x0000000000025950        0x0 /home/danielcrovo/intelFPGA_lite/21.1/nios2eds/bin/gnu/H-x86_64-pc-linux-gnu/bin/../lib/gcc/nios2-elf/11.2.1/../../../../../H-x86_64-pc-linux-gnu/nios2-elf/lib/mno-hw-mul/libc.a(lib_a-strlen.o)
 .bss           0x0000000000025950        0x0 /home/danielcrovo/intelFPGA_lite/21.1/nios2eds/bin/gnu/H-x86_64-pc-linux-gnu/bin/../lib/gcc/nios2-elf/11.2.1/../../../../../H-x86_64-pc-linux-gnu/nios2-elf/lib/mno-hw-mul/libc.a(lib_a-__atexit.o)
 .bss           0x0000000000025950        0x0 /home/danielcrovo/intelFPGA_lite/21.1/nios2eds/bin/gnu/H-x86_64-pc-linux-gnu/bin/../lib/gcc/nios2-elf/11.2.1/../../../../../H-x86_64-pc-linux-gnu/nios2-elf/lib/mno-hw-mul/libc.a(lib_a-__call_atexit.o)
 .bss           0x0000000000025950        0x0 ../nios_led2_bsp//libhal_bsp.a(alt_exit.o)
 *(COMMON)
                0x0000000000025950                . = ALIGN (0x4)
                0x0000000000025950                __bss_end = ABSOLUTE (.)

.onchip_mem     0x0000000000025950        0x0
                [!provide]                        PROVIDE (_alt_partition_onchip_mem_start = ABSOLUTE (.))
 *(.onchip_mem .onchip_mem. onchip_mem.*)
                0x0000000000025950                . = ALIGN (0x4)
                [!provide]                        PROVIDE (_alt_partition_onchip_mem_end = ABSOLUTE (.))
                0x0000000000025950                _end = ABSOLUTE (.)
                0x0000000000025950                end = ABSOLUTE (.)
                0x0000000000025950                __alt_stack_base = ABSOLUTE (.)
                [!provide]                        PROVIDE (_alt_partition_onchip_mem_load_addr = LOADADDR (.onchip_mem))

.stab
 *(.stab)

.stabstr
 *(.stabstr)

.stab.excl
 *(.stab.excl)

.stab.exclstr
 *(.stab.exclstr)

.stab.index
 *(.stab.index)

.stab.indexstr
 *(.stab.indexstr)

.comment        0x0000000000000000       0x2d
 *(.comment)
 .comment       0x0000000000000000       0x2d obj/default/gpio.o
                                         0x2e (size before relaxing)
 .comment       0x000000000000002d       0x2e obj/default/main.o
 .comment       0x000000000000002d       0x2e /home/danielcrovo/intelFPGA_lite/21.1/nios2eds/bin/gnu/H-x86_64-pc-linux-gnu/bin/../lib/gcc/nios2-elf/11.2.1/mno-hw-mul/libgcc.a(lib2-divmod.o)
 .comment       0x000000000000002d       0x2e /home/danielcrovo/intelFPGA_lite/21.1/nios2eds/bin/gnu/H-x86_64-pc-linux-gnu/bin/../lib/gcc/nios2-elf/11.2.1/../../../../../H-x86_64-pc-linux-gnu/nios2-elf/lib/mno-hw-mul/libc.a(lib_a-memcpy.o)
 .comment       0x000000000000002d       0x2e ../nios_led2_bsp//libhal_bsp.a(alt_load.o)
 .comment       0x000000000000002d       0x2e ../nios_led2_bsp//libhal_bsp.a(alt_main.o)
 .comment       0x000000000000002d       0x2e ../nios_led2_bsp//libhal_bsp.a(alt_sys_init.o)
 .comment       0x000000000000002d       0x2e ../nios_led2_bsp//libhal_bsp.a(altera_avalon_jtag_uart_fd.o)
 .comment       0x000000000000002d       0x2e ../nios_led2_bsp//libhal_bsp.a(altera_avalon_jtag_uart_init.o)
 .comment       0x000000000000002d       0x2e ../nios_led2_bsp//libhal_bsp.a(altera_avalon_jtag_uart_ioctl.o)
 .comment       0x000000000000002d       0x2e ../nios_led2_bsp//libhal_bsp.a(altera_avalon_jtag_uart_read.o)
 .comment       0x000000000000002d       0x2e ../nios_led2_bsp//libhal_bsp.a(altera_avalon_jtag_uart_write.o)
 .comment       0x000000000000002d       0x2e ../nios_led2_bsp//libhal_bsp.a(altera_avalon_timer_sc.o)
 .comment       0x000000000000002d       0x2e ../nios_led2_bsp//libhal_bsp.a(alt_alarm_start.o)
 .comment       0x000000000000002d       0x2e ../nios_led2_bsp//libhal_bsp.a(alt_close.o)
 .comment       0x000000000000002d       0x2e ../nios_led2_bsp//libhal_bsp.a(alt_dcache_flush_all.o)
 .comment       0x000000000000002d       0x2e ../nios_led2_bsp//libhal_bsp.a(alt_dev.o)
 .comment       0x000000000000002d       0x2e ../nios_led2_bsp//libhal_bsp.a(alt_dev_llist_insert.o)
 .comment       0x000000000000002d       0x2e ../nios_led2_bsp//libhal_bsp.a(alt_do_ctors.o)
 .comment       0x000000000000002d       0x2e ../nios_led2_bsp//libhal_bsp.a(alt_do_dtors.o)
 .comment       0x000000000000002d       0x2e ../nios_led2_bsp//libhal_bsp.a(alt_errno.o)
 .comment       0x000000000000002d       0x2e ../nios_led2_bsp//libhal_bsp.a(alt_icache_flush_all.o)
 .comment       0x000000000000002d       0x2e ../nios_led2_bsp//libhal_bsp.a(alt_iic.o)
 .comment       0x000000000000002d       0x2e ../nios_led2_bsp//libhal_bsp.a(alt_iic_isr_register.o)
 .comment       0x000000000000002d       0x2e ../nios_led2_bsp//libhal_bsp.a(alt_io_redirect.o)
 .comment       0x000000000000002d       0x2e ../nios_led2_bsp//libhal_bsp.a(alt_irq_handler.o)
 .comment       0x000000000000002d       0x2e ../nios_led2_bsp//libhal_bsp.a(alt_irq_vars.o)
 .comment       0x000000000000002d       0x2e ../nios_led2_bsp//libhal_bsp.a(alt_open.o)
 .comment       0x000000000000002d       0x2e ../nios_led2_bsp//libhal_bsp.a(alt_release_fd.o)
 .comment       0x000000000000002d       0x2e ../nios_led2_bsp//libhal_bsp.a(alt_tick.o)
 .comment       0x000000000000002d       0x2e ../nios_led2_bsp//libhal_bsp.a(altera_nios2_gen2_irq.o)
 .comment       0x000000000000002d       0x2e ../nios_led2_bsp//libhal_bsp.a(alt_find_dev.o)
 .comment       0x000000000000002d       0x2e ../nios_led2_bsp//libhal_bsp.a(alt_find_file.o)
 .comment       0x000000000000002d       0x2e ../nios_led2_bsp//libhal_bsp.a(alt_get_fd.o)
 .comment       0x000000000000002d       0x2e ../nios_led2_bsp//libhal_bsp.a(alt_instruction_exception_entry.o)
 .comment       0x000000000000002d       0x2e /home/danielcrovo/intelFPGA_lite/21.1/nios2eds/bin/gnu/H-x86_64-pc-linux-gnu/bin/../lib/gcc/nios2-elf/11.2.1/../../../../../H-x86_64-pc-linux-gnu/nios2-elf/lib/mno-hw-mul/libc.a(lib_a-atexit.o)
 .comment       0x000000000000002d       0x2e /home/danielcrovo/intelFPGA_lite/21.1/nios2eds/bin/gnu/H-x86_64-pc-linux-gnu/bin/../lib/gcc/nios2-elf/11.2.1/../../../../../H-x86_64-pc-linux-gnu/nios2-elf/lib/mno-hw-mul/libc.a(lib_a-exit.o)
 .comment       0x000000000000002d       0x2e /home/danielcrovo/intelFPGA_lite/21.1/nios2eds/bin/gnu/H-x86_64-pc-linux-gnu/bin/../lib/gcc/nios2-elf/11.2.1/../../../../../H-x86_64-pc-linux-gnu/nios2-elf/lib/mno-hw-mul/libc.a(lib_a-impure.o)
 .comment       0x000000000000002d       0x2e /home/danielcrovo/intelFPGA_lite/21.1/nios2eds/bin/gnu/H-x86_64-pc-linux-gnu/bin/../lib/gcc/nios2-elf/11.2.1/../../../../../H-x86_64-pc-linux-gnu/nios2-elf/lib/mno-hw-mul/libc.a(lib_a-int_errno.o)
 .comment       0x000000000000002d       0x2e /home/danielcrovo/intelFPGA_lite/21.1/nios2eds/bin/gnu/H-x86_64-pc-linux-gnu/bin/../lib/gcc/nios2-elf/11.2.1/../../../../../H-x86_64-pc-linux-gnu/nios2-elf/lib/mno-hw-mul/libc.a(lib_a-memcmp.o)
 .comment       0x000000000000002d       0x2e /home/danielcrovo/intelFPGA_lite/21.1/nios2eds/bin/gnu/H-x86_64-pc-linux-gnu/bin/../lib/gcc/nios2-elf/11.2.1/../../../../../H-x86_64-pc-linux-gnu/nios2-elf/lib/mno-hw-mul/libc.a(lib_a-strlen.o)
 .comment       0x000000000000002d       0x2e /home/danielcrovo/intelFPGA_lite/21.1/nios2eds/bin/gnu/H-x86_64-pc-linux-gnu/bin/../lib/gcc/nios2-elf/11.2.1/../../../../../H-x86_64-pc-linux-gnu/nios2-elf/lib/mno-hw-mul/libc.a(lib_a-__atexit.o)
 .comment       0x000000000000002d       0x2e /home/danielcrovo/intelFPGA_lite/21.1/nios2eds/bin/gnu/H-x86_64-pc-linux-gnu/bin/../lib/gcc/nios2-elf/11.2.1/../../../../../H-x86_64-pc-linux-gnu/nios2-elf/lib/mno-hw-mul/libc.a(lib_a-__call_atexit.o)
 .comment       0x000000000000002d       0x2e ../nios_led2_bsp//libhal_bsp.a(alt_exit.o)

.debug
 *(.debug)

.line
 *(.line)

.debug_srcinfo
 *(.debug_srcinfo)

.debug_sfnames
 *(.debug_sfnames)

.debug_aranges  0x0000000000000000      0x5f0
 *(.debug_aranges)
 .debug_aranges
                0x0000000000000000       0x28 ../nios_led2_bsp//obj/HAL/src/crt0.o
 .debug_aranges
                0x0000000000000028       0x20 obj/default/gpio.o
 .debug_aranges
                0x0000000000000048       0x20 obj/default/main.o
 .debug_aranges
                0x0000000000000068       0x20 /home/danielcrovo/intelFPGA_lite/21.1/nios2eds/bin/gnu/H-x86_64-pc-linux-gnu/bin/../lib/gcc/nios2-elf/11.2.1/mno-hw-mul/libgcc.a(lib2-divmod.o)
 .debug_aranges
                0x0000000000000088       0x20 /home/danielcrovo/intelFPGA_lite/21.1/nios2eds/bin/gnu/H-x86_64-pc-linux-gnu/bin/../lib/gcc/nios2-elf/11.2.1/../../../../../H-x86_64-pc-linux-gnu/nios2-elf/lib/mno-hw-mul/libc.a(lib_a-memcpy.o)
 .debug_aranges
                0x00000000000000a8       0x20 ../nios_led2_bsp//libhal_bsp.a(alt_load.o)
 .debug_aranges
                0x00000000000000c8       0x20 ../nios_led2_bsp//libhal_bsp.a(alt_main.o)
 .debug_aranges
                0x00000000000000e8       0x20 ../nios_led2_bsp//libhal_bsp.a(alt_sys_init.o)
 .debug_aranges
                0x0000000000000108       0x20 ../nios_led2_bsp//libhal_bsp.a(altera_avalon_jtag_uart_fd.o)
 .debug_aranges
                0x0000000000000128       0x20 ../nios_led2_bsp//libhal_bsp.a(altera_avalon_jtag_uart_init.o)
 .debug_aranges
                0x0000000000000148       0x20 ../nios_led2_bsp//libhal_bsp.a(altera_avalon_jtag_uart_ioctl.o)
 .debug_aranges
                0x0000000000000168       0x20 ../nios_led2_bsp//libhal_bsp.a(altera_avalon_jtag_uart_read.o)
 .debug_aranges
                0x0000000000000188       0x20 ../nios_led2_bsp//libhal_bsp.a(altera_avalon_jtag_uart_write.o)
 .debug_aranges
                0x00000000000001a8       0x20 ../nios_led2_bsp//libhal_bsp.a(altera_avalon_timer_sc.o)
 .debug_aranges
                0x00000000000001c8       0x20 ../nios_led2_bsp//libhal_bsp.a(alt_alarm_start.o)
 .debug_aranges
                0x00000000000001e8       0x20 ../nios_led2_bsp//libhal_bsp.a(alt_close.o)
 .debug_aranges
                0x0000000000000208       0x20 ../nios_led2_bsp//libhal_bsp.a(alt_dcache_flush_all.o)
 .debug_aranges
                0x0000000000000228       0x20 ../nios_led2_bsp//libhal_bsp.a(alt_dev.o)
 .debug_aranges
                0x0000000000000248       0x20 ../nios_led2_bsp//libhal_bsp.a(alt_dev_llist_insert.o)
 .debug_aranges
                0x0000000000000268       0x20 ../nios_led2_bsp//libhal_bsp.a(alt_do_ctors.o)
 .debug_aranges
                0x0000000000000288       0x20 ../nios_led2_bsp//libhal_bsp.a(alt_do_dtors.o)
 .debug_aranges
                0x00000000000002a8       0x18 ../nios_led2_bsp//libhal_bsp.a(alt_errno.o)
 .debug_aranges
                0x00000000000002c0       0x20 ../nios_led2_bsp//libhal_bsp.a(alt_icache_flush_all.o)
 .debug_aranges
                0x00000000000002e0       0x20 ../nios_led2_bsp//libhal_bsp.a(alt_iic.o)
 .debug_aranges
                0x0000000000000300       0x20 ../nios_led2_bsp//libhal_bsp.a(alt_iic_isr_register.o)
 .debug_aranges
                0x0000000000000320       0x20 ../nios_led2_bsp//libhal_bsp.a(alt_io_redirect.o)
 .debug_aranges
                0x0000000000000340       0x30 ../nios_led2_bsp//libhal_bsp.a(alt_irq_entry.o)
 .debug_aranges
                0x0000000000000370       0x20 ../nios_led2_bsp//libhal_bsp.a(alt_irq_handler.o)
 .debug_aranges
                0x0000000000000390       0x18 ../nios_led2_bsp//libhal_bsp.a(alt_irq_vars.o)
 .debug_aranges
                0x00000000000003a8       0x20 ../nios_led2_bsp//libhal_bsp.a(alt_open.o)
 .debug_aranges
                0x00000000000003c8       0x20 ../nios_led2_bsp//libhal_bsp.a(alt_release_fd.o)
 .debug_aranges
                0x00000000000003e8       0x20 ../nios_led2_bsp//libhal_bsp.a(alt_tick.o)
 .debug_aranges
                0x0000000000000408       0x20 ../nios_led2_bsp//libhal_bsp.a(altera_nios2_gen2_irq.o)
 .debug_aranges
                0x0000000000000428       0x30 ../nios_led2_bsp//libhal_bsp.a(alt_exception_entry.o)
 .debug_aranges
                0x0000000000000458       0x20 ../nios_led2_bsp//libhal_bsp.a(alt_find_dev.o)
 .debug_aranges
                0x0000000000000478       0x20 ../nios_led2_bsp//libhal_bsp.a(alt_find_file.o)
 .debug_aranges
                0x0000000000000498       0x20 ../nios_led2_bsp//libhal_bsp.a(alt_get_fd.o)
 .debug_aranges
                0x00000000000004b8       0x28 ../nios_led2_bsp//libhal_bsp.a(alt_instruction_exception_entry.o)
 .debug_aranges
                0x00000000000004e0       0x20 /home/danielcrovo/intelFPGA_lite/21.1/nios2eds/bin/gnu/H-x86_64-pc-linux-gnu/bin/../lib/gcc/nios2-elf/11.2.1/../../../../../H-x86_64-pc-linux-gnu/nios2-elf/lib/mno-hw-mul/libc.a(lib_a-atexit.o)
 .debug_aranges
                0x0000000000000500       0x20 /home/danielcrovo/intelFPGA_lite/21.1/nios2eds/bin/gnu/H-x86_64-pc-linux-gnu/bin/../lib/gcc/nios2-elf/11.2.1/../../../../../H-x86_64-pc-linux-gnu/nios2-elf/lib/mno-hw-mul/libc.a(lib_a-exit.o)
 .debug_aranges
                0x0000000000000520       0x18 /home/danielcrovo/intelFPGA_lite/21.1/nios2eds/bin/gnu/H-x86_64-pc-linux-gnu/bin/../lib/gcc/nios2-elf/11.2.1/../../../../../H-x86_64-pc-linux-gnu/nios2-elf/lib/mno-hw-mul/libc.a(lib_a-impure.o)
 .debug_aranges
                0x0000000000000538       0x18 /home/danielcrovo/intelFPGA_lite/21.1/nios2eds/bin/gnu/H-x86_64-pc-linux-gnu/bin/../lib/gcc/nios2-elf/11.2.1/../../../../../H-x86_64-pc-linux-gnu/nios2-elf/lib/mno-hw-mul/libc.a(lib_a-int_errno.o)
 .debug_aranges
                0x0000000000000550       0x20 /home/danielcrovo/intelFPGA_lite/21.1/nios2eds/bin/gnu/H-x86_64-pc-linux-gnu/bin/../lib/gcc/nios2-elf/11.2.1/../../../../../H-x86_64-pc-linux-gnu/nios2-elf/lib/mno-hw-mul/libc.a(lib_a-memcmp.o)
 .debug_aranges
                0x0000000000000570       0x20 /home/danielcrovo/intelFPGA_lite/21.1/nios2eds/bin/gnu/H-x86_64-pc-linux-gnu/bin/../lib/gcc/nios2-elf/11.2.1/../../../../../H-x86_64-pc-linux-gnu/nios2-elf/lib/mno-hw-mul/libc.a(lib_a-strlen.o)
 .debug_aranges
                0x0000000000000590       0x20 /home/danielcrovo/intelFPGA_lite/21.1/nios2eds/bin/gnu/H-x86_64-pc-linux-gnu/bin/../lib/gcc/nios2-elf/11.2.1/../../../../../H-x86_64-pc-linux-gnu/nios2-elf/lib/mno-hw-mul/libc.a(lib_a-__atexit.o)
 .debug_aranges
                0x00000000000005b0       0x20 /home/danielcrovo/intelFPGA_lite/21.1/nios2eds/bin/gnu/H-x86_64-pc-linux-gnu/bin/../lib/gcc/nios2-elf/11.2.1/../../../../../H-x86_64-pc-linux-gnu/nios2-elf/lib/mno-hw-mul/libc.a(lib_a-__call_atexit.o)
 .debug_aranges
                0x00000000000005d0       0x20 ../nios_led2_bsp//libhal_bsp.a(alt_exit.o)

.debug_pubnames
 *(.debug_pubnames)

.debug_info     0x0000000000000000     0x81dc
 *(.debug_info .gnu.linkonce.wi.*)
 .debug_info    0x0000000000000000       0x22 ../nios_led2_bsp//obj/HAL/src/crt0.o
 .debug_info    0x0000000000000022      0x1e3 obj/default/gpio.o
 .debug_info    0x0000000000000205      0x2f1 obj/default/main.o
 .debug_info    0x00000000000004f6      0x347 /home/danielcrovo/intelFPGA_lite/21.1/nios2eds/bin/gnu/H-x86_64-pc-linux-gnu/bin/../lib/gcc/nios2-elf/11.2.1/mno-hw-mul/libgcc.a(lib2-divmod.o)
 .debug_info    0x000000000000083d      0x157 /home/danielcrovo/intelFPGA_lite/21.1/nios2eds/bin/gnu/H-x86_64-pc-linux-gnu/bin/../lib/gcc/nios2-elf/11.2.1/../../../../../H-x86_64-pc-linux-gnu/nios2-elf/lib/mno-hw-mul/libc.a(lib_a-memcpy.o)
 .debug_info    0x0000000000000994      0x144 ../nios_led2_bsp//libhal_bsp.a(alt_load.o)
 .debug_info    0x0000000000000ad8      0x19d ../nios_led2_bsp//libhal_bsp.a(alt_main.o)
 .debug_info    0x0000000000000c75      0x596 ../nios_led2_bsp//libhal_bsp.a(alt_sys_init.o)
 .debug_info    0x000000000000120b      0x593 ../nios_led2_bsp//libhal_bsp.a(altera_avalon_jtag_uart_fd.o)
 .debug_info    0x000000000000179e      0x422 ../nios_led2_bsp//libhal_bsp.a(altera_avalon_jtag_uart_init.o)
 .debug_info    0x0000000000001bc0      0x25f ../nios_led2_bsp//libhal_bsp.a(altera_avalon_jtag_uart_ioctl.o)
 .debug_info    0x0000000000001e1f      0x358 ../nios_led2_bsp//libhal_bsp.a(altera_avalon_jtag_uart_read.o)
 .debug_info    0x0000000000002177      0x354 ../nios_led2_bsp//libhal_bsp.a(altera_avalon_jtag_uart_write.o)
 .debug_info    0x00000000000024cb      0x21d ../nios_led2_bsp//libhal_bsp.a(altera_avalon_timer_sc.o)
 .debug_info    0x00000000000026e8      0x2b9 ../nios_led2_bsp//libhal_bsp.a(alt_alarm_start.o)
 .debug_info    0x00000000000029a1      0x32f ../nios_led2_bsp//libhal_bsp.a(alt_close.o)
 .debug_info    0x0000000000002cd0       0x8d ../nios_led2_bsp//libhal_bsp.a(alt_dcache_flush_all.o)
 .debug_info    0x0000000000002d5d      0x567 ../nios_led2_bsp//libhal_bsp.a(alt_dev.o)
 .debug_info    0x00000000000032c4      0x1a8 ../nios_led2_bsp//libhal_bsp.a(alt_dev_llist_insert.o)
 .debug_info    0x000000000000346c       0x83 ../nios_led2_bsp//libhal_bsp.a(alt_do_ctors.o)
 .debug_info    0x00000000000034ef       0x83 ../nios_led2_bsp//libhal_bsp.a(alt_do_dtors.o)
 .debug_info    0x0000000000003572       0xa8 ../nios_led2_bsp//libhal_bsp.a(alt_errno.o)
 .debug_info    0x000000000000361a       0x8d ../nios_led2_bsp//libhal_bsp.a(alt_icache_flush_all.o)
 .debug_info    0x00000000000036a7      0x339 ../nios_led2_bsp//libhal_bsp.a(alt_iic.o)
 .debug_info    0x00000000000039e0      0x218 ../nios_led2_bsp//libhal_bsp.a(alt_iic_isr_register.o)
 .debug_info    0x0000000000003bf8      0x561 ../nios_led2_bsp//libhal_bsp.a(alt_io_redirect.o)
 .debug_info    0x0000000000004159       0x22 ../nios_led2_bsp//libhal_bsp.a(alt_irq_entry.o)
 .debug_info    0x000000000000417b      0x170 ../nios_led2_bsp//libhal_bsp.a(alt_irq_handler.o)
 .debug_info    0x00000000000042eb       0x88 ../nios_led2_bsp//libhal_bsp.a(alt_irq_vars.o)
 .debug_info    0x0000000000004373      0x415 ../nios_led2_bsp//libhal_bsp.a(alt_open.o)
 .debug_info    0x0000000000004788      0x2ac ../nios_led2_bsp//libhal_bsp.a(alt_release_fd.o)
 .debug_info    0x0000000000004a34      0x29e ../nios_led2_bsp//libhal_bsp.a(alt_tick.o)
 .debug_info    0x0000000000004cd2       0x8d ../nios_led2_bsp//libhal_bsp.a(altera_nios2_gen2_irq.o)
 .debug_info    0x0000000000004d5f       0x22 ../nios_led2_bsp//libhal_bsp.a(alt_exception_entry.o)
 .debug_info    0x0000000000004d81      0x323 ../nios_led2_bsp//libhal_bsp.a(alt_find_dev.o)
 .debug_info    0x00000000000050a4      0x324 ../nios_led2_bsp//libhal_bsp.a(alt_find_file.o)
 .debug_info    0x00000000000053c8      0x309 ../nios_led2_bsp//libhal_bsp.a(alt_get_fd.o)
 .debug_info    0x00000000000056d1      0x1e8 ../nios_led2_bsp//libhal_bsp.a(alt_instruction_exception_entry.o)
 .debug_info    0x00000000000058b9      0x118 /home/danielcrovo/intelFPGA_lite/21.1/nios2eds/bin/gnu/H-x86_64-pc-linux-gnu/bin/../lib/gcc/nios2-elf/11.2.1/../../../../../H-x86_64-pc-linux-gnu/nios2-elf/lib/mno-hw-mul/libc.a(lib_a-atexit.o)
 .debug_info    0x00000000000059d1      0x90e /home/danielcrovo/intelFPGA_lite/21.1/nios2eds/bin/gnu/H-x86_64-pc-linux-gnu/bin/../lib/gcc/nios2-elf/11.2.1/../../../../../H-x86_64-pc-linux-gnu/nios2-elf/lib/mno-hw-mul/libc.a(lib_a-exit.o)
 .debug_info    0x00000000000062df      0x8c0 /home/danielcrovo/intelFPGA_lite/21.1/nios2eds/bin/gnu/H-x86_64-pc-linux-gnu/bin/../lib/gcc/nios2-elf/11.2.1/../../../../../H-x86_64-pc-linux-gnu/nios2-elf/lib/mno-hw-mul/libc.a(lib_a-impure.o)
 .debug_info    0x0000000000006b9f       0x85 /home/danielcrovo/intelFPGA_lite/21.1/nios2eds/bin/gnu/H-x86_64-pc-linux-gnu/bin/../lib/gcc/nios2-elf/11.2.1/../../../../../H-x86_64-pc-linux-gnu/nios2-elf/lib/mno-hw-mul/libc.a(lib_a-int_errno.o)
 .debug_info    0x0000000000006c24      0x12b /home/danielcrovo/intelFPGA_lite/21.1/nios2eds/bin/gnu/H-x86_64-pc-linux-gnu/bin/../lib/gcc/nios2-elf/11.2.1/../../../../../H-x86_64-pc-linux-gnu/nios2-elf/lib/mno-hw-mul/libc.a(lib_a-memcmp.o)
 .debug_info    0x0000000000006d4f       0xeb /home/danielcrovo/intelFPGA_lite/21.1/nios2eds/bin/gnu/H-x86_64-pc-linux-gnu/bin/../lib/gcc/nios2-elf/11.2.1/../../../../../H-x86_64-pc-linux-gnu/nios2-elf/lib/mno-hw-mul/libc.a(lib_a-strlen.o)
 .debug_info    0x0000000000006e3a      0x93f /home/danielcrovo/intelFPGA_lite/21.1/nios2eds/bin/gnu/H-x86_64-pc-linux-gnu/bin/../lib/gcc/nios2-elf/11.2.1/../../../../../H-x86_64-pc-linux-gnu/nios2-elf/lib/mno-hw-mul/libc.a(lib_a-__atexit.o)
 .debug_info    0x0000000000007779      0x981 /home/danielcrovo/intelFPGA_lite/21.1/nios2eds/bin/gnu/H-x86_64-pc-linux-gnu/bin/../lib/gcc/nios2-elf/11.2.1/../../../../../H-x86_64-pc-linux-gnu/nios2-elf/lib/mno-hw-mul/libc.a(lib_a-__call_atexit.o)
 .debug_info    0x00000000000080fa       0xe2 ../nios_led2_bsp//libhal_bsp.a(alt_exit.o)

.debug_abbrev   0x0000000000000000     0x32dd
 *(.debug_abbrev)
 .debug_abbrev  0x0000000000000000       0x12 ../nios_led2_bsp//obj/HAL/src/crt0.o
 .debug_abbrev  0x0000000000000012       0xdf obj/default/gpio.o
 .debug_abbrev  0x00000000000000f1      0x18d obj/default/main.o
 .debug_abbrev  0x000000000000027e      0x10c /home/danielcrovo/intelFPGA_lite/21.1/nios2eds/bin/gnu/H-x86_64-pc-linux-gnu/bin/../lib/gcc/nios2-elf/11.2.1/mno-hw-mul/libgcc.a(lib2-divmod.o)
 .debug_abbrev  0x000000000000038a       0xb9 /home/danielcrovo/intelFPGA_lite/21.1/nios2eds/bin/gnu/H-x86_64-pc-linux-gnu/bin/../lib/gcc/nios2-elf/11.2.1/../../../../../H-x86_64-pc-linux-gnu/nios2-elf/lib/mno-hw-mul/libc.a(lib_a-memcpy.o)
 .debug_abbrev  0x0000000000000443       0xc2 ../nios_led2_bsp//libhal_bsp.a(alt_load.o)
 .debug_abbrev  0x0000000000000505       0xfb ../nios_led2_bsp//libhal_bsp.a(alt_main.o)
 .debug_abbrev  0x0000000000000600      0x1e8 ../nios_led2_bsp//libhal_bsp.a(alt_sys_init.o)
 .debug_abbrev  0x00000000000007e8      0x166 ../nios_led2_bsp//libhal_bsp.a(altera_avalon_jtag_uart_fd.o)
 .debug_abbrev  0x000000000000094e      0x1e4 ../nios_led2_bsp//libhal_bsp.a(altera_avalon_jtag_uart_init.o)
 .debug_abbrev  0x0000000000000b32      0x114 ../nios_led2_bsp//libhal_bsp.a(altera_avalon_jtag_uart_ioctl.o)
 .debug_abbrev  0x0000000000000c46      0x1d1 ../nios_led2_bsp//libhal_bsp.a(altera_avalon_jtag_uart_read.o)
 .debug_abbrev  0x0000000000000e17      0x1cf ../nios_led2_bsp//libhal_bsp.a(altera_avalon_jtag_uart_write.o)
 .debug_abbrev  0x0000000000000fe6      0x18f ../nios_led2_bsp//libhal_bsp.a(altera_avalon_timer_sc.o)
 .debug_abbrev  0x0000000000001175      0x191 ../nios_led2_bsp//libhal_bsp.a(alt_alarm_start.o)
 .debug_abbrev  0x0000000000001306      0x147 ../nios_led2_bsp//libhal_bsp.a(alt_close.o)
 .debug_abbrev  0x000000000000144d       0x43 ../nios_led2_bsp//libhal_bsp.a(alt_dcache_flush_all.o)
 .debug_abbrev  0x0000000000001490      0x11b ../nios_led2_bsp//libhal_bsp.a(alt_dev.o)
 .debug_abbrev  0x00000000000015ab      0x12b ../nios_led2_bsp//libhal_bsp.a(alt_dev_llist_insert.o)
 .debug_abbrev  0x00000000000016d6       0x83 ../nios_led2_bsp//libhal_bsp.a(alt_do_ctors.o)
 .debug_abbrev  0x0000000000001759       0x83 ../nios_led2_bsp//libhal_bsp.a(alt_do_dtors.o)
 .debug_abbrev  0x00000000000017dc       0x70 ../nios_led2_bsp//libhal_bsp.a(alt_errno.o)
 .debug_abbrev  0x000000000000184c       0x43 ../nios_led2_bsp//libhal_bsp.a(alt_icache_flush_all.o)
 .debug_abbrev  0x000000000000188f      0x1a9 ../nios_led2_bsp//libhal_bsp.a(alt_iic.o)
 .debug_abbrev  0x0000000000001a38      0x199 ../nios_led2_bsp//libhal_bsp.a(alt_iic_isr_register.o)
 .debug_abbrev  0x0000000000001bd1      0x157 ../nios_led2_bsp//libhal_bsp.a(alt_io_redirect.o)
 .debug_abbrev  0x0000000000001d28       0x12 ../nios_led2_bsp//libhal_bsp.a(alt_irq_entry.o)
 .debug_abbrev  0x0000000000001d3a      0x12f ../nios_led2_bsp//libhal_bsp.a(alt_irq_handler.o)
 .debug_abbrev  0x0000000000001e69       0x46 ../nios_led2_bsp//libhal_bsp.a(alt_irq_vars.o)
 .debug_abbrev  0x0000000000001eaf      0x191 ../nios_led2_bsp//libhal_bsp.a(alt_open.o)
 .debug_abbrev  0x0000000000002040       0xea ../nios_led2_bsp//libhal_bsp.a(alt_release_fd.o)
 .debug_abbrev  0x000000000000212a      0x17f ../nios_led2_bsp//libhal_bsp.a(alt_tick.o)
 .debug_abbrev  0x00000000000022a9       0x43 ../nios_led2_bsp//libhal_bsp.a(altera_nios2_gen2_irq.o)
 .debug_abbrev  0x00000000000022ec       0x12 ../nios_led2_bsp//libhal_bsp.a(alt_exception_entry.o)
 .debug_abbrev  0x00000000000022fe      0x10c ../nios_led2_bsp//libhal_bsp.a(alt_find_dev.o)
 .debug_abbrev  0x000000000000240a      0x11d ../nios_led2_bsp//libhal_bsp.a(alt_find_file.o)
 .debug_abbrev  0x0000000000002527      0x124 ../nios_led2_bsp//libhal_bsp.a(alt_get_fd.o)
 .debug_abbrev  0x000000000000264b       0xed ../nios_led2_bsp//libhal_bsp.a(alt_instruction_exception_entry.o)
 .debug_abbrev  0x0000000000002738       0xc1 /home/danielcrovo/intelFPGA_lite/21.1/nios2eds/bin/gnu/H-x86_64-pc-linux-gnu/bin/../lib/gcc/nios2-elf/11.2.1/../../../../../H-x86_64-pc-linux-gnu/nios2-elf/lib/mno-hw-mul/libc.a(lib_a-atexit.o)
 .debug_abbrev  0x00000000000027f9      0x23e /home/danielcrovo/intelFPGA_lite/21.1/nios2eds/bin/gnu/H-x86_64-pc-linux-gnu/bin/../lib/gcc/nios2-elf/11.2.1/../../../../../H-x86_64-pc-linux-gnu/nios2-elf/lib/mno-hw-mul/libc.a(lib_a-exit.o)
 .debug_abbrev  0x0000000000002a37      0x1db /home/danielcrovo/intelFPGA_lite/21.1/nios2eds/bin/gnu/H-x86_64-pc-linux-gnu/bin/../lib/gcc/nios2-elf/11.2.1/../../../../../H-x86_64-pc-linux-gnu/nios2-elf/lib/mno-hw-mul/libc.a(lib_a-impure.o)
 .debug_abbrev  0x0000000000002c12       0x39 /home/danielcrovo/intelFPGA_lite/21.1/nios2eds/bin/gnu/H-x86_64-pc-linux-gnu/bin/../lib/gcc/nios2-elf/11.2.1/../../../../../H-x86_64-pc-linux-gnu/nios2-elf/lib/mno-hw-mul/libc.a(lib_a-int_errno.o)
 .debug_abbrev  0x0000000000002c4b       0x90 /home/danielcrovo/intelFPGA_lite/21.1/nios2eds/bin/gnu/H-x86_64-pc-linux-gnu/bin/../lib/gcc/nios2-elf/11.2.1/../../../../../H-x86_64-pc-linux-gnu/nios2-elf/lib/mno-hw-mul/libc.a(lib_a-memcmp.o)
 .debug_abbrev  0x0000000000002cdb       0x90 /home/danielcrovo/intelFPGA_lite/21.1/nios2eds/bin/gnu/H-x86_64-pc-linux-gnu/bin/../lib/gcc/nios2-elf/11.2.1/../../../../../H-x86_64-pc-linux-gnu/nios2-elf/lib/mno-hw-mul/libc.a(lib_a-strlen.o)
 .debug_abbrev  0x0000000000002d6b      0x261 /home/danielcrovo/intelFPGA_lite/21.1/nios2eds/bin/gnu/H-x86_64-pc-linux-gnu/bin/../lib/gcc/nios2-elf/11.2.1/../../../../../H-x86_64-pc-linux-gnu/nios2-elf/lib/mno-hw-mul/libc.a(lib_a-__atexit.o)
 .debug_abbrev  0x0000000000002fcc      0x266 /home/danielcrovo/intelFPGA_lite/21.1/nios2eds/bin/gnu/H-x86_64-pc-linux-gnu/bin/../lib/gcc/nios2-elf/11.2.1/../../../../../H-x86_64-pc-linux-gnu/nios2-elf/lib/mno-hw-mul/libc.a(lib_a-__call_atexit.o)
 .debug_abbrev  0x0000000000003232       0xab ../nios_led2_bsp//libhal_bsp.a(alt_exit.o)

.debug_line     0x0000000000000000     0x24f8
 *(.debug_line)
 .debug_line    0x0000000000000000       0x66 ../nios_led2_bsp//obj/HAL/src/crt0.o
 .debug_line    0x0000000000000066       0xd0 obj/default/gpio.o
 .debug_line    0x0000000000000136      0x152 obj/default/main.o
 .debug_line    0x0000000000000288      0x2da /home/danielcrovo/intelFPGA_lite/21.1/nios2eds/bin/gnu/H-x86_64-pc-linux-gnu/bin/../lib/gcc/nios2-elf/11.2.1/mno-hw-mul/libgcc.a(lib2-divmod.o)
 .debug_line    0x0000000000000562      0x139 /home/danielcrovo/intelFPGA_lite/21.1/nios2eds/bin/gnu/H-x86_64-pc-linux-gnu/bin/../lib/gcc/nios2-elf/11.2.1/../../../../../H-x86_64-pc-linux-gnu/nios2-elf/lib/mno-hw-mul/libc.a(lib_a-memcpy.o)
 .debug_line    0x000000000000069b       0x8f ../nios_led2_bsp//libhal_bsp.a(alt_load.o)
 .debug_line    0x000000000000072a       0x99 ../nios_led2_bsp//libhal_bsp.a(alt_main.o)
 .debug_line    0x00000000000007c3       0xbb ../nios_led2_bsp//libhal_bsp.a(alt_sys_init.o)
 .debug_line    0x000000000000087e       0xb2 ../nios_led2_bsp//libhal_bsp.a(altera_avalon_jtag_uart_fd.o)
 .debug_line    0x0000000000000930      0x1dd ../nios_led2_bsp//libhal_bsp.a(altera_avalon_jtag_uart_init.o)
 .debug_line    0x0000000000000b0d       0xdd ../nios_led2_bsp//libhal_bsp.a(altera_avalon_jtag_uart_ioctl.o)
 .debug_line    0x0000000000000bea      0x156 ../nios_led2_bsp//libhal_bsp.a(altera_avalon_jtag_uart_read.o)
 .debug_line    0x0000000000000d40      0x15c ../nios_led2_bsp//libhal_bsp.a(altera_avalon_jtag_uart_write.o)
 .debug_line    0x0000000000000e9c       0xb1 ../nios_led2_bsp//libhal_bsp.a(altera_avalon_timer_sc.o)
 .debug_line    0x0000000000000f4d       0xed ../nios_led2_bsp//libhal_bsp.a(alt_alarm_start.o)
 .debug_line    0x000000000000103a      0x117 ../nios_led2_bsp//libhal_bsp.a(alt_close.o)
 .debug_line    0x0000000000001151       0x4e ../nios_led2_bsp//libhal_bsp.a(alt_dcache_flush_all.o)
 .debug_line    0x000000000000119f       0x99 ../nios_led2_bsp//libhal_bsp.a(alt_dev.o)
 .debug_line    0x0000000000001238       0xca ../nios_led2_bsp//libhal_bsp.a(alt_dev_llist_insert.o)
 .debug_line    0x0000000000001302       0x69 ../nios_led2_bsp//libhal_bsp.a(alt_do_ctors.o)
 .debug_line    0x000000000000136b       0x69 ../nios_led2_bsp//libhal_bsp.a(alt_do_dtors.o)
 .debug_line    0x00000000000013d4       0x4c ../nios_led2_bsp//libhal_bsp.a(alt_errno.o)
 .debug_line    0x0000000000001420       0x4c ../nios_led2_bsp//libhal_bsp.a(alt_icache_flush_all.o)
 .debug_line    0x000000000000146c       0xf4 ../nios_led2_bsp//libhal_bsp.a(alt_iic.o)
 .debug_line    0x0000000000001560       0xbc ../nios_led2_bsp//libhal_bsp.a(alt_iic_isr_register.o)
 .debug_line    0x000000000000161c       0xc9 ../nios_led2_bsp//libhal_bsp.a(alt_io_redirect.o)
 .debug_line    0x00000000000016e5       0x6b ../nios_led2_bsp//libhal_bsp.a(alt_irq_entry.o)
 .debug_line    0x0000000000001750       0xb4 ../nios_led2_bsp//libhal_bsp.a(alt_irq_handler.o)
 .debug_line    0x0000000000001804       0x43 ../nios_led2_bsp//libhal_bsp.a(alt_irq_vars.o)
 .debug_line    0x0000000000001847      0x157 ../nios_led2_bsp//libhal_bsp.a(alt_open.o)
 .debug_line    0x000000000000199e       0x77 ../nios_led2_bsp//libhal_bsp.a(alt_release_fd.o)
 .debug_line    0x0000000000001a15       0xef ../nios_led2_bsp//libhal_bsp.a(alt_tick.o)
 .debug_line    0x0000000000001b04       0x51 ../nios_led2_bsp//libhal_bsp.a(altera_nios2_gen2_irq.o)
 .debug_line    0x0000000000001b55       0x9d ../nios_led2_bsp//libhal_bsp.a(alt_exception_entry.o)
 .debug_line    0x0000000000001bf2       0xa1 ../nios_led2_bsp//libhal_bsp.a(alt_find_dev.o)
 .debug_line    0x0000000000001c93       0xd7 ../nios_led2_bsp//libhal_bsp.a(alt_find_file.o)
 .debug_line    0x0000000000001d6a       0xb3 ../nios_led2_bsp//libhal_bsp.a(alt_get_fd.o)
 .debug_line    0x0000000000001e1d       0x9a ../nios_led2_bsp//libhal_bsp.a(alt_instruction_exception_entry.o)
 .debug_line    0x0000000000001eb7       0x65 /home/danielcrovo/intelFPGA_lite/21.1/nios2eds/bin/gnu/H-x86_64-pc-linux-gnu/bin/../lib/gcc/nios2-elf/11.2.1/../../../../../H-x86_64-pc-linux-gnu/nios2-elf/lib/mno-hw-mul/libc.a(lib_a-atexit.o)
 .debug_line    0x0000000000001f1c       0xa6 /home/danielcrovo/intelFPGA_lite/21.1/nios2eds/bin/gnu/H-x86_64-pc-linux-gnu/bin/../lib/gcc/nios2-elf/11.2.1/../../../../../H-x86_64-pc-linux-gnu/nios2-elf/lib/mno-hw-mul/libc.a(lib_a-exit.o)
 .debug_line    0x0000000000001fc2       0x56 /home/danielcrovo/intelFPGA_lite/21.1/nios2eds/bin/gnu/H-x86_64-pc-linux-gnu/bin/../lib/gcc/nios2-elf/11.2.1/../../../../../H-x86_64-pc-linux-gnu/nios2-elf/lib/mno-hw-mul/libc.a(lib_a-impure.o)
 .debug_line    0x0000000000002018       0x3a /home/danielcrovo/intelFPGA_lite/21.1/nios2eds/bin/gnu/H-x86_64-pc-linux-gnu/bin/../lib/gcc/nios2-elf/11.2.1/../../../../../H-x86_64-pc-linux-gnu/nios2-elf/lib/mno-hw-mul/libc.a(lib_a-int_errno.o)
 .debug_line    0x0000000000002052       0xe7 /home/danielcrovo/intelFPGA_lite/21.1/nios2eds/bin/gnu/H-x86_64-pc-linux-gnu/bin/../lib/gcc/nios2-elf/11.2.1/../../../../../H-x86_64-pc-linux-gnu/nios2-elf/lib/mno-hw-mul/libc.a(lib_a-memcmp.o)
 .debug_line    0x0000000000002139       0xc6 /home/danielcrovo/intelFPGA_lite/21.1/nios2eds/bin/gnu/H-x86_64-pc-linux-gnu/bin/../lib/gcc/nios2-elf/11.2.1/../../../../../H-x86_64-pc-linux-gnu/nios2-elf/lib/mno-hw-mul/libc.a(lib_a-strlen.o)
 .debug_line    0x00000000000021ff      0x100 /home/danielcrovo/intelFPGA_lite/21.1/nios2eds/bin/gnu/H-x86_64-pc-linux-gnu/bin/../lib/gcc/nios2-elf/11.2.1/../../../../../H-x86_64-pc-linux-gnu/nios2-elf/lib/mno-hw-mul/libc.a(lib_a-__atexit.o)
 .debug_line    0x00000000000022ff      0x17f /home/danielcrovo/intelFPGA_lite/21.1/nios2eds/bin/gnu/H-x86_64-pc-linux-gnu/bin/../lib/gcc/nios2-elf/11.2.1/../../../../../H-x86_64-pc-linux-gnu/nios2-elf/lib/mno-hw-mul/libc.a(lib_a-__call_atexit.o)
 .debug_line    0x000000000000247e       0x7a ../nios_led2_bsp//libhal_bsp.a(alt_exit.o)

.debug_frame    0x0000000000000000      0xc2c
 *(.debug_frame)
 .debug_frame   0x0000000000000000       0xa0 obj/default/gpio.o
 .debug_frame   0x00000000000000a0       0xc8 obj/default/main.o
 .debug_frame   0x0000000000000168       0x50 /home/danielcrovo/intelFPGA_lite/21.1/nios2eds/bin/gnu/H-x86_64-pc-linux-gnu/bin/../lib/gcc/nios2-elf/11.2.1/mno-hw-mul/libgcc.a(lib2-divmod.o)
 .debug_frame   0x00000000000001b8       0x20 /home/danielcrovo/intelFPGA_lite/21.1/nios2eds/bin/gnu/H-x86_64-pc-linux-gnu/bin/../lib/gcc/nios2-elf/11.2.1/../../../../../H-x86_64-pc-linux-gnu/nios2-elf/lib/mno-hw-mul/libc.a(lib_a-memcpy.o)
 .debug_frame   0x00000000000001d8       0x5c ../nios_led2_bsp//libhal_bsp.a(alt_load.o)
 .debug_frame   0x0000000000000234       0x2c ../nios_led2_bsp//libhal_bsp.a(alt_main.o)
 .debug_frame   0x0000000000000260       0x88 ../nios_led2_bsp//libhal_bsp.a(alt_sys_init.o)
 .debug_frame   0x00000000000002e8       0xb0 ../nios_led2_bsp//libhal_bsp.a(altera_avalon_jtag_uart_fd.o)
 .debug_frame   0x0000000000000398       0xa4 ../nios_led2_bsp//libhal_bsp.a(altera_avalon_jtag_uart_init.o)
 .debug_frame   0x000000000000043c       0x34 ../nios_led2_bsp//libhal_bsp.a(altera_avalon_jtag_uart_ioctl.o)
 .debug_frame   0x0000000000000470       0x38 ../nios_led2_bsp//libhal_bsp.a(altera_avalon_jtag_uart_read.o)
 .debug_frame   0x00000000000004a8       0x38 ../nios_led2_bsp//libhal_bsp.a(altera_avalon_jtag_uart_write.o)
 .debug_frame   0x00000000000004e0       0x60 ../nios_led2_bsp//libhal_bsp.a(altera_avalon_timer_sc.o)
 .debug_frame   0x0000000000000540       0x34 ../nios_led2_bsp//libhal_bsp.a(alt_alarm_start.o)
 .debug_frame   0x0000000000000574       0x60 ../nios_led2_bsp//libhal_bsp.a(alt_close.o)
 .debug_frame   0x00000000000005d4       0x34 ../nios_led2_bsp//libhal_bsp.a(alt_dcache_flush_all.o)
 .debug_frame   0x0000000000000608       0x34 ../nios_led2_bsp//libhal_bsp.a(alt_dev.o)
 .debug_frame   0x000000000000063c       0x60 ../nios_led2_bsp//libhal_bsp.a(alt_dev_llist_insert.o)
 .debug_frame   0x000000000000069c       0x38 ../nios_led2_bsp//libhal_bsp.a(alt_do_ctors.o)
 .debug_frame   0x00000000000006d4       0x38 ../nios_led2_bsp//libhal_bsp.a(alt_do_dtors.o)
 .debug_frame   0x000000000000070c       0x34 ../nios_led2_bsp//libhal_bsp.a(alt_icache_flush_all.o)
 .debug_frame   0x0000000000000740       0xa4 ../nios_led2_bsp//libhal_bsp.a(alt_iic.o)
 .debug_frame   0x00000000000007e4       0x38 ../nios_led2_bsp//libhal_bsp.a(alt_iic_isr_register.o)
 .debug_frame   0x000000000000081c       0x60 ../nios_led2_bsp//libhal_bsp.a(alt_io_redirect.o)
 .debug_frame   0x000000000000087c       0x38 ../nios_led2_bsp//libhal_bsp.a(alt_irq_handler.o)
 .debug_frame   0x00000000000008b4       0x84 ../nios_led2_bsp//libhal_bsp.a(alt_open.o)
 .debug_frame   0x0000000000000938       0x34 ../nios_led2_bsp//libhal_bsp.a(alt_release_fd.o)
 .debug_frame   0x000000000000096c       0x64 ../nios_led2_bsp//libhal_bsp.a(alt_tick.o)
 .debug_frame   0x00000000000009d0       0x34 ../nios_led2_bsp//libhal_bsp.a(altera_nios2_gen2_irq.o)
 .debug_frame   0x0000000000000a04       0x38 ../nios_led2_bsp//libhal_bsp.a(alt_find_dev.o)
 .debug_frame   0x0000000000000a3c       0x38 ../nios_led2_bsp//libhal_bsp.a(alt_find_file.o)
 .debug_frame   0x0000000000000a74       0x34 ../nios_led2_bsp//libhal_bsp.a(alt_get_fd.o)
 .debug_frame   0x0000000000000aa8       0x5c ../nios_led2_bsp//libhal_bsp.a(alt_instruction_exception_entry.o)
 .debug_frame   0x0000000000000b04       0x20 /home/danielcrovo/intelFPGA_lite/21.1/nios2eds/bin/gnu/H-x86_64-pc-linux-gnu/bin/../lib/gcc/nios2-elf/11.2.1/../../../../../H-x86_64-pc-linux-gnu/nios2-elf/lib/mno-hw-mul/libc.a(lib_a-atexit.o)
 .debug_frame   0x0000000000000b24       0x28 /home/danielcrovo/intelFPGA_lite/21.1/nios2eds/bin/gnu/H-x86_64-pc-linux-gnu/bin/../lib/gcc/nios2-elf/11.2.1/../../../../../H-x86_64-pc-linux-gnu/nios2-elf/lib/mno-hw-mul/libc.a(lib_a-exit.o)
 .debug_frame   0x0000000000000b4c       0x20 /home/danielcrovo/intelFPGA_lite/21.1/nios2eds/bin/gnu/H-x86_64-pc-linux-gnu/bin/../lib/gcc/nios2-elf/11.2.1/../../../../../H-x86_64-pc-linux-gnu/nios2-elf/lib/mno-hw-mul/libc.a(lib_a-memcmp.o)
 .debug_frame   0x0000000000000b6c       0x20 /home/danielcrovo/intelFPGA_lite/21.1/nios2eds/bin/gnu/H-x86_64-pc-linux-gnu/bin/../lib/gcc/nios2-elf/11.2.1/../../../../../H-x86_64-pc-linux-gnu/nios2-elf/lib/mno-hw-mul/libc.a(lib_a-strlen.o)
 .debug_frame   0x0000000000000b8c       0x20 /home/danielcrovo/intelFPGA_lite/21.1/nios2eds/bin/gnu/H-x86_64-pc-linux-gnu/bin/../lib/gcc/nios2-elf/11.2.1/../../../../../H-x86_64-pc-linux-gnu/nios2-elf/lib/mno-hw-mul/libc.a(lib_a-__atexit.o)
 .debug_frame   0x0000000000000bac       0x54 /home/danielcrovo/intelFPGA_lite/21.1/nios2eds/bin/gnu/H-x86_64-pc-linux-gnu/bin/../lib/gcc/nios2-elf/11.2.1/../../../../../H-x86_64-pc-linux-gnu/nios2-elf/lib/mno-hw-mul/libc.a(lib_a-__call_atexit.o)
 .debug_frame   0x0000000000000c00       0x2c ../nios_led2_bsp//libhal_bsp.a(alt_exit.o)

.debug_str      0x0000000000000000     0x159e
 *(.debug_str)
 .debug_str     0x0000000000000000       0x84 ../nios_led2_bsp//obj/HAL/src/crt0.o
 .debug_str     0x0000000000000084      0x134 obj/default/gpio.o
                                        0x172 (size before relaxing)
 .debug_str     0x00000000000001b8       0x9f obj/default/main.o
                                        0x1dd (size before relaxing)
 .debug_str     0x0000000000000257       0xd7 /home/danielcrovo/intelFPGA_lite/21.1/nios2eds/bin/gnu/H-x86_64-pc-linux-gnu/bin/../lib/gcc/nios2-elf/11.2.1/mno-hw-mul/libgcc.a(lib2-divmod.o)
                                        0x122 (size before relaxing)
 .debug_str     0x000000000000032e       0x97 /home/danielcrovo/intelFPGA_lite/21.1/nios2eds/bin/gnu/H-x86_64-pc-linux-gnu/bin/../lib/gcc/nios2-elf/11.2.1/../../../../../H-x86_64-pc-linux-gnu/nios2-elf/lib/mno-hw-mul/libc.a(lib_a-memcpy.o)
                                        0x133 (size before relaxing)
 .debug_str     0x00000000000003c5      0x100 ../nios_led2_bsp//libhal_bsp.a(alt_load.o)
                                        0x1f0 (size before relaxing)
 .debug_str     0x00000000000004c5       0x6f ../nios_led2_bsp//libhal_bsp.a(alt_main.o)
                                        0x175 (size before relaxing)
 .debug_str     0x0000000000000534      0x26e ../nios_led2_bsp//libhal_bsp.a(alt_sys_init.o)
                                        0x3db (size before relaxing)
 .debug_str     0x00000000000007a2       0x84 ../nios_led2_bsp//libhal_bsp.a(altera_avalon_jtag_uart_fd.o)
                                        0x390 (size before relaxing)
 .debug_str     0x0000000000000826       0xab ../nios_led2_bsp//libhal_bsp.a(altera_avalon_jtag_uart_init.o)
                                        0x2eb (size before relaxing)
 .debug_str     0x00000000000008d1      0x1fe ../nios_led2_bsp//libhal_bsp.a(altera_avalon_jtag_uart_ioctl.o)
 .debug_str     0x00000000000008d1       0x37 ../nios_led2_bsp//libhal_bsp.a(altera_avalon_jtag_uart_read.o)
                                        0x269 (size before relaxing)
 .debug_str     0x0000000000000908       0x37 ../nios_led2_bsp//libhal_bsp.a(altera_avalon_jtag_uart_write.o)
                                        0x269 (size before relaxing)
 .debug_str     0x0000000000000908       0x3d ../nios_led2_bsp//libhal_bsp.a(altera_avalon_timer_sc.o)
                                        0x1da (size before relaxing)
 .debug_str     0x0000000000000945       0x3b ../nios_led2_bsp//libhal_bsp.a(alt_alarm_start.o)
                                        0x223 (size before relaxing)
 .debug_str     0x0000000000000980       0x3f ../nios_led2_bsp//libhal_bsp.a(alt_close.o)
                                        0x1c0 (size before relaxing)
 .debug_str     0x00000000000009bf       0xfd ../nios_led2_bsp//libhal_bsp.a(alt_dcache_flush_all.o)
 .debug_str     0x00000000000009bf      0x137 ../nios_led2_bsp//libhal_bsp.a(alt_dev.o)
                                        0x319 (size before relaxing)
 .debug_str     0x0000000000000af6      0x174 ../nios_led2_bsp//libhal_bsp.a(alt_dev_llist_insert.o)
 .debug_str     0x0000000000000af6       0x27 ../nios_led2_bsp//libhal_bsp.a(alt_do_ctors.o)
                                         0x89 (size before relaxing)
 .debug_str     0x0000000000000b1d       0x2b ../nios_led2_bsp//libhal_bsp.a(alt_do_dtors.o)
                                         0x88 (size before relaxing)
 .debug_str     0x0000000000000b48        0x8 ../nios_led2_bsp//libhal_bsp.a(alt_errno.o)
                                         0xfa (size before relaxing)
 .debug_str     0x0000000000000b50       0xfd ../nios_led2_bsp//libhal_bsp.a(alt_icache_flush_all.o)
 .debug_str     0x0000000000000b50       0x94 ../nios_led2_bsp//libhal_bsp.a(alt_iic.o)
                                        0x1f6 (size before relaxing)
 .debug_str     0x0000000000000be4       0x18 ../nios_led2_bsp//libhal_bsp.a(alt_iic_isr_register.o)
                                        0x1b5 (size before relaxing)
 .debug_str     0x0000000000000bfc       0x2c ../nios_led2_bsp//libhal_bsp.a(alt_io_redirect.o)
                                        0x324 (size before relaxing)
 .debug_str     0x0000000000000c28       0x18 ../nios_led2_bsp//libhal_bsp.a(alt_irq_entry.o)
                                         0x8d (size before relaxing)
 .debug_str     0x0000000000000c40       0x20 ../nios_led2_bsp//libhal_bsp.a(alt_irq_handler.o)
                                        0x144 (size before relaxing)
 .debug_str     0x0000000000000c60       0x12 ../nios_led2_bsp//libhal_bsp.a(alt_irq_vars.o)
                                         0xf3 (size before relaxing)
 .debug_str     0x0000000000000c72       0x42 ../nios_led2_bsp//libhal_bsp.a(alt_open.o)
                                        0x234 (size before relaxing)
 .debug_str     0x0000000000000cb4      0x17d ../nios_led2_bsp//libhal_bsp.a(alt_release_fd.o)
 .debug_str     0x0000000000000cb4       0x2e ../nios_led2_bsp//libhal_bsp.a(alt_tick.o)
                                        0x1fe (size before relaxing)
 .debug_str     0x0000000000000ce2      0x103 ../nios_led2_bsp//libhal_bsp.a(altera_nios2_gen2_irq.o)
 .debug_str     0x0000000000000ce2       0x1e ../nios_led2_bsp//libhal_bsp.a(alt_exception_entry.o)
                                         0x93 (size before relaxing)
 .debug_str     0x0000000000000d00        0xe ../nios_led2_bsp//libhal_bsp.a(alt_find_dev.o)
                                        0x1a4 (size before relaxing)
 .debug_str     0x0000000000000d0e      0x1b1 ../nios_led2_bsp//libhal_bsp.a(alt_find_file.o)
 .debug_str     0x0000000000000d0e       0x10 ../nios_led2_bsp//libhal_bsp.a(alt_get_fd.o)
                                        0x1c1 (size before relaxing)
 .debug_str     0x0000000000000d1e      0x461 ../nios_led2_bsp//libhal_bsp.a(alt_instruction_exception_entry.o)
                                        0x546 (size before relaxing)
 .debug_str     0x000000000000117f       0x44 /home/danielcrovo/intelFPGA_lite/21.1/nios2eds/bin/gnu/H-x86_64-pc-linux-gnu/bin/../lib/gcc/nios2-elf/11.2.1/../../../../../H-x86_64-pc-linux-gnu/nios2-elf/lib/mno-hw-mul/libc.a(lib_a-atexit.o)
                                        0x149 (size before relaxing)
 .debug_str     0x00000000000011c3      0x384 /home/danielcrovo/intelFPGA_lite/21.1/nios2eds/bin/gnu/H-x86_64-pc-linux-gnu/bin/../lib/gcc/nios2-elf/11.2.1/../../../../../H-x86_64-pc-linux-gnu/nios2-elf/lib/mno-hw-mul/libc.a(lib_a-exit.o)
                                        0x4f2 (size before relaxing)
 .debug_str     0x0000000000001547        0xc /home/danielcrovo/intelFPGA_lite/21.1/nios2eds/bin/gnu/H-x86_64-pc-linux-gnu/bin/../lib/gcc/nios2-elf/11.2.1/../../../../../H-x86_64-pc-linux-gnu/nios2-elf/lib/mno-hw-mul/libc.a(lib_a-impure.o)
                                        0x4e9 (size before relaxing)
 .debug_str     0x0000000000001553      0x104 /home/danielcrovo/intelFPGA_lite/21.1/nios2eds/bin/gnu/H-x86_64-pc-linux-gnu/bin/../lib/gcc/nios2-elf/11.2.1/../../../../../H-x86_64-pc-linux-gnu/nios2-elf/lib/mno-hw-mul/libc.a(lib_a-int_errno.o)
 .debug_str     0x0000000000001553      0x10c /home/danielcrovo/intelFPGA_lite/21.1/nios2eds/bin/gnu/H-x86_64-pc-linux-gnu/bin/../lib/gcc/nios2-elf/11.2.1/../../../../../H-x86_64-pc-linux-gnu/nios2-elf/lib/mno-hw-mul/libc.a(lib_a-memcmp.o)
 .debug_str     0x0000000000001553        0xd /home/danielcrovo/intelFPGA_lite/21.1/nios2eds/bin/gnu/H-x86_64-pc-linux-gnu/bin/../lib/gcc/nios2-elf/11.2.1/../../../../../H-x86_64-pc-linux-gnu/nios2-elf/lib/mno-hw-mul/libc.a(lib_a-strlen.o)
                                        0x11f (size before relaxing)
 .debug_str     0x0000000000001560        0xd /home/danielcrovo/intelFPGA_lite/21.1/nios2eds/bin/gnu/H-x86_64-pc-linux-gnu/bin/../lib/gcc/nios2-elf/11.2.1/../../../../../H-x86_64-pc-linux-gnu/nios2-elf/lib/mno-hw-mul/libc.a(lib_a-__atexit.o)
                                        0x51f (size before relaxing)
 .debug_str     0x0000000000001560       0x27 /home/danielcrovo/intelFPGA_lite/21.1/nios2eds/bin/gnu/H-x86_64-pc-linux-gnu/bin/../lib/gcc/nios2-elf/11.2.1/../../../../../H-x86_64-pc-linux-gnu/nios2-elf/lib/mno-hw-mul/libc.a(lib_a-__call_atexit.o)
                                        0x513 (size before relaxing)
 .debug_str     0x0000000000001587       0x17 ../nios_led2_bsp//libhal_bsp.a(alt_exit.o)
                                        0x105 (size before relaxing)

.debug_loc
 *(.debug_loc)

.debug_macinfo
 *(.debug_macinfo)

.debug_weaknames
 *(.debug_weaknames)

.debug_funcnames
 *(.debug_funcnames)

.debug_typenames
 *(.debug_typenames)

.debug_varnames
 *(.debug_varnames)

.debug_alt_sim_info
                0x0000000000000000       0x10
 *(.debug_alt_sim_info)
 .debug_alt_sim_info
                0x0000000000000000       0x10 ../nios_led2_bsp//obj/HAL/src/crt0.o
                0x0000000000040000                __alt_data_end = 0x40000
                0x0000000000040000                PROVIDE (__alt_stack_pointer = __alt_data_end)
                [!provide]                        PROVIDE (__alt_stack_limit = __alt_stack_base)
                [!provide]                        PROVIDE (__alt_heap_start = end)
                [!provide]                        PROVIDE (__alt_heap_limit = 0x40000)
OUTPUT(nios_led2.elf elf32-littlenios2)
LOAD linker stubs

.debug_ranges   0x0000000000000000       0x70
 .debug_ranges  0x0000000000000000       0x20 ../nios_led2_bsp//obj/HAL/src/crt0.o
 .debug_ranges  0x0000000000000020       0x28 ../nios_led2_bsp//libhal_bsp.a(alt_irq_entry.o)
 .debug_ranges  0x0000000000000048       0x28 ../nios_led2_bsp//libhal_bsp.a(alt_exception_entry.o)

.debug_line_str
                0x0000000000000000      0xed0
 .debug_line_str
                0x0000000000000000       0x8f obj/default/gpio.o
                                         0xff (size before relaxing)
 .debug_line_str
                0x000000000000008f        0x7 obj/default/main.o
                                        0x106 (size before relaxing)
 .debug_line_str
                0x0000000000000096       0xfb /home/danielcrovo/intelFPGA_lite/21.1/nios2eds/bin/gnu/H-x86_64-pc-linux-gnu/bin/../lib/gcc/nios2-elf/11.2.1/mno-hw-mul/libgcc.a(lib2-divmod.o)
                                        0x1c8 (size before relaxing)
 .debug_line_str
                0x0000000000000191      0x1f0 /home/danielcrovo/intelFPGA_lite/21.1/nios2eds/bin/gnu/H-x86_64-pc-linux-gnu/bin/../lib/gcc/nios2-elf/11.2.1/../../../../../H-x86_64-pc-linux-gnu/nios2-elf/lib/mno-hw-mul/libc.a(lib_a-memcpy.o)
                                        0x2c9 (size before relaxing)
 .debug_line_str
                0x0000000000000381       0xb0 ../nios_led2_bsp//libhal_bsp.a(alt_load.o)
                                        0x140 (size before relaxing)
 .debug_line_str
                0x0000000000000431      0x129 ../nios_led2_bsp//libhal_bsp.a(alt_main.o)
                                        0x229 (size before relaxing)
 .debug_line_str
                0x000000000000055a       0xb4 ../nios_led2_bsp//libhal_bsp.a(alt_sys_init.o)
                                        0x1e7 (size before relaxing)
 .debug_line_str
                0x000000000000060e       0x35 ../nios_led2_bsp//libhal_bsp.a(altera_avalon_jtag_uart_fd.o)
                                        0x1ed (size before relaxing)
 .debug_line_str
                0x0000000000000643       0x2b ../nios_led2_bsp//libhal_bsp.a(altera_avalon_jtag_uart_init.o)
                                        0x1e5 (size before relaxing)
 .debug_line_str
                0x000000000000066e       0x2c ../nios_led2_bsp//libhal_bsp.a(altera_avalon_jtag_uart_ioctl.o)
                                        0x1cf (size before relaxing)
 .debug_line_str
                0x000000000000069a       0x99 ../nios_led2_bsp//libhal_bsp.a(altera_avalon_jtag_uart_read.o)
                                        0x2c4 (size before relaxing)
 .debug_line_str
                0x0000000000000733       0x2c ../nios_led2_bsp//libhal_bsp.a(altera_avalon_jtag_uart_write.o)
                                        0x2c7 (size before relaxing)
 .debug_line_str
                0x000000000000075f       0x25 ../nios_led2_bsp//libhal_bsp.a(altera_avalon_timer_sc.o)
                                        0x190 (size before relaxing)
 .debug_line_str
                0x0000000000000784       0x1a ../nios_led2_bsp//libhal_bsp.a(alt_alarm_start.o)
                                        0x17b (size before relaxing)
 .debug_line_str
                0x000000000000079e       0x20 ../nios_led2_bsp//libhal_bsp.a(alt_close.o)
                                        0x1d4 (size before relaxing)
 .debug_line_str
                0x00000000000007be       0x1f ../nios_led2_bsp//libhal_bsp.a(alt_dcache_flush_all.o)
                                        0x129 (size before relaxing)
 .debug_line_str
                0x00000000000007dd       0xa8 ../nios_led2_bsp//libhal_bsp.a(alt_dev.o)
                                        0x260 (size before relaxing)
 .debug_line_str
                0x0000000000000885       0x1f ../nios_led2_bsp//libhal_bsp.a(alt_dev_llist_insert.o)
                                        0x16e (size before relaxing)
 .debug_line_str
                0x00000000000008a4       0x17 ../nios_led2_bsp//libhal_bsp.a(alt_do_ctors.o)
                                        0x111 (size before relaxing)
 .debug_line_str
                0x00000000000008bb       0x17 ../nios_led2_bsp//libhal_bsp.a(alt_do_dtors.o)
                                        0x111 (size before relaxing)
 .debug_line_str
                0x00000000000008d2       0x14 ../nios_led2_bsp//libhal_bsp.a(alt_errno.o)
                                        0x18d (size before relaxing)
 .debug_line_str
                0x00000000000008e6       0x1f ../nios_led2_bsp//libhal_bsp.a(alt_icache_flush_all.o)
                                        0x129 (size before relaxing)
 .debug_line_str
                0x0000000000000905       0x3a ../nios_led2_bsp//libhal_bsp.a(alt_iic.o)
                                        0x167 (size before relaxing)
 .debug_line_str
                0x000000000000093f       0x2f ../nios_led2_bsp//libhal_bsp.a(alt_iic_isr_register.o)
                                        0x176 (size before relaxing)
 .debug_line_str
                0x000000000000096e       0x2b ../nios_led2_bsp//libhal_bsp.a(alt_io_redirect.o)
                                        0x289 (size before relaxing)
 .debug_line_str
                0x0000000000000999       0x1a ../nios_led2_bsp//libhal_bsp.a(alt_irq_handler.o)
                                        0x148 (size before relaxing)
 .debug_line_str
                0x00000000000009b3       0x17 ../nios_led2_bsp//libhal_bsp.a(alt_irq_vars.o)
                                        0x127 (size before relaxing)
 .debug_line_str
                0x00000000000009ca       0x13 ../nios_led2_bsp//libhal_bsp.a(alt_open.o)
                                        0x165 (size before relaxing)
 .debug_line_str
                0x00000000000009dd       0x19 ../nios_led2_bsp//libhal_bsp.a(alt_release_fd.o)
                                        0x16b (size before relaxing)
 .debug_line_str
                0x00000000000009f6       0x13 ../nios_led2_bsp//libhal_bsp.a(alt_tick.o)
                                        0x166 (size before relaxing)
 .debug_line_str
                0x0000000000000a09       0x20 ../nios_led2_bsp//libhal_bsp.a(altera_nios2_gen2_irq.o)
                                        0x12c (size before relaxing)
 .debug_line_str
                0x0000000000000a29       0x17 ../nios_led2_bsp//libhal_bsp.a(alt_find_dev.o)
                                        0x22a (size before relaxing)
 .debug_line_str
                0x0000000000000a40       0x18 ../nios_led2_bsp//libhal_bsp.a(alt_find_file.o)
                                        0x247 (size before relaxing)
 .debug_line_str
                0x0000000000000a58       0x15 ../nios_led2_bsp//libhal_bsp.a(alt_get_fd.o)
                                        0x16e (size before relaxing)
 .debug_line_str
                0x0000000000000a6d       0x3b ../nios_led2_bsp//libhal_bsp.a(alt_instruction_exception_entry.o)
                                        0x17f (size before relaxing)
 .debug_line_str
                0x0000000000000aa8      0x10f /home/danielcrovo/intelFPGA_lite/21.1/nios2eds/bin/gnu/H-x86_64-pc-linux-gnu/bin/../lib/gcc/nios2-elf/11.2.1/../../../../../H-x86_64-pc-linux-gnu/nios2-elf/lib/mno-hw-mul/libc.a(lib_a-atexit.o)
                                        0x254 (size before relaxing)
 .debug_line_str
                0x0000000000000bb7       0xb3 /home/danielcrovo/intelFPGA_lite/21.1/nios2eds/bin/gnu/H-x86_64-pc-linux-gnu/bin/../lib/gcc/nios2-elf/11.2.1/../../../../../H-x86_64-pc-linux-gnu/nios2-elf/lib/mno-hw-mul/libc.a(lib_a-exit.o)
                                        0x354 (size before relaxing)
 .debug_line_str
                0x0000000000000c6a      0x103 /home/danielcrovo/intelFPGA_lite/21.1/nios2eds/bin/gnu/H-x86_64-pc-linux-gnu/bin/../lib/gcc/nios2-elf/11.2.1/../../../../../H-x86_64-pc-linux-gnu/nios2-elf/lib/mno-hw-mul/libc.a(lib_a-impure.o)
                                        0x2d7 (size before relaxing)
 .debug_line_str
                0x0000000000000d6d       0x41 /home/danielcrovo/intelFPGA_lite/21.1/nios2eds/bin/gnu/H-x86_64-pc-linux-gnu/bin/../lib/gcc/nios2-elf/11.2.1/../../../../../H-x86_64-pc-linux-gnu/nios2-elf/lib/mno-hw-mul/libc.a(lib_a-int_errno.o)
                                        0x1e3 (size before relaxing)
 .debug_line_str
                0x0000000000000dae       0x3f /home/danielcrovo/intelFPGA_lite/21.1/nios2eds/bin/gnu/H-x86_64-pc-linux-gnu/bin/../lib/gcc/nios2-elf/11.2.1/../../../../../H-x86_64-pc-linux-gnu/nios2-elf/lib/mno-hw-mul/libc.a(lib_a-memcmp.o)
                                        0x2c9 (size before relaxing)
 .debug_line_str
                0x0000000000000ded       0x3f /home/danielcrovo/intelFPGA_lite/21.1/nios2eds/bin/gnu/H-x86_64-pc-linux-gnu/bin/../lib/gcc/nios2-elf/11.2.1/../../../../../H-x86_64-pc-linux-gnu/nios2-elf/lib/mno-hw-mul/libc.a(lib_a-strlen.o)
                                        0x2c9 (size before relaxing)
 .debug_line_str
                0x0000000000000e2c       0x41 /home/danielcrovo/intelFPGA_lite/21.1/nios2eds/bin/gnu/H-x86_64-pc-linux-gnu/bin/../lib/gcc/nios2-elf/11.2.1/../../../../../H-x86_64-pc-linux-gnu/nios2-elf/lib/mno-hw-mul/libc.a(lib_a-__atexit.o)
                                        0x2eb (size before relaxing)
 .debug_line_str
                0x0000000000000e6d       0x46 /home/danielcrovo/intelFPGA_lite/21.1/nios2eds/bin/gnu/H-x86_64-pc-linux-gnu/bin/../lib/gcc/nios2-elf/11.2.1/../../../../../H-x86_64-pc-linux-gnu/nios2-elf/lib/mno-hw-mul/libc.a(lib_a-__call_atexit.o)
                                        0x2f1 (size before relaxing)
 .debug_line_str
                0x0000000000000eb3       0x1d ../nios_led2_bsp//libhal_bsp.a(alt_exit.o)
                                        0x11d (size before relaxing)

.debug_loclists
                0x0000000000000000      0x8e9
 .debug_loclists
                0x0000000000000000      0x364 /home/danielcrovo/intelFPGA_lite/21.1/nios2eds/bin/gnu/H-x86_64-pc-linux-gnu/bin/../lib/gcc/nios2-elf/11.2.1/mno-hw-mul/libgcc.a(lib2-divmod.o)
 .debug_loclists
                0x0000000000000364      0x23b /home/danielcrovo/intelFPGA_lite/21.1/nios2eds/bin/gnu/H-x86_64-pc-linux-gnu/bin/../lib/gcc/nios2-elf/11.2.1/../../../../../H-x86_64-pc-linux-gnu/nios2-elf/lib/mno-hw-mul/libc.a(lib_a-memcpy.o)
 .debug_loclists
                0x000000000000059f       0x2a /home/danielcrovo/intelFPGA_lite/21.1/nios2eds/bin/gnu/H-x86_64-pc-linux-gnu/bin/../lib/gcc/nios2-elf/11.2.1/../../../../../H-x86_64-pc-linux-gnu/nios2-elf/lib/mno-hw-mul/libc.a(lib_a-atexit.o)
 .debug_loclists
                0x00000000000005c9       0x20 /home/danielcrovo/intelFPGA_lite/21.1/nios2eds/bin/gnu/H-x86_64-pc-linux-gnu/bin/../lib/gcc/nios2-elf/11.2.1/../../../../../H-x86_64-pc-linux-gnu/nios2-elf/lib/mno-hw-mul/libc.a(lib_a-exit.o)
 .debug_loclists
                0x00000000000005e9       0xd6 /home/danielcrovo/intelFPGA_lite/21.1/nios2eds/bin/gnu/H-x86_64-pc-linux-gnu/bin/../lib/gcc/nios2-elf/11.2.1/../../../../../H-x86_64-pc-linux-gnu/nios2-elf/lib/mno-hw-mul/libc.a(lib_a-memcmp.o)
 .debug_loclists
                0x00000000000006bf       0x4d /home/danielcrovo/intelFPGA_lite/21.1/nios2eds/bin/gnu/H-x86_64-pc-linux-gnu/bin/../lib/gcc/nios2-elf/11.2.1/../../../../../H-x86_64-pc-linux-gnu/nios2-elf/lib/mno-hw-mul/libc.a(lib_a-strlen.o)
 .debug_loclists
                0x000000000000070c       0xa8 /home/danielcrovo/intelFPGA_lite/21.1/nios2eds/bin/gnu/H-x86_64-pc-linux-gnu/bin/../lib/gcc/nios2-elf/11.2.1/../../../../../H-x86_64-pc-linux-gnu/nios2-elf/lib/mno-hw-mul/libc.a(lib_a-__atexit.o)
 .debug_loclists
                0x00000000000007b4      0x135 /home/danielcrovo/intelFPGA_lite/21.1/nios2eds/bin/gnu/H-x86_64-pc-linux-gnu/bin/../lib/gcc/nios2-elf/11.2.1/../../../../../H-x86_64-pc-linux-gnu/nios2-elf/lib/mno-hw-mul/libc.a(lib_a-__call_atexit.o)

.debug_rnglists
                0x0000000000000000      0x143
 .debug_rnglists
                0x0000000000000000       0x3f /home/danielcrovo/intelFPGA_lite/21.1/nios2eds/bin/gnu/H-x86_64-pc-linux-gnu/bin/../lib/gcc/nios2-elf/11.2.1/mno-hw-mul/libgcc.a(lib2-divmod.o)
 .debug_rnglists
                0x000000000000003f       0x14 /home/danielcrovo/intelFPGA_lite/21.1/nios2eds/bin/gnu/H-x86_64-pc-linux-gnu/bin/../lib/gcc/nios2-elf/11.2.1/../../../../../H-x86_64-pc-linux-gnu/nios2-elf/lib/mno-hw-mul/libc.a(lib_a-memcpy.o)
 .debug_rnglists
                0x0000000000000053       0x22 ../nios_led2_bsp//libhal_bsp.a(altera_avalon_jtag_uart_init.o)