Archive member included to satisfy reference by file (symbol)

/home/danielcrovo/intelFPGA_lite/21.1/nios2eds/bin/gnu/H-x86_64-pc-linux-gnu/bin/../lib/gcc/nios2-elf/11.2.1/mno-hw-mul/libgcc.a(lib2-divmod.o)
                              obj/default/main.o (__divsi3)
/home/danielcrovo/intelFPGA_lite/21.1/nios2eds/bin/gnu/H-x86_64-pc-linux-gnu/bin/../lib/gcc/nios2-elf/11.2.1/../../../../../H-x86_64-pc-linux-gnu/nios2-elf/lib/mno-hw-mul/libc.a(lib_a-memcpy.o)
                              obj/default/main.o (memcpy)
/home/danielcrovo/intelFPGA_lite/21.1/nios2eds/bin/gnu/H-x86_64-pc-linux-gnu/bin/../lib/gcc/nios2-elf/11.2.1/../../../../../H-x86_64-pc-linux-gnu/nios2-elf/lib/mno-hw-mul/libc.a(lib_a-puts.o)
                              obj/default/main.o (puts)
/home/danielcrovo/intelFPGA_lite/21.1/nios2eds/bin/gnu/H-x86_64-pc-linux-gnu/bin/../lib/gcc/nios2-elf/11.2.1/../../../../../H-x86_64-pc-linux-gnu/nios2-elf/lib/mno-hw-mul/libc.a(lib_a-strlen.o)
                              /home/danielcrovo/intelFPGA_lite/21.1/nios2eds/bin/gnu/H-x86_64-pc-linux-gnu/bin/../lib/gcc/nios2-elf/11.2.1/../../../../../H-x86_64-pc-linux-gnu/nios2-elf/lib/mno-hw-mul/libc.a(lib_a-puts.o) (strlen)
/home/danielcrovo/intelFPGA_lite/21.1/nios2eds/bin/gnu/H-x86_64-pc-linux-gnu/bin/../lib/gcc/nios2-elf/11.2.1/../../../../../H-x86_64-pc-linux-gnu/nios2-elf/lib/mno-hw-mul/libc.a(lib_a-findfp.o)
                              /home/danielcrovo/intelFPGA_lite/21.1/nios2eds/bin/gnu/H-x86_64-pc-linux-gnu/bin/../lib/gcc/nios2-elf/11.2.1/../../../../../H-x86_64-pc-linux-gnu/nios2-elf/lib/mno-hw-mul/libc.a(lib_a-puts.o) (__sinit)
/home/danielcrovo/intelFPGA_lite/21.1/nios2eds/bin/gnu/H-x86_64-pc-linux-gnu/bin/../lib/gcc/nios2-elf/11.2.1/../../../../../H-x86_64-pc-linux-gnu/nios2-elf/lib/mno-hw-mul/libc.a(lib_a-fvwrite.o)
                              /home/danielcrovo/intelFPGA_lite/21.1/nios2eds/bin/gnu/H-x86_64-pc-linux-gnu/bin/../lib/gcc/nios2-elf/11.2.1/../../../../../H-x86_64-pc-linux-gnu/nios2-elf/lib/mno-hw-mul/libc.a(lib_a-puts.o) (__sfvwrite_r)
/home/danielcrovo/intelFPGA_lite/21.1/nios2eds/bin/gnu/H-x86_64-pc-linux-gnu/bin/../lib/gcc/nios2-elf/11.2.1/../../../../../H-x86_64-pc-linux-gnu/nios2-elf/lib/mno-hw-mul/libc.a(lib_a-fwalk.o)
                              /home/danielcrovo/intelFPGA_lite/21.1/nios2eds/bin/gnu/H-x86_64-pc-linux-gnu/bin/../lib/gcc/nios2-elf/11.2.1/../../../../../H-x86_64-pc-linux-gnu/nios2-elf/lib/mno-hw-mul/libc.a(lib_a-findfp.o) (_fwalk)
/home/danielcrovo/intelFPGA_lite/21.1/nios2eds/bin/gnu/H-x86_64-pc-linux-gnu/bin/../lib/gcc/nios2-elf/11.2.1/../../../../../H-x86_64-pc-linux-gnu/nios2-elf/lib/mno-hw-mul/libc.a(lib_a-impure.o)
                              /home/danielcrovo/intelFPGA_lite/21.1/nios2eds/bin/gnu/H-x86_64-pc-linux-gnu/bin/../lib/gcc/nios2-elf/11.2.1/../../../../../H-x86_64-pc-linux-gnu/nios2-elf/lib/mno-hw-mul/libc.a(lib_a-findfp.o) (_global_impure_ptr)
/home/danielcrovo/intelFPGA_lite/21.1/nios2eds/bin/gnu/H-x86_64-pc-linux-gnu/bin/../lib/gcc/nios2-elf/11.2.1/../../../../../H-x86_64-pc-linux-gnu/nios2-elf/lib/mno-hw-mul/libc.a(lib_a-mallocr.o)
                              /home/danielcrovo/intelFPGA_lite/21.1/nios2eds/bin/gnu/H-x86_64-pc-linux-gnu/bin/../lib/gcc/nios2-elf/11.2.1/../../../../../H-x86_64-pc-linux-gnu/nios2-elf/lib/mno-hw-mul/libc.a(lib_a-findfp.o) (_malloc_r)
/home/danielcrovo/intelFPGA_lite/21.1/nios2eds/bin/gnu/H-x86_64-pc-linux-gnu/bin/../lib/gcc/nios2-elf/11.2.1/../../../../../H-x86_64-pc-linux-gnu/nios2-elf/lib/mno-hw-mul/libc.a(lib_a-memchr.o)
                              /home/danielcrovo/intelFPGA_lite/21.1/nios2eds/bin/gnu/H-x86_64-pc-linux-gnu/bin/../lib/gcc/nios2-elf/11.2.1/../../../../../H-x86_64-pc-linux-gnu/nios2-elf/lib/mno-hw-mul/libc.a(lib_a-fvwrite.o) (memchr)
/home/danielcrovo/intelFPGA_lite/21.1/nios2eds/bin/gnu/H-x86_64-pc-linux-gnu/bin/../lib/gcc/nios2-elf/11.2.1/../../../../../H-x86_64-pc-linux-gnu/nios2-elf/lib/mno-hw-mul/libc.a(lib_a-memmove.o)
                              /home/danielcrovo/intelFPGA_lite/21.1/nios2eds/bin/gnu/H-x86_64-pc-linux-gnu/bin/../lib/gcc/nios2-elf/11.2.1/../../../../../H-x86_64-pc-linux-gnu/nios2-elf/lib/mno-hw-mul/libc.a(lib_a-fvwrite.o) (memmove)
/home/danielcrovo/intelFPGA_lite/21.1/nios2eds/bin/gnu/H-x86_64-pc-linux-gnu/bin/../lib/gcc/nios2-elf/11.2.1/../../../../../H-x86_64-pc-linux-gnu/nios2-elf/lib/mno-hw-mul/libc.a(lib_a-memset.o)
                              /home/danielcrovo/intelFPGA_lite/21.1/nios2eds/bin/gnu/H-x86_64-pc-linux-gnu/bin/../lib/gcc/nios2-elf/11.2.1/../../../../../H-x86_64-pc-linux-gnu/nios2-elf/lib/mno-hw-mul/libc.a(lib_a-findfp.o) (memset)
/home/danielcrovo/intelFPGA_lite/21.1/nios2eds/bin/gnu/H-x86_64-pc-linux-gnu/bin/../lib/gcc/nios2-elf/11.2.1/../../../../../H-x86_64-pc-linux-gnu/nios2-elf/lib/mno-hw-mul/libc.a(lib_a-reallocr.o)
[...]
Memory Configuration

Name             Origin             Length             Attributes
reset            0x0000000000020000 0x0000000000000020
onchip_mem       0x0000000000020020 0x000000000001ffe0
*default*        0x0000000000000000 0xffffffffffffffff

Linker script and memory map

LOAD ../nios_led2_bsp//obj/HAL/src/crt0.o
LOAD obj/default/gpio.o
LOAD obj/default/main.o
LOAD /home/danielcrovo/intelFPGA_lite/21.1/nios2eds/bin/gnu/H-x86_64-pc-linux-gnu/bin/../lib/gcc/nios2-elf/11.2.1/../../../../../H-x86_64-pc-linux-gnu/nios2-elf/lib/mno-hw-mul/libstdc++.a
LOAD /home/danielcrovo/intelFPGA_lite/21.1/nios2eds/bin/gnu/H-x86_64-pc-linux-gnu/bin/../lib/gcc/nios2-elf/11.2.1/../../../../../H-x86_64-pc-linux-gnu/nios2-elf/lib/mno-hw-mul/libm.a
LOAD /home/danielcrovo/intelFPGA_lite/21.1/nios2eds/bin/gnu/H-x86_64-pc-linux-gnu/bin/../lib/gcc/nios2-elf/11.2.1/mno-hw-mul/libgcc.a
START GROUP
LOAD /home/danielcrovo/intelFPGA_lite/21.1/nios2eds/bin/gnu/H-x86_64-pc-linux-gnu/bin/../lib/gcc/nios2-elf/11.2.1/../../../../../H-x86_64-pc-linux-gnu/nios2-elf/lib/mno-hw-mul/libc.a
LOAD /home/danielcrovo/intelFPGA_lite/21.1/nios2eds/bin/gnu/H-x86_64-pc-linux-gnu/bin/../lib/gcc/nios2-elf/11.2.1/mno-hw-mul/libgcc.a
LOAD ../nios_led2_bsp//libhal_bsp.a
LOAD /home/danielcrovo/intelFPGA_lite/21.1/nios2eds/bin/gnu/H-x86_64-pc-linux-gnu/bin/../lib/gcc/nios2-elf/11.2.1/../../../../../H-x86_64-pc-linux-gnu/nios2-elf/lib/mno-hw-mul/libm.a
END GROUP
LOAD /home/danielcrovo/intelFPGA_lite/21.1/nios2eds/bin/gnu/H-x86_64-pc-linux-gnu/bin/../lib/gcc/nios2-elf/11.2.1/mno-hw-mul/libgcc.a
                0x0000000000020000                __alt_mem_onchip_mem = 0x20000

.entry          0x0000000000020000       0x20
 *(.entry)
 .entry         0x0000000000020000       0x20 ../nios_led2_bsp//obj/HAL/src/crt0.o
                0x0000000000020000                __reset

.exceptions     0x0000000000020020      0x204
                0x0000000000020020                PROVIDE (__ram_exceptions_start = ABSOLUTE (.))
                0x0000000000020020                . = ALIGN (0x20)
 *(.irq)
 *(.exceptions.entry.label)
 .exceptions.entry.label
                0x0000000000020020        0x0 ../nios_led2_bsp//libhal_bsp.a(alt_irq_entry.o)
                0x0000000000020020                alt_irq_entry
 .exceptions.entry.label
                0x0000000000020020        0x0 ../nios_led2_bsp//libhal_bsp.a(alt_exception_entry.o)
                0x0000000000020020                alt_exception
 *(.exceptions.entry.user)
 *(.exceptions.entry.ecc_fatal)
 *(.exceptions.entry)
 .exceptions.entry
                0x0000000000020020       0x54 ../nios_led2_bsp//libhal_bsp.a(alt_exception_entry.o)
 *(.exceptions.irqtest.user)
 *(.exceptions.irqtest)
 .exceptions.irqtest
                0x0000000000020074       0x10 ../nios_led2_bsp//libhal_bsp.a(alt_irq_entry.o)
 *(.exceptions.irqhandler.user)
 *(.exceptions.irqhandler)
 .exceptions.irqhandler
                0x0000000000020084        0x4 ../nios_led2_bsp//libhal_bsp.a(alt_irq_entry.o)
 *(.exceptions.irqreturn.user)
 *(.exceptions.irqreturn)
 .exceptions.irqreturn
                0x0000000000020088        0x4 ../nios_led2_bsp//libhal_bsp.a(alt_irq_entry.o)
 *(.exceptions.notirq.label)
 .exceptions.notirq.label
                0x000000000002008c        0x0 ../nios_led2_bsp//libhal_bsp.a(alt_irq_entry.o)
 *(.exceptions.notirq.user)
 *(.exceptions.notirq)
 .exceptions.notirq
                0x000000000002008c        0x8 ../nios_led2_bsp//libhal_bsp.a(alt_exception_entry.o)
 *(.exceptions.soft.user)
 *(.exceptions.soft)
 *(.exceptions.unknown.user)
 *(.exceptions.unknown)
 .exceptions.unknown
                0x0000000000020094       0x14 ../nios_led2_bsp//libhal_bsp.a(alt_exception_entry.o)
 *(.exceptions.exit.label)
 .exceptions.exit.label
                0x00000000000200a8        0x0 ../nios_led2_bsp//libhal_bsp.a(alt_irq_entry.o)
 .exceptions.exit.label
                0x00000000000200a8        0x0 ../nios_led2_bsp//libhal_bsp.a(alt_exception_entry.o)
 *(.exceptions.exit.user)
 *(.exceptions.exit)
 .exceptions.exit
                0x00000000000200a8       0x54 ../nios_led2_bsp//libhal_bsp.a(alt_exception_entry.o)
 *(.exceptions)
 .exceptions    0x00000000000200fc       0xc8 ../nios_led2_bsp//libhal_bsp.a(alt_irq_handler.o)
                0x00000000000200fc                alt_irq_handler
 .exceptions    0x00000000000201c4       0x60 ../nios_led2_bsp//libhal_bsp.a(alt_instruction_exception_entry.o)
                0x00000000000201c4                alt_instruction_exception_entry
                0x0000000000020224                PROVIDE (__ram_exceptions_end = ABSOLUTE (.))
                0x0000000000020020                PROVIDE (__flash_exceptions_start = LOADADDR (.exceptions))

.text           0x0000000000020224     0x5b10
                [!provide]                        PROVIDE (stext = ABSOLUTE (.))
 *(.interp)
 *(.hash)
 *(.dynsym)
 *(.dynstr)
 *(.gnu.version)
 *(.gnu.version_d)
 *(.gnu.version_r)
 *(.rel.init)
 *(.rela.init)
 *(.rel.text .rel.text.* .rel.gnu.linkonce.t.*)
 *(.rela.text .rela.text.* .rela.gnu.linkonce.t.*)
 *(.rel.fini)
 *(.rela.fini)
 *(.rel.rodata .rel.rodata.* .rel.gnu.linkonce.r.*)
 *(.rela.rodata .rela.rodata.* .rela.gnu.linkonce.r.*)
 *(.rel.data .rel.data.* .rel.gnu.linkonce.d.*)
 *(.rela.data .rela.data.* .rela.gnu.linkonce.d.*)
 *(.rel.tdata .rel.tdata.* .rel.gnu.linkonce.td.*)
 *(.rela.tdata .rela.tdata.* .rela.gnu.linkonce.td.*)
 *(.rel.tbss .rel.tbss.* .rel.gnu.linkonce.tb.*)
 *(.rela.tbss .rela.tbss.* .rela.gnu.linkonce.tb.*)
 *(.rel.ctors)
 *(.rela.ctors)
 *(.rel.dtors)
 *(.rela.dtors)
 *(.rel.got)
 *(.rela.got)
 *(.rel.sdata .rel.sdata.* .rel.gnu.linkonce.s.*)
 *(.rela.sdata .rela.sdata.* .rela.gnu.linkonce.s.*)
 *(.rel.sbss .rel.sbss.* .rel.gnu.linkonce.sb.*)
 *(.rela.sbss .rela.sbss.* .rela.gnu.linkonce.sb.*)
 *(.rel.sdata2 .rel.sdata2.* .rel.gnu.linkonce.s2.*)
 *(.rela.sdata2 .rela.sdata2.* .rela.gnu.linkonce.s2.*)
 *(.rel.sbss2 .rel.sbss2.* .rel.gnu.linkonce.sb2.*)
 *(.rela.sbss2 .rela.sbss2.* .rela.gnu.linkonce.sb2.*)
 *(.rel.bss .rel.bss.* .rel.gnu.linkonce.b.*)
 *(.rela.bss .rela.bss.* .rela.gnu.linkonce.b.*)
 *(.rel.plt)
 *(.rela.plt)
 *(.rel.dyn)
 *(.init)
 *(.plt)
 *(.text .stub .text.* .gnu.linkonce.t.*)
 .text          0x0000000000020224       0x3c ../nios_led2_bsp//obj/HAL/src/crt0.o
                0x0000000000020224                _start
 .text          0x0000000000020260      0x1d8 obj/default/gpio.o
                0x0000000000020260                sseg_conv_hex
                0x00000000000202b0                sseg_disp_ptn
                0x000000000002032c                jtaguart_wr_str
                0x00000000000203c0                timer_wr_prd
 .text          0x0000000000020438      0x434 obj/default/main.o
                0x0000000000020438                main
                0x00000000000204cc                flashsys_init_v1
                0x000000000002051c                sw_get_command_v1
                0x00000000000205ec                jtaguart_disp_msg_v1
                0x00000000000206dc                sseg_disp_msg_v1
                0x00000000000207d4                led_flash_v1
 .text          0x000000000002086c      0x1b4 /home/danielcrovo/intelFPGA_lite/21.1/nios2eds/bin/gnu/H-x86_64-pc-linux-gnu/bin/../lib/gcc/nios2-elf/11.2.1/mno-hw-mul/libgcc.a(lib2-divmod.o)
                0x000000000002086c                __divsi3
                0x00000000000208ec                __modsi3
                0x0000000000020960                __udivsi3
                0x00000000000209c4                __umodsi3
 .text          0x0000000000020a20        0x0 /home/danielcrovo/intelFPGA_lite/21.1/nios2eds/bin/gnu/H-x86_64-pc-linux-gnu/bin/../lib/gcc/nios2-elf/11.2.1/../../../../../H-x86_64-pc-linux-gnu/nios2-elf/lib/mno-hw-mul/libc.a(lib_a-memcpy.o)
 .text.memcpy   0x0000000000020a20      0x100 /home/danielcrovo/intelFPGA_lite/21.1/nios2eds/bin/gnu/H-x86_64-pc-linux-gnu/bin/../lib/gcc/nios2-elf/11.2.1/../../../../../H-x86_64-pc-linux-gnu/nios2-elf/lib/mno-hw-mul/libc.a(lib_a-memcpy.o)
                0x0000000000020a20                memcpy
 .text          0x0000000000020b20        0x0 /home/danielcrovo/intelFPGA_lite/21.1/nios2eds/bin/gnu/H-x86_64-pc-linux-gnu/bin/../lib/gcc/nios2-elf/11.2.1/../../../../../H-x86_64-pc-linux-gnu/nios2-elf/lib/mno-hw-mul/libc.a(lib_a-puts.o)
 .text._puts_r  0x0000000000020b20       0xcc /home/danielcrovo/intelFPGA_lite/21.1/nios2eds/bin/gnu/H-x86_64-pc-linux-gnu/bin/../lib/gcc/nios2-elf/11.2.1/../../../../../H-x86_64-pc-linux-gnu/nios2-elf/lib/mno-hw-mul/libc.a(lib_a-puts.o)
                0x0000000000020b20                _puts_r
 .text.puts     0x0000000000020bec       0x10 /home/danielcrovo/intelFPGA_lite/21.1/nios2eds/bin/gnu/H-x86_64-pc-linux-gnu/bin/../lib/gcc/nios2-elf/11.2.1/../../../../../H-x86_64-pc-linux-gnu/nios2-elf/lib/mno-hw-mul/libc.a(lib_a-puts.o)
                0x0000000000020bec                puts
 .text          0x0000000000020bfc        0x0 /home/danielcrovo/intelFPGA_lite/21.1/nios2eds/bin/gnu/H-x86_64-pc-linux-gnu/bin/../lib/gcc/nios2-elf/11.2.1/../../../../../H-x86_64-pc-linux-gnu/nios2-elf/lib/mno-hw-mul/libc.a(lib_a-strlen.o)
 .text.strlen   0x0000000000020bfc       0x98 /home/danielcrovo/intelFPGA_lite/21.1/nios2eds/bin/gnu/H-x86_64-pc-linux-gnu/bin/../lib/gcc/nios2-elf/11.2.1/../../../../../H-x86_64-pc-linux-gnu/nios2-elf/lib/mno-hw-mul/libc.a(lib_a-strlen.o)
                0x0000000000020bfc                strlen
 .text          0x0000000000020c94        0x0 /home/danielcrovo/intelFPGA_lite/21.1/nios2eds/bin/gnu/H-x86_64-pc-linux-gnu/bin/../lib/gcc/nios2-elf/11.2.1/../../../../../H-x86_64-pc-linux-gnu/nios2-elf/lib/mno-hw-mul/libc.a(lib_a-findfp.o)
 .text.__fp_lock
                0x0000000000020c94        0x8 /home/danielcrovo/intelFPGA_lite/21.1/nios2eds/bin/gnu/H-x86_64-pc-linux-gnu/bin/../lib/gcc/nios2-elf/11.2.1/../../../../../H-x86_64-pc-linux-gnu/nios2-elf/lib/mno-hw-mul/libc.a(lib_a-findfp.o)
 .text._cleanup_r
                0x0000000000020c9c        0xc /home/danielcrovo/intelFPGA_lite/21.1/nios2eds/bin/gnu/H-x86_64-pc-linux-gnu/bin/../lib/gcc/nios2-elf/11.2.1/../../../../../H-x86_64-pc-linux-gnu/nios2-elf/lib/mno-hw-mul/libc.a(lib_a-findfp.o)
                0x0000000000020c9c                _cleanup_r
 .text.__fp_unlock
                0x0000000000020ca8        0x8 /home/danielcrovo/intelFPGA_lite/21.1/nios2eds/bin/gnu/H-x86_64-pc-linux-gnu/bin/../lib/gcc/nios2-elf/11.2.1/../../../../../H-x86_64-pc-linux-gnu/nios2-elf/lib/mno-hw-mul/libc.a(lib_a-findfp.o)
 .text.__sinit.part.0
                0x0000000000020cb0      0x168 /home/danielcrovo/intelFPGA_lite/21.1/nios2eds/bin/gnu/H-x86_64-pc-linux-gnu/bin/../lib/gcc/nios2-elf/11.2.1/../../../../../H-x86_64-pc-linux-gnu/nios2-elf/lib/mno-hw-mul/libc.a(lib_a-findfp.o)
 .text.__sfmoreglue
                0x0000000000020e18       0x78 /home/danielcrovo/intelFPGA_lite/21.1/nios2eds/bin/gnu/H-x86_64-pc-linux-gnu/bin/../lib/gcc/nios2-elf/11.2.1/../../../../../H-x86_64-pc-linux-gnu/nios2-elf/lib/mno-hw-mul/libc.a(lib_a-findfp.o)
                0x0000000000020e18                __sfmoreglue
 .text.__sfp    0x0000000000020e90      0x13c /home/danielcrovo/intelFPGA_lite/21.1/nios2eds/bin/gnu/H-x86_64-pc-linux-gnu/bin/../lib/gcc/nios2-elf/11.2.1/../../../../../H-x86_64-pc-linux-gnu/nios2-elf/lib/mno-hw-mul/libc.a(lib_a-findfp.o)
                0x0000000000020e90                __sfp
 .text._cleanup
                0x0000000000020fcc       0x14 /home/danielcrovo/intelFPGA_lite/21.1/nios2eds/bin/gnu/H-x86_64-pc-linux-gnu/bin/../lib/gcc/nios2-elf/11.2.1/../../../../../H-x86_64-pc-linux-gnu/nios2-elf/lib/mno-hw-mul/libc.a(lib_a-findfp.o)
                0x0000000000020fcc                _cleanup
 .text.__sinit  0x0000000000020fe0       0x10 /home/danielcrovo/intelFPGA_lite/21.1/nios2eds/bin/gnu/H-x86_64-pc-linux-gnu/bin/../lib/gcc/nios2-elf/11.2.1/../../../../../H-x86_64-pc-linux-gnu/nios2-elf/lib/mno-hw-mul/libc.a(lib_a-findfp.o)
                0x0000000000020fe0                __sinit
 .text.__sfp_lock_acquire
                0x0000000000020ff0        0x4 /home/danielcrovo/intelFPGA_lite/21.1/nios2eds/bin/gnu/H-x86_64-pc-linux-gnu/bin/../lib/gcc/nios2-elf/11.2.1/../../../../../H-x86_64-pc-linux-gnu/nios2-elf/lib/mno-hw-mul/libc.a(lib_a-findfp.o)
                0x0000000000020ff0                __sfp_lock_acquire
 .text.__sfp_lock_release
                0x0000000000020ff4        0x4 /home/danielcrovo/intelFPGA_lite/21.1/nios2eds/bin/gnu/H-x86_64-pc-linux-gnu/bin/../lib/gcc/nios2-elf/11.2.1/../../../../../H-x86_64-pc-linux-gnu/nios2-elf/lib/mno-hw-mul/libc.a(lib_a-findfp.o)
                0x0000000000020ff4                __sfp_lock_release
 .text.__sinit_lock_acquire
                0x0000000000020ff8        0x4 /home/danielcrovo/intelFPGA_lite/21.1/nios2eds/bin/gnu/H-x86_64-pc-linux-gnu/bin/../lib/gcc/nios2-elf/11.2.1/../../../../../H-x86_64-pc-linux-gnu/nios2-elf/lib/mno-hw-mul/libc.a(lib_a-findfp.o)
                0x0000000000020ff8                __sinit_lock_acquire
 .text.__sinit_lock_release
                0x0000000000020ffc        0x4 /home/danielcrovo/intelFPGA_lite/21.1/nios2eds/bin/gnu/H-x86_64-pc-linux-gnu/bin/../lib/gcc/nios2-elf/11.2.1/../../../../../H-x86_64-pc-linux-gnu/nios2-elf/lib/mno-hw-mul/libc.a(lib_a-findfp.o)
                0x0000000000020ffc                __sinit_lock_release
 .text.__fp_lock_all
                0x0000000000021000       0x14 /home/danielcrovo/intelFPGA_lite/21.1/nios2eds/bin/gnu/H-x86_64-pc-linux-gnu/bin/../lib/gcc/nios2-elf/11.2.1/../../../../../H-x86_64-pc-linux-gnu/nios2-elf/lib/mno-hw-mul/libc.a(lib_a-findfp.o)
                0x0000000000021000                __fp_lock_all
 .text.__fp_unlock_all
                0x0000000000021014       0x14 /home/danielcrovo/intelFPGA_lite/21.1/nios2eds/bin/gnu/H-x86_64-pc-linux-gnu/bin/../lib/gcc/nios2-elf/11.2.1/../../../../../H-x86_64-pc-linux-gnu/nios2-elf/lib/mno-hw-mul/libc.a(lib_a-findfp.o)
                0x0000000000021014                __fp_unlock_all
 .text          0x0000000000021028        0x0 /home/danielcrovo/intelFPGA_lite/21.1/nios2eds/bin/gnu/H-x86_64-pc-linux-gnu/bin/../lib/gcc/nios2-elf/11.2.1/../../../../../H-x86_64-pc-linux-gnu/nios2-elf/lib/mno-hw-mul/libc.a(lib_a-fvwrite.o)
 .text.__sfvwrite_r
                0x0000000000021028      0x4cc /home/danielcrovo/intelFPGA_lite/21.1/nios2eds/bin/gnu/H-x86_64-pc-linux-gnu/bin/../lib/gcc/nios2-elf/11.2.1/../../../../../H-x86_64-pc-linux-gnu/nios2-elf/lib/mno-hw-mul/libc.a(lib_a-fvwrite.o)
                0x0000000000021028                __sfvwrite_r
 .text          0x00000000000214f4        0x0 /home/danielcrovo/intelFPGA_lite/21.1/nios2eds/bin/gnu/H-x86_64-pc-linux-gnu/bin/../lib/gcc/nios2-elf/11.2.1/../../../../../H-x86_64-pc-linux-gnu/nios2-elf/lib/mno-hw-mul/libc.a(lib_a-fwalk.o)
 .text._fwalk   0x00000000000214f4       0x98 /home/danielcrovo/intelFPGA_lite/21.1/nios2eds/bin/gnu/H-x86_64-pc-linux-gnu/bin/../lib/gcc/nios2-elf/11.2.1/../../../../../H-x86_64-pc-linux-gnu/nios2-elf/lib/mno-hw-mul/libc.a(lib_a-fwalk.o)
                0x00000000000214f4                _fwalk
 .text._fwalk_reent
                0x000000000002158c       0xa8 /home/danielcrovo/intelFPGA_lite/21.1/nios2eds/bin/gnu/H-x86_64-pc-linux-gnu/bin/../lib/gcc/nios2-elf/11.2.1/../../../../../H-x86_64-pc-linux-gnu/nios2-elf/lib/mno-hw-mul/libc.a(lib_a-fwalk.o)
                0x000000000002158c                _fwalk_reent
 .text          0x0000000000021634        0x0 /home/danielcrovo/intelFPGA_lite/21.1/nios2eds/bin/gnu/H-x86_64-pc-linux-gnu/bin/../lib/gcc/nios2-elf/11.2.1/../../../../../H-x86_64-pc-linux-gnu/nios2-elf/lib/mno-hw-mul/libc.a(lib_a-impure.o)
 .text          0x0000000000021634        0x0 /home/danielcrovo/intelFPGA_lite/21.1/nios2eds/bin/gnu/H-x86_64-pc-linux-gnu/bin/../lib/gcc/nios2-elf/11.2.1/../../../../../H-x86_64-pc-linux-gnu/nios2-elf/lib/mno-hw-mul/libc.a(lib_a-mallocr.o)
 .text._malloc_r
                0x0000000000021634      0x7e4 /home/danielcrovo/intelFPGA_lite/21.1/nios2eds/bin/gnu/H-x86_64-pc-linux-gnu/bin/../lib/gcc/nios2-elf/11.2.1/../../../../../H-x86_64-pc-linux-gnu/nios2-elf/lib/mno-hw-mul/libc.a(lib_a-mallocr.o)
                0x0000000000021634                _malloc_r
 .text          0x0000000000021e18        0x0 /home/danielcrovo/intelFPGA_lite/21.1/nios2eds/bin/gnu/H-x86_64-pc-linux-gnu/bin/../lib/gcc/nios2-elf/11.2.1/../../../../../H-x86_64-pc-linux-gnu/nios2-elf/lib/mno-hw-mul/libc.a(lib_a-memchr.o)
 .text.memchr   0x0000000000021e18       0xcc /home/danielcrovo/intelFPGA_lite/21.1/nios2eds/bin/gnu/H-x86_64-pc-linux-gnu/bin/../lib/gcc/nios2-elf/11.2.1/../../../../../H-x86_64-pc-linux-gnu/nios2-elf/lib/mno-hw-mul/libc.a(lib_a-memchr.o)
                0x0000000000021e18                memchr
 .text          0x0000000000021ee4        0x0 /home/danielcrovo/intelFPGA_lite/21.1/nios2eds/bin/gnu/H-x86_64-pc-linux-gnu/bin/../lib/gcc/nios2-elf/11.2.1/../../../../../H-x86_64-pc-linux-gnu/nios2-elf/lib/mno-hw-mul/libc.a(lib_a-memmove.o)
 .text.memmove  0x0000000000021ee4      0x12c /home/danielcrovo/intelFPGA_lite/21.1/nios2eds/bin/gnu/H-x86_64-pc-linux-gnu/bin/../lib/gcc/nios2-elf/11.2.1/../../../../../H-x86_64-pc-linux-gnu/nios2-elf/lib/mno-hw-mul/libc.a(lib_a-memmove.o)
                0x0000000000021ee4                memmove
 .text          0x0000000000022010        0x0 /home/danielcrovo/intelFPGA_lite/21.1/nios2eds/bin/gnu/H-x86_64-pc-linux-gnu/bin/../lib/gcc/nios2-elf/11.2.1/../../../../../H-x86_64-pc-linux-gnu/nios2-elf/lib/mno-hw-mul/libc.a(lib_a-memset.o)
 .text.memset   0x0000000000022010       0xf4 /home/danielcrovo/intelFPGA_lite/21.1/nios2eds/bin/gnu/H-x86_64-pc-linux-gnu/bin/../lib/gcc/nios2-elf/11.2.1/../../../../../H-x86_64-pc-linux-gnu/nios2-elf/lib/mno-hw-mul/libc.a(lib_a-memset.o)
                0x0000000000022010                memset
 .text          0x0000000000022104        0x0 /home/danielcrovo/intelFPGA_lite/21.1/nios2eds/bin/gnu/H-x86_64-pc-linux-gnu/bin/../lib/gcc/nios2-elf/11.2.1/../../../../../H-x86_64-pc-linux-gnu/nios2-elf/lib/mno-hw-mul/libc.a(lib_a-reallocr.o)
 .text._realloc_r
                0x0000000000022104      0x570 /home/danielcrovo/intelFPGA_lite/21.1/nios2eds/bin/gnu/H-x86_64-pc-linux-gnu/bin/../lib/gcc/nios2-elf/11.2.1/../../../../../H-x86_64-pc-linux-gnu/nios2-elf/lib/mno-hw-mul/libc.a(lib_a-reallocr.o)
                0x0000000000022104                _realloc_r
 .text          0x0000000000022674        0x0 /home/danielcrovo/intelFPGA_lite/21.1/nios2eds/bin/gnu/H-x86_64-pc-linux-gnu/bin/../lib/gcc/nios2-elf/11.2.1/../../../../../H-x86_64-pc-linux-gnu/nios2-elf/lib/mno-hw-mul/libc.a(lib_a-sbrkr.o)
 .text._sbrk_r  0x0000000000022674       0x58 /home/danielcrovo/intelFPGA_lite/21.1/nios2eds/bin/gnu/H-x86_64-pc-linux-gnu/bin/../lib/gcc/nios2-elf/11.2.1/../../../../../H-x86_64-pc-linux-gnu/nios2-elf/lib/mno-hw-mul/libc.a(lib_a-sbrkr.o)
                0x0000000000022674                _sbrk_r
 .text          0x00000000000226cc        0x0 /home/danielcrovo/intelFPGA_lite/21.1/nios2eds/bin/gnu/H-x86_64-pc-linux-gnu/bin/../lib/gcc/nios2-elf/11.2.1/../../../../../H-x86_64-pc-linux-gnu/nios2-elf/lib/mno-hw-mul/libc.a(lib_a-stdio.o)
 .text.__sread  0x00000000000226cc       0x54 /home/danielcrovo/intelFPGA_lite/21.1/nios2eds/bin/gnu/H-x86_64-pc-linux-gnu/bin/../lib/gcc/nios2-elf/11.2.1/../../../../../H-x86_64-pc-linux-gnu/nios2-elf/lib/mno-hw-mul/libc.a(lib_a-stdio.o)
                0x00000000000226cc                __sread
 .text.__seofread
                0x0000000000022720        0x8 /home/danielcrovo/intelFPGA_lite/21.1/nios2eds/bin/gnu/H-x86_64-pc-linux-gnu/bin/../lib/gcc/nios2-elf/11.2.1/../../../../../H-x86_64-pc-linux-gnu/nios2-elf/lib/mno-hw-mul/libc.a(lib_a-stdio.o)
                0x0000000000022720                __seofread
 .text.__swrite
                0x0000000000022728       0x80 /home/danielcrovo/intelFPGA_lite/21.1/nios2eds/bin/gnu/H-x86_64-pc-linux-gnu/bin/../lib/gcc/nios2-elf/11.2.1/../../../../../H-x86_64-pc-linux-gnu/nios2-elf/lib/mno-hw-mul/libc.a(lib_a-stdio.o)
                0x0000000000022728                __swrite
 .text.__sseek  0x00000000000227a8       0x5c /home/danielcrovo/intelFPGA_lite/21.1/nios2eds/bin/gnu/H-x86_64-pc-linux-gnu/bin/../lib/gcc/nios2-elf/11.2.1/../../../../../H-x86_64-pc-linux-gnu/nios2-elf/lib/mno-hw-mul/libc.a(lib_a-stdio.o)
                0x00000000000227a8                __sseek
 .text.__sclose
                0x0000000000022804        0x8 /home/danielcrovo/intelFPGA_lite/21.1/nios2eds/bin/gnu/H-x86_64-pc-linux-gnu/bin/../lib/gcc/nios2-elf/11.2.1/../../../../../H-x86_64-pc-linux-gnu/nios2-elf/lib/mno-hw-mul/libc.a(lib_a-stdio.o)
                0x0000000000022804                __sclose
 .text          0x000000000002280c        0x0 /home/danielcrovo/intelFPGA_lite/21.1/nios2eds/bin/gnu/H-x86_64-pc-linux-gnu/bin/../lib/gcc/nios2-elf/11.2.1/../../../../../H-x86_64-pc-linux-gnu/nios2-elf/lib/mno-hw-mul/libc.a(lib_a-writer.o)
 .text._write_r
                0x000000000002280c       0x64 /home/danielcrovo/intelFPGA_lite/21.1/nios2eds/bin/gnu/H-x86_64-pc-linux-gnu/bin/../lib/gcc/nios2-elf/11.2.1/../../../../../H-x86_64-pc-linux-gnu/nios2-elf/lib/mno-hw-mul/libc.a(lib_a-writer.o)
                0x000000000002280c                _write_r
 .text          0x0000000000022870        0x0 /home/danielcrovo/intelFPGA_lite/21.1/nios2eds/bin/gnu/H-x86_64-pc-linux-gnu/bin/../lib/gcc/nios2-elf/11.2.1/../../../../../H-x86_64-pc-linux-gnu/nios2-elf/lib/mno-hw-mul/libc.a(lib_a-wsetup.o)
 .text.__swsetup_r
                0x0000000000022870      0x164 /home/danielcrovo/intelFPGA_lite/21.1/nios2eds/bin/gnu/H-x86_64-pc-linux-gnu/bin/../lib/gcc/nios2-elf/11.2.1/../../../../../H-x86_64-pc-linux-gnu/nios2-elf/lib/mno-hw-mul/libc.a(lib_a-wsetup.o)
                0x0000000000022870                __swsetup_r
 .text          0x00000000000229d4        0x0 /home/danielcrovo/intelFPGA_lite/21.1/nios2eds/bin/gnu/H-x86_64-pc-linux-gnu/bin/../lib/gcc/nios2-elf/11.2.1/../../../../../H-x86_64-pc-linux-gnu/nios2-elf/lib/mno-hw-mul/libc.a(closer.o)
 .text._close_r
                0x00000000000229d4       0x58 /home/danielcrovo/intelFPGA_lite/21.1/nios2eds/bin/gnu/H-x86_64-pc-linux-gnu/bin/../lib/gcc/nios2-elf/11.2.1/../../../../../H-x86_64-pc-linux-gnu/nios2-elf/lib/mno-hw-mul/libc.a(closer.o)
                0x00000000000229d4                _close_r
 .text          0x0000000000022a2c        0x0 /home/danielcrovo/intelFPGA_lite/21.1/nios2eds/bin/gnu/H-x86_64-pc-linux-gnu/bin/../lib/gcc/nios2-elf/11.2.1/../../../../../H-x86_64-pc-linux-gnu/nios2-elf/lib/mno-hw-mul/libc.a(lib_a-fclose.o)
 .text._fclose_r
                0x0000000000022a2c       0xf8 /home/danielcrovo/intelFPGA_lite/21.1/nios2eds/bin/gnu/H-x86_64-pc-linux-gnu/bin/../lib/gcc/nios2-elf/11.2.1/../../../../../H-x86_64-pc-linux-gnu/nios2-elf/lib/mno-hw-mul/libc.a(lib_a-fclose.o)
                0x0000000000022a2c                _fclose_r
 .text.fclose   0x0000000000022b24       0x10 /home/danielcrovo/intelFPGA_lite/21.1/nios2eds/bin/gnu/H-x86_64-pc-linux-gnu/bin/../lib/gcc/nios2-elf/11.2.1/../../../../../H-x86_64-pc-linux-gnu/nios2-elf/lib/mno-hw-mul/libc.a(lib_a-fclose.o)
                0x0000000000022b24                fclose
 .text          0x0000000000022b34        0x0 /home/danielcrovo/intelFPGA_lite/21.1/nios2eds/bin/gnu/H-x86_64-pc-linux-gnu/bin/../lib/gcc/nios2-elf/11.2.1/../../../../../H-x86_64-pc-linux-gnu/nios2-elf/lib/mno-hw-mul/libc.a(lib_a-fflush.o)
 .text.__sflush_r
                0x0000000000022b34      0x228 /home/danielcrovo/intelFPGA_lite/21.1/nios2eds/bin/gnu/H-x86_64-pc-linux-gnu/bin/../lib/gcc/nios2-elf/11.2.1/../../../../../H-x86_64-pc-linux-gnu/nios2-elf/lib/mno-hw-mul/libc.a(lib_a-fflush.o)
                0x0000000000022b34                __sflush_r
 .text._fflush_r
                0x0000000000022d5c       0x60 /home/danielcrovo/intelFPGA_lite/21.1/nios2eds/bin/gnu/H-x86_64-pc-linux-gnu/bin/../lib/gcc/nios2-elf/11.2.1/../../../../../H-x86_64-pc-linux-gnu/nios2-elf/lib/mno-hw-mul/libc.a(lib_a-fflush.o)
                0x0000000000022d5c                _fflush_r
 .text.fflush   0x0000000000022dbc       0x84 /home/danielcrovo/intelFPGA_lite/21.1/nios2eds/bin/gnu/H-x86_64-pc-linux-gnu/bin/../lib/gcc/nios2-elf/11.2.1/../../../../../H-x86_64-pc-linux-gnu/nios2-elf/lib/mno-hw-mul/libc.a(lib_a-fflush.o)
                0x0000000000022dbc                fflush
 .text          0x0000000000022e40        0x0 /home/danielcrovo/intelFPGA_lite/21.1/nios2eds/bin/gnu/H-x86_64-pc-linux-gnu/bin/../lib/gcc/nios2-elf/11.2.1/../../../../../H-x86_64-pc-linux-gnu/nios2-elf/lib/mno-hw-mul/libc.a(lib_a-freer.o)
 .text._malloc_trim_r
                0x0000000000022e40      0x11c /home/danielcrovo/intelFPGA_lite/21.1/nios2eds/bin/gnu/H-x86_64-pc-linux-gnu/bin/../lib/gcc/nios2-elf/11.2.1/../../../../../H-x86_64-pc-linux-gnu/nios2-elf/lib/mno-hw-mul/libc.a(lib_a-freer.o)
                0x0000000000022e40                _malloc_trim_r
 .text._free_r  0x0000000000022f5c      0x2fc /home/danielcrovo/intelFPGA_lite/21.1/nios2eds/bin/gnu/H-x86_64-pc-linux-gnu/bin/../lib/gcc/nios2-elf/11.2.1/../../../../../H-x86_64-pc-linux-gnu/nios2-elf/lib/mno-hw-mul/libc.a(lib_a-freer.o)
                0x0000000000022f5c                _free_r
 .text          0x0000000000023258        0x0 /home/danielcrovo/intelFPGA_lite/21.1/nios2eds/bin/gnu/H-x86_64-pc-linux-gnu/bin/../lib/gcc/nios2-elf/11.2.1/../../../../../H-x86_64-pc-linux-gnu/nios2-elf/lib/mno-hw-mul/libc.a(lib_a-int_errno.o)
 .text          0x0000000000023258        0x0 /home/danielcrovo/intelFPGA_lite/21.1/nios2eds/bin/gnu/H-x86_64-pc-linux-gnu/bin/../lib/gcc/nios2-elf/11.2.1/../../../../../H-x86_64-pc-linux-gnu/nios2-elf/lib/mno-hw-mul/libc.a(lib_a-lseekr.o)
 .text._lseek_r
                0x0000000000023258       0x64 /home/danielcrovo/intelFPGA_lite/21.1/nios2eds/bin/gnu/H-x86_64-pc-linux-gnu/bin/../lib/gcc/nios2-elf/11.2.1/../../../../../H-x86_64-pc-linux-gnu/nios2-elf/lib/mno-hw-mul/libc.a(lib_a-lseekr.o)
                0x0000000000023258                _lseek_r
 .text          0x00000000000232bc        0x0 /home/danielcrovo/intelFPGA_lite/21.1/nios2eds/bin/gnu/H-x86_64-pc-linux-gnu/bin/../lib/gcc/nios2-elf/11.2.1/../../../../../H-x86_64-pc-linux-gnu/nios2-elf/lib/mno-hw-mul/libc.a(lib_a-makebuf.o)
 .text.__smakebuf_r
                0x00000000000232bc      0x1b0 /home/danielcrovo/intelFPGA_lite/21.1/nios2eds/bin/gnu/H-x86_64-pc-linux-gnu/bin/../lib/gcc/nios2-elf/11.2.1/../../../../../H-x86_64-pc-linux-gnu/nios2-elf/lib/mno-hw-mul/libc.a(lib_a-makebuf.o)
                0x00000000000232bc                __smakebuf_r
 .text.__swhatbuf_r
                0x000000000002346c       0x90 /home/danielcrovo/intelFPGA_lite/21.1/nios2eds/bin/gnu/H-x86_64-pc-linux-gnu/bin/../lib/gcc/nios2-elf/11.2.1/../../../../../H-x86_64-pc-linux-gnu/nios2-elf/lib/mno-hw-mul/libc.a(lib_a-makebuf.o)
                0x000000000002346c                __swhatbuf_r
 .text          0x00000000000234fc        0x0 /home/danielcrovo/intelFPGA_lite/21.1/nios2eds/bin/gnu/H-x86_64-pc-linux-gnu/bin/../lib/gcc/nios2-elf/11.2.1/../../../../../H-x86_64-pc-linux-gnu/nios2-elf/lib/mno-hw-mul/libc.a(lib_a-readr.o)
 .text._read_r  0x00000000000234fc       0x64 /home/danielcrovo/intelFPGA_lite/21.1/nios2eds/bin/gnu/H-x86_64-pc-linux-gnu/bin/../lib/gcc/nios2-elf/11.2.1/../../../../../H-x86_64-pc-linux-gnu/nios2-elf/lib/mno-hw-mul/libc.a(lib_a-readr.o)
                0x00000000000234fc                _read_r
 .text          0x0000000000023560        0x0 /home/danielcrovo/intelFPGA_lite/21.1/nios2eds/bin/gnu/H-x86_64-pc-linux-gnu/bin/../lib/gcc/nios2-elf/11.2.1/../../../../../H-x86_64-pc-linux-gnu/nios2-elf/lib/mno-hw-mul/libc.a(lib_a-fstatr.o)
 .text._fstat_r
                0x0000000000023560       0x60 /home/danielcrovo/intelFPGA_lite/21.1/nios2eds/bin/gnu/H-x86_64-pc-linux-gnu/bin/../lib/gcc/nios2-elf/11.2.1/../../../../../H-x86_64-pc-linux-gnu/nios2-elf/lib/mno-hw-mul/libc.a(lib_a-fstatr.o)
                0x0000000000023560                _fstat_r
 .text          0x00000000000235c0        0x0 /home/danielcrovo/intelFPGA_lite/21.1/nios2eds/bin/gnu/H-x86_64-pc-linux-gnu/bin/../lib/gcc/nios2-elf/11.2.1/../../../../../H-x86_64-pc-linux-gnu/nios2-elf/lib/mno-hw-mul/libc.a(lib_a-isattyr.o)
 .text._isatty_r
                0x00000000000235c0       0x58 /home/danielcrovo/intelFPGA_lite/21.1/nios2eds/bin/gnu/H-x86_64-pc-linux-gnu/bin/../lib/gcc/nios2-elf/11.2.1/../../../../../H-x86_64-pc-linux-gnu/nios2-elf/lib/mno-hw-mul/libc.a(lib_a-isattyr.o)
                0x00000000000235c0                _isatty_r
 .text          0x0000000000023618       0x28 /home/danielcrovo/intelFPGA_lite/21.1/nios2eds/bin/gnu/H-x86_64-pc-linux-gnu/bin/../lib/gcc/nios2-elf/11.2.1/mno-hw-mul/libgcc.a(lib2-mul.o)
                0x0000000000023618                __mulsi3
 .text          0x0000000000023640      0x118 ../nios_led2_bsp//libhal_bsp.a(alt_close.o)
                0x000000000002367c                close
 .text          0x0000000000023758       0x2c ../nios_led2_bsp//libhal_bsp.a(alt_dev.o)
 .text          0x0000000000023784        0x0 ../nios_led2_bsp//libhal_bsp.a(alt_errno.o)
 .text          0x0000000000023784       0xf8 ../nios_led2_bsp//libhal_bsp.a(alt_fstat.o)
                0x00000000000237c0                fstat
 .text          0x000000000002387c       0xec ../nios_led2_bsp//libhal_bsp.a(alt_isatty.o)
                0x00000000000238b8                isatty
 .text          0x0000000000023968       0xec ../nios_led2_bsp//libhal_bsp.a(alt_load.o)
                0x00000000000239d0                alt_load
 .text          0x0000000000023a54      0x11c ../nios_led2_bsp//libhal_bsp.a(alt_lseek.o)
                0x0000000000023a90                lseek
 .text          0x0000000000023b70       0x7c ../nios_led2_bsp//libhal_bsp.a(alt_main.o)
                0x0000000000023b70                alt_main
 .text          0x0000000000023bec       0x48 ../nios_led2_bsp//libhal_bsp.a(alt_malloc_lock.o)
                0x0000000000023bec                __malloc_lock
                0x0000000000023c10                __malloc_unlock
 .text          0x0000000000023c34      0x144 ../nios_led2_bsp//libhal_bsp.a(alt_read.o)
                0x0000000000023c70                read
 .text          0x0000000000023d78       0x70 ../nios_led2_bsp//libhal_bsp.a(alt_release_fd.o)
                0x0000000000023d78                alt_release_fd
 .text          0x0000000000023de8       0xb8 ../nios_led2_bsp//libhal_bsp.a(alt_sbrk.o)
                0x0000000000023de8                sbrk
 .text          0x0000000000023ea0      0x140 ../nios_led2_bsp//libhal_bsp.a(alt_write.o)
                0x0000000000023edc                write
 .text          0x0000000000023fe0       0xd4 ../nios_led2_bsp//libhal_bsp.a(alt_sys_init.o)
                0x0000000000024014                alt_irq_init
                0x0000000000024050                alt_sys_init
 .text          0x00000000000240b4      0x164 ../nios_led2_bsp//libhal_bsp.a(altera_avalon_jtag_uart_fd.o)
                0x00000000000240b4                altera_avalon_jtag_uart_read_fd
                0x0000000000024114                altera_avalon_jtag_uart_write_fd
                0x0000000000024174                altera_avalon_jtag_uart_close_fd
                0x00000000000241c4                altera_avalon_jtag_uart_ioctl_fd
 .text          0x0000000000024218      0x3d4 ../nios_led2_bsp//libhal_bsp.a(altera_avalon_jtag_uart_init.o)
                0x0000000000024218                altera_avalon_jtag_uart_init
                0x0000000000024584                altera_avalon_jtag_uart_close
 .text          0x00000000000245ec       0xf4 ../nios_led2_bsp//libhal_bsp.a(altera_avalon_jtag_uart_ioctl.o)
                0x00000000000245ec                altera_avalon_jtag_uart_ioctl
 .text          0x00000000000246e0      0x220 ../nios_led2_bsp//libhal_bsp.a(altera_avalon_jtag_uart_read.o)
                0x00000000000246e0                altera_avalon_jtag_uart_read
 .text          0x0000000000024900      0x228 ../nios_led2_bsp//libhal_bsp.a(altera_avalon_jtag_uart_write.o)
                0x0000000000024900                altera_avalon_jtag_uart_write
 .text          0x0000000000024b28      0x100 ../nios_led2_bsp//libhal_bsp.a(altera_avalon_timer_sc.o)
                0x0000000000024ba4                alt_avalon_timer_sc_init
 .text          0x0000000000024c28      0x160 ../nios_led2_bsp//libhal_bsp.a(alt_alarm_start.o)
                0x0000000000024c28                alt_alarm_start
 .text          0x0000000000024d88       0x20 ../nios_led2_bsp//libhal_bsp.a(alt_dcache_flush_all.o)
                0x0000000000024d88                alt_dcache_flush_all
 .text          0x0000000000024da8       0xe4 ../nios_led2_bsp//libhal_bsp.a(alt_dev_llist_insert.o)
                0x0000000000024de4                alt_dev_llist_insert
 .text          0x0000000000024e8c       0x64 ../nios_led2_bsp//libhal_bsp.a(alt_do_ctors.o)
                0x0000000000024e8c                _do_ctors
 .text          0x0000000000024ef0       0x64 ../nios_led2_bsp//libhal_bsp.a(alt_do_dtors.o)
                0x0000000000024ef0                _do_dtors
 .text          0x0000000000024f54       0x20 ../nios_led2_bsp//libhal_bsp.a(alt_icache_flush_all.o)
                0x0000000000024f54                alt_icache_flush_all
 .text          0x0000000000024f74      0x1b0 ../nios_led2_bsp//libhal_bsp.a(alt_iic.o)
                0x0000000000024f74                alt_ic_isr_register
                0x0000000000024fc4                alt_ic_irq_enable
                0x000000000002504c                alt_ic_irq_disable
                0x00000000000250d8                alt_ic_irq_enabled
 .text          0x0000000000025124       0xe8 ../nios_led2_bsp//libhal_bsp.a(alt_iic_isr_register.o)
                0x0000000000025124                alt_iic_isr_register
 .text          0x000000000002520c      0x150 ../nios_led2_bsp//libhal_bsp.a(alt_io_redirect.o)
                0x00000000000252e0                alt_io_redirect
 .text          0x000000000002535c        0x0 ../nios_led2_bsp//libhal_bsp.a(alt_irq_entry.o)
 .text          0x000000000002535c        0x0 ../nios_led2_bsp//libhal_bsp.a(alt_irq_handler.o)
 .text          0x000000000002535c        0x0 ../nios_led2_bsp//libhal_bsp.a(alt_irq_vars.o)
 .text          0x000000000002535c      0x278 ../nios_led2_bsp//libhal_bsp.a(alt_open.o)
                0x0000000000025474                open
 .text          0x00000000000255d4      0x1d0 ../nios_led2_bsp//libhal_bsp.a(alt_tick.o)
                0x00000000000255d4                alt_alarm_stop
                0x0000000000025678                alt_tick
 .text          0x00000000000257a4       0x24 ../nios_led2_bsp//libhal_bsp.a(altera_nios2_gen2_irq.o)
                0x00000000000257a4                altera_nios2_gen2_irq_init
 .text          0x00000000000257c8        0x0 ../nios_led2_bsp//libhal_bsp.a(alt_exception_entry.o)
 .text          0x00000000000257c8       0x90 ../nios_led2_bsp//libhal_bsp.a(alt_find_dev.o)
                0x00000000000257c8                alt_find_dev
 .text          0x0000000000025858      0x108 ../nios_led2_bsp//libhal_bsp.a(alt_find_file.o)
                0x0000000000025858                alt_find_file
 .text          0x0000000000025960       0xb8 ../nios_led2_bsp//libhal_bsp.a(alt_get_fd.o)
                0x0000000000025960                alt_get_fd
 .text          0x0000000000025a18       0x74 ../nios_led2_bsp//libhal_bsp.a(alt_instruction_exception_entry.o)
                0x0000000000025a18                alt_exception_cause_generated_bad_addr
 .text          0x0000000000025a8c        0x0 /home/danielcrovo/intelFPGA_lite/21.1/nios2eds/bin/gnu/H-x86_64-pc-linux-gnu/bin/../lib/gcc/nios2-elf/11.2.1/../../../../../H-x86_64-pc-linux-gnu/nios2-elf/lib/mno-hw-mul/libc.a(lib_a-atexit.o)
 .text.atexit   0x0000000000025a8c       0x14 /home/danielcrovo/intelFPGA_lite/21.1/nios2eds/bin/gnu/H-x86_64-pc-linux-gnu/bin/../lib/gcc/nios2-elf/11.2.1/../../../../../H-x86_64-pc-linux-gnu/nios2-elf/lib/mno-hw-mul/libc.a(lib_a-atexit.o)
                0x0000000000025a8c                atexit
 .text          0x0000000000025aa0        0x0 /home/danielcrovo/intelFPGA_lite/21.1/nios2eds/bin/gnu/H-x86_64-pc-linux-gnu/bin/../lib/gcc/nios2-elf/11.2.1/../../../../../H-x86_64-pc-linux-gnu/nios2-elf/lib/mno-hw-mul/libc.a(lib_a-exit.o)
 .text.exit     0x0000000000025aa0       0x34 /home/danielcrovo/intelFPGA_lite/21.1/nios2eds/bin/gnu/H-x86_64-pc-linux-gnu/bin/../lib/gcc/nios2-elf/11.2.1/../../../../../H-x86_64-pc-linux-gnu/nios2-elf/lib/mno-hw-mul/libc.a(lib_a-exit.o)
                0x0000000000025aa0                exit
 .text          0x0000000000025ad4        0x0 /home/danielcrovo/intelFPGA_lite/21.1/nios2eds/bin/gnu/H-x86_64-pc-linux-gnu/bin/../lib/gcc/nios2-elf/11.2.1/../../../../../H-x86_64-pc-linux-gnu/nios2-elf/lib/mno-hw-mul/libc.a(lib_a-memcmp.o)
 .text.memcmp   0x0000000000025ad4       0x78 /home/danielcrovo/intelFPGA_lite/21.1/nios2eds/bin/gnu/H-x86_64-pc-linux-gnu/bin/../lib/gcc/nios2-elf/11.2.1/../../../../../H-x86_64-pc-linux-gnu/nios2-elf/lib/mno-hw-mul/libc.a(lib_a-memcmp.o)
                0x0000000000025ad4                memcmp
 .text          0x0000000000025b4c        0x0 /home/danielcrovo/intelFPGA_lite/21.1/nios2eds/bin/gnu/H-x86_64-pc-linux-gnu/bin/../lib/gcc/nios2-elf/11.2.1/../../../../../H-x86_64-pc-linux-gnu/nios2-elf/lib/mno-hw-mul/libc.a(lib_a-__atexit.o)
 .text.__register_exitproc
                0x0000000000025b4c       0x90 /home/danielcrovo/intelFPGA_lite/21.1/nios2eds/bin/gnu/H-x86_64-pc-linux-gnu/bin/../lib/gcc/nios2-elf/11.2.1/../../../../../H-x86_64-pc-linux-gnu/nios2-elf/lib/mno-hw-mul/libc.a(lib_a-__atexit.o)
                0x0000000000025b4c                __register_exitproc
 .text          0x0000000000025bdc        0x0 /home/danielcrovo/intelFPGA_lite/21.1/nios2eds/bin/gnu/H-x86_64-pc-linux-gnu/bin/../lib/gcc/nios2-elf/11.2.1/../../../../../H-x86_64-pc-linux-gnu/nios2-elf/lib/mno-hw-mul/libc.a(lib_a-__call_atexit.o)
 .text.__call_exitprocs
                0x0000000000025bdc      0x120 /home/danielcrovo/intelFPGA_lite/21.1/nios2eds/bin/gnu/H-x86_64-pc-linux-gnu/bin/../lib/gcc/nios2-elf/11.2.1/../../../../../H-x86_64-pc-linux-gnu/nios2-elf/lib/mno-hw-mul/libc.a(lib_a-__call_atexit.o)
                0x0000000000025bdc                __call_exitprocs
 .text          0x0000000000025cfc       0x38 ../nios_led2_bsp//libhal_bsp.a(alt_exit.o)
                0x0000000000025cfc                _exit
 *(.gnu.warning.*)
 *(.fini)
                [!provide]                        PROVIDE (__etext = ABSOLUTE (.))
                [!provide]                        PROVIDE (_etext = ABSOLUTE (.))
                [!provide]                        PROVIDE (etext = ABSOLUTE (.))
 *(.eh_frame_hdr)
                0x0000000000025d34                . = ALIGN (0x4)
                [!provide]                        PROVIDE (__preinit_array_start = ABSOLUTE (.))
 *(.preinit_array)
                [!provide]                        PROVIDE (__preinit_array_end = ABSOLUTE (.))
                [!provide]                        PROVIDE (__init_array_start = ABSOLUTE (.))
 *(.init_array)
                [!provide]                        PROVIDE (__init_array_end = ABSOLUTE (.))
                [!provide]                        PROVIDE (__fini_array_start = ABSOLUTE (.))
 *(.fini_array)
                [!provide]                        PROVIDE (__fini_array_end = ABSOLUTE (.))
 *(.eh_frame)
 *(.gcc_except_table .gcc_except_table.*)
 *(.dynamic)
                0x0000000000025d34                PROVIDE (__CTOR_LIST__ = ABSOLUTE (.))
 *(.ctors)
 *(SORT_BY_NAME(.ctors.*))
                0x0000000000025d34                PROVIDE (__CTOR_END__ = ABSOLUTE (.))
                0x0000000000025d34                PROVIDE (__DTOR_LIST__ = ABSOLUTE (.))
 *(.dtors)
 *(SORT_BY_NAME(.dtors.*))
                0x0000000000025d34                PROVIDE (__DTOR_END__ = ABSOLUTE (.))
 *(.jcr)
                0x0000000000025d34                . = ALIGN (0x4)

.rodata         0x0000000000025d34       0x6c
                0x0000000000025d34                PROVIDE (__ram_rodata_start = ABSOLUTE (.))
                0x0000000000025d34                . = ALIGN (0x4)
 *(.rodata .rodata.* .gnu.linkonce.r.*)
 .rodata        0x0000000000025d34       0x10 obj/default/gpio.o
 .rodata        0x0000000000025d44       0x2b obj/default/main.o
 *fill*         0x0000000000025d6f        0x1 
 .rodata._puts_r.str1.4
                0x0000000000025d70        0x2 /home/danielcrovo/intelFPGA_lite/21.1/nios2eds/bin/gnu/H-x86_64-pc-linux-gnu/bin/../lib/gcc/nios2-elf/11.2.1/../../../../../H-x86_64-pc-linux-gnu/nios2-elf/lib/mno-hw-mul/libc.a(lib_a-puts.o)
 *fill*         0x0000000000025d72        0x2 
 .rodata        0x0000000000025d74        0xa ../nios_led2_bsp//libhal_bsp.a(alt_dev.o)
 *fill*         0x0000000000025d7e        0x2 
 .rodata        0x0000000000025d80        0xf ../nios_led2_bsp//libhal_bsp.a(alt_main.o)
 *fill*         0x0000000000025d8f        0x1 
 .rodata        0x0000000000025d90        0xf ../nios_led2_bsp//libhal_bsp.a(alt_sys_init.o)
 *(.rodata1)
                0x0000000000025da0                . = ALIGN (0x4)
 *fill*         0x0000000000025d9f        0x1 
                0x0000000000025da0                PROVIDE (__ram_rodata_end = ABSOLUTE (.))
                0x0000000000025d34                PROVIDE (__flash_rodata_start = LOADADDR (.rodata))

.rwdata         0x0000000000025da0     0x1a70 load address 0x0000000000027810
                0x0000000000025da0                PROVIDE (__ram_rwdata_start = ABSOLUTE (.))
                0x0000000000025da0                . = ALIGN (0x4)
 *(.got.plt)
 *(.got)
 *(.data1)
 *(.data .data.* .gnu.linkonce.d.*)
 .data          0x0000000000025da0        0x0 ../nios_led2_bsp//obj/HAL/src/crt0.o
 .data          0x0000000000025da0        0x0 obj/default/gpio.o
 .data          0x0000000000025da0        0x0 obj/default/main.o
 .data          0x0000000000025da0        0x0 /home/danielcrovo/intelFPGA_lite/21.1/nios2eds/bin/gnu/H-x86_64-pc-linux-gnu/bin/../lib/gcc/nios2-elf/11.2.1/mno-hw-mul/libgcc.a(lib2-divmod.o)
 .data          0x0000000000025da0        0x0 /home/danielcrovo/intelFPGA_lite/21.1/nios2eds/bin/gnu/H-x86_64-pc-linux-gnu/bin/../lib/gcc/nios2-elf/11.2.1/../../../../../H-x86_64-pc-linux-gnu/nios2-elf/lib/mno-hw-mul/libc.a(lib_a-memcpy.o)
 .data          0x0000000000025da0        0x0 /home/danielcrovo/intelFPGA_lite/21.1/nios2eds/bin/gnu/H-x86_64-pc-linux-gnu/bin/../lib/gcc/nios2-elf/11.2.1/../../../../../H-x86_64-pc-linux-gnu/nios2-elf/lib/mno-hw-mul/libc.a(lib_a-puts.o)
 .data          0x0000000000025da0        0x0 /home/danielcrovo/intelFPGA_lite/21.1/nios2eds/bin/gnu/H-x86_64-pc-linux-gnu/bin/../lib/gcc/nios2-elf/11.2.1/../../../../../H-x86_64-pc-linux-gnu/nios2-elf/lib/mno-hw-mul/libc.a(lib_a-strlen.o)
 .data          0x0000000000025da0        0x0 /home/danielcrovo/intelFPGA_lite/21.1/nios2eds/bin/gnu/H-x86_64-pc-linux-gnu/bin/../lib/gcc/nios2-elf/11.2.1/../../../../../H-x86_64-pc-linux-gnu/nios2-elf/lib/mno-hw-mul/libc.a(lib_a-findfp.o)
 .data          0x0000000000025da0        0x0 /home/danielcrovo/intelFPGA_lite/21.1/nios2eds/bin/gnu/H-x86_64-pc-linux-gnu/bin/../lib/gcc/nios2-elf/11.2.1/../../../../../H-x86_64-pc-linux-gnu/nios2-elf/lib/mno-hw-mul/libc.a(lib_a-fvwrite.o)
 .data          0x0000000000025da0        0x0 /home/danielcrovo/intelFPGA_lite/21.1/nios2eds/bin/gnu/H-x86_64-pc-linux-gnu/bin/../lib/gcc/nios2-elf/11.2.1/../../../../../H-x86_64-pc-linux-gnu/nios2-elf/lib/mno-hw-mul/libc.a(lib_a-fwalk.o)
 .data          0x0000000000025da0        0x0 /home/danielcrovo/intelFPGA_lite/21.1/nios2eds/bin/gnu/H-x86_64-pc-linux-gnu/bin/../lib/gcc/nios2-elf/11.2.1/../../../../../H-x86_64-pc-linux-gnu/nios2-elf/lib/mno-hw-mul/libc.a(lib_a-impure.o)
 .data.impure_data
                0x0000000000025da0      0x424 /home/danielcrovo/intelFPGA_lite/21.1/nios2eds/bin/gnu/H-x86_64-pc-linux-gnu/bin/../lib/gcc/nios2-elf/11.2.1/../../../../../H-x86_64-pc-linux-gnu/nios2-elf/lib/mno-hw-mul/libc.a(lib_a-impure.o)
 .data          0x00000000000261c4        0x0 /home/danielcrovo/intelFPGA_lite/21.1/nios2eds/bin/gnu/H-x86_64-pc-linux-gnu/bin/../lib/gcc/nios2-elf/11.2.1/../../../../../H-x86_64-pc-linux-gnu/nios2-elf/lib/mno-hw-mul/libc.a(lib_a-mallocr.o)
 .data.__malloc_av_
                0x00000000000261c4      0x408 /home/danielcrovo/intelFPGA_lite/21.1/nios2eds/bin/gnu/H-x86_64-pc-linux-gnu/bin/../lib/gcc/nios2-elf/11.2.1/../../../../../H-x86_64-pc-linux-gnu/nios2-elf/lib/mno-hw-mul/libc.a(lib_a-mallocr.o)
                0x00000000000261c4                __malloc_av_
 .data          0x00000000000265cc        0x0 /home/danielcrovo/intelFPGA_lite/21.1/nios2eds/bin/gnu/H-x86_64-pc-linux-gnu/bin/../lib/gcc/nios2-elf/11.2.1/../../../../../H-x86_64-pc-linux-gnu/nios2-elf/lib/mno-hw-mul/libc.a(lib_a-memchr.o)
 .data          0x00000000000265cc        0x0 /home/danielcrovo/intelFPGA_lite/21.1/nios2eds/bin/gnu/H-x86_64-pc-linux-gnu/bin/../lib/gcc/nios2-elf/11.2.1/../../../../../H-x86_64-pc-linux-gnu/nios2-elf/lib/mno-hw-mul/libc.a(lib_a-memmove.o)
 .data          0x00000000000265cc        0x0 /home/danielcrovo/intelFPGA_lite/21.1/nios2eds/bin/gnu/H-x86_64-pc-linux-gnu/bin/../lib/gcc/nios2-elf/11.2.1/../../../../../H-x86_64-pc-linux-gnu/nios2-elf/lib/mno-hw-mul/libc.a(lib_a-memset.o)
 .data          0x00000000000265cc        0x0 /home/danielcrovo/intelFPGA_lite/21.1/nios2eds/bin/gnu/H-x86_64-pc-linux-gnu/bin/../lib/gcc/nios2-elf/11.2.1/../../../../../H-x86_64-pc-linux-gnu/nios2-elf/lib/mno-hw-mul/libc.a(lib_a-reallocr.o)
 .data          0x00000000000265cc        0x0 /home/danielcrovo/intelFPGA_lite/21.1/nios2eds/bin/gnu/H-x86_64-pc-linux-gnu/bin/../lib/gcc/nios2-elf/11.2.1/../../../../../H-x86_64-pc-linux-gnu/nios2-elf/lib/mno-hw-mul/libc.a(lib_a-sbrkr.o)
 .data          0x00000000000265cc        0x0 /home/danielcrovo/intelFPGA_lite/21.1/nios2eds/bin/gnu/H-x86_64-pc-linux-gnu/bin/../lib/gcc/nios2-elf/11.2.1/../../../../../H-x86_64-pc-linux-gnu/nios2-elf/lib/mno-hw-mul/libc.a(lib_a-stdio.o)
 .data          0x00000000000265cc        0x0 /home/danielcrovo/intelFPGA_lite/21.1/nios2eds/bin/gnu/H-x86_64-pc-linux-gnu/bin/../lib/gcc/nios2-elf/11.2.1/../../../../../H-x86_64-pc-linux-gnu/nios2-elf/lib/mno-hw-mul/libc.a(lib_a-writer.o)
 .data          0x00000000000265cc        0x0 /home/danielcrovo/intelFPGA_lite/21.1/nios2eds/bin/gnu/H-x86_64-pc-linux-gnu/bin/../lib/gcc/nios2-elf/11.2.1/../../../../../H-x86_64-pc-linux-gnu/nios2-elf/lib/mno-hw-mul/libc.a(lib_a-wsetup.o)
 .data          0x00000000000265cc        0x0 /home/danielcrovo/intelFPGA_lite/21.1/nios2eds/bin/gnu/H-x86_64-pc-linux-gnu/bin/../lib/gcc/nios2-elf/11.2.1/../../../../../H-x86_64-pc-linux-gnu/nios2-elf/lib/mno-hw-mul/libc.a(closer.o)
 .data          0x00000000000265cc        0x0 /home/danielcrovo/intelFPGA_lite/21.1/nios2eds/bin/gnu/H-x86_64-pc-linux-gnu/bin/../lib/gcc/nios2-elf/11.2.1/../../../../../H-x86_64-pc-linux-gnu/nios2-elf/lib/mno-hw-mul/libc.a(lib_a-fclose.o)
 .data          0x00000000000265cc        0x0 /home/danielcrovo/intelFPGA_lite/21.1/nios2eds/bin/gnu/H-x86_64-pc-linux-gnu/bin/../lib/gcc/nios2-elf/11.2.1/../../../../../H-x86_64-pc-linux-gnu/nios2-elf/lib/mno-hw-mul/libc.a(lib_a-fflush.o)
 .data          0x00000000000265cc        0x0 /home/danielcrovo/intelFPGA_lite/21.1/nios2eds/bin/gnu/H-x86_64-pc-linux-gnu/bin/../lib/gcc/nios2-elf/11.2.1/../../../../../H-x86_64-pc-linux-gnu/nios2-elf/lib/mno-hw-mul/libc.a(lib_a-freer.o)
 .data          0x00000000000265cc        0x0 /home/danielcrovo/intelFPGA_lite/21.1/nios2eds/bin/gnu/H-x86_64-pc-linux-gnu/bin/../lib/gcc/nios2-elf/11.2.1/../../../../../H-x86_64-pc-linux-gnu/nios2-elf/lib/mno-hw-mul/libc.a(lib_a-int_errno.o)
 .data          0x00000000000265cc        0x0 /home/danielcrovo/intelFPGA_lite/21.1/nios2eds/bin/gnu/H-x86_64-pc-linux-gnu/bin/../lib/gcc/nios2-elf/11.2.1/../../../../../H-x86_64-pc-linux-gnu/nios2-elf/lib/mno-hw-mul/libc.a(lib_a-lseekr.o)
 .data          0x00000000000265cc        0x0 /home/danielcrovo/intelFPGA_lite/21.1/nios2eds/bin/gnu/H-x86_64-pc-linux-gnu/bin/../lib/gcc/nios2-elf/11.2.1/../../../../../H-x86_64-pc-linux-gnu/nios2-elf/lib/mno-hw-mul/libc.a(lib_a-makebuf.o)
 .data          0x00000000000265cc        0x0 /home/danielcrovo/intelFPGA_lite/21.1/nios2eds/bin/gnu/H-x86_64-pc-linux-gnu/bin/../lib/gcc/nios2-elf/11.2.1/../../../../../H-x86_64-pc-linux-gnu/nios2-elf/lib/mno-hw-mul/libc.a(lib_a-readr.o)
 .data          0x00000000000265cc        0x0 /home/danielcrovo/intelFPGA_lite/21.1/nios2eds/bin/gnu/H-x86_64-pc-linux-gnu/bin/../lib/gcc/nios2-elf/11.2.1/../../../../../H-x86_64-pc-linux-gnu/nios2-elf/lib/mno-hw-mul/libc.a(lib_a-fstatr.o)
 .data          0x00000000000265cc        0x0 /home/danielcrovo/intelFPGA_lite/21.1/nios2eds/bin/gnu/H-x86_64-pc-linux-gnu/bin/../lib/gcc/nios2-elf/11.2.1/../../../../../H-x86_64-pc-linux-gnu/nios2-elf/lib/mno-hw-mul/libc.a(lib_a-isattyr.o)
 .data          0x00000000000265cc        0x0 /home/danielcrovo/intelFPGA_lite/21.1/nios2eds/bin/gnu/H-x86_64-pc-linux-gnu/bin/../lib/gcc/nios2-elf/11.2.1/mno-hw-mul/libgcc.a(lib2-mul.o)
 .data          0x00000000000265cc        0x0 ../nios_led2_bsp//libhal_bsp.a(alt_close.o)
 .data          0x00000000000265cc      0x1a8 ../nios_led2_bsp//libhal_bsp.a(alt_dev.o)
                0x00000000000265cc                alt_dev_null
                0x00000000000265f4                alt_fd_list
 .data          0x0000000000026774        0x0 ../nios_led2_bsp//libhal_bsp.a(alt_errno.o)
 .data          0x0000000000026774        0x0 ../nios_led2_bsp//libhal_bsp.a(alt_fstat.o)
 .data          0x0000000000026774        0x0 ../nios_led2_bsp//libhal_bsp.a(alt_isatty.o)
 .data          0x0000000000026774        0x0 ../nios_led2_bsp//libhal_bsp.a(alt_load.o)
 .data          0x0000000000026774        0x0 ../nios_led2_bsp//libhal_bsp.a(alt_lseek.o)
 .data          0x0000000000026774        0x0 ../nios_led2_bsp//libhal_bsp.a(alt_main.o)
 .data          0x0000000000026774        0x0 ../nios_led2_bsp//libhal_bsp.a(alt_malloc_lock.o)
 .data          0x0000000000026774        0x0 ../nios_led2_bsp//libhal_bsp.a(alt_read.o)
 .data          0x0000000000026774        0x0 ../nios_led2_bsp//libhal_bsp.a(alt_release_fd.o)
 .data          0x0000000000026774        0x0 ../nios_led2_bsp//libhal_bsp.a(alt_sbrk.o)
 .data          0x0000000000026774        0x0 ../nios_led2_bsp//libhal_bsp.a(alt_write.o)
 .data          0x0000000000026774     0x1060 ../nios_led2_bsp//libhal_bsp.a(alt_sys_init.o)
 .data          0x00000000000277d4        0x0 ../nios_led2_bsp//libhal_bsp.a(altera_avalon_jtag_uart_fd.o)
 .data          0x00000000000277d4        0x0 ../nios_led2_bsp//libhal_bsp.a(altera_avalon_jtag_uart_init.o)
 .data          0x00000000000277d4        0x0 ../nios_led2_bsp//libhal_bsp.a(altera_avalon_jtag_uart_ioctl.o)
 .data          0x00000000000277d4        0x0 ../nios_led2_bsp//libhal_bsp.a(altera_avalon_jtag_uart_read.o)
 .data          0x00000000000277d4        0x0 ../nios_led2_bsp//libhal_bsp.a(altera_avalon_jtag_uart_write.o)
 .data          0x00000000000277d4        0x0 ../nios_led2_bsp//libhal_bsp.a(altera_avalon_timer_sc.o)
 .data          0x00000000000277d4        0x0 ../nios_led2_bsp//libhal_bsp.a(alt_alarm_start.o)
 .data          0x00000000000277d4        0x0 ../nios_led2_bsp//libhal_bsp.a(alt_dcache_flush_all.o)
 .data          0x00000000000277d4        0x0 ../nios_led2_bsp//libhal_bsp.a(alt_dev_llist_insert.o)
 .data          0x00000000000277d4        0x0 ../nios_led2_bsp//libhal_bsp.a(alt_do_ctors.o)
 .data          0x00000000000277d4        0x0 ../nios_led2_bsp//libhal_bsp.a(alt_do_dtors.o)
 .data          0x00000000000277d4        0x0 ../nios_led2_bsp//libhal_bsp.a(alt_icache_flush_all.o)
 .data          0x00000000000277d4        0x0 ../nios_led2_bsp//libhal_bsp.a(alt_iic.o)
 .data          0x00000000000277d4        0x0 ../nios_led2_bsp//libhal_bsp.a(alt_iic_isr_register.o)
 .data          0x00000000000277d4        0x0 ../nios_led2_bsp//libhal_bsp.a(alt_io_redirect.o)
 .data          0x00000000000277d4        0x0 ../nios_led2_bsp//libhal_bsp.a(alt_irq_entry.o)
 .data          0x00000000000277d4        0x0 ../nios_led2_bsp//libhal_bsp.a(alt_irq_handler.o)
 .data          0x00000000000277d4        0x0 ../nios_led2_bsp//libhal_bsp.a(alt_irq_vars.o)
 .data          0x00000000000277d4        0x0 ../nios_led2_bsp//libhal_bsp.a(alt_open.o)
 .data          0x00000000000277d4        0x0 ../nios_led2_bsp//libhal_bsp.a(alt_tick.o)
 .data          0x00000000000277d4        0x0 ../nios_led2_bsp//libhal_bsp.a(altera_nios2_gen2_irq.o)
 .data          0x00000000000277d4        0x0 ../nios_led2_bsp//libhal_bsp.a(alt_exception_entry.o)
 .data          0x00000000000277d4        0x0 ../nios_led2_bsp//libhal_bsp.a(alt_find_dev.o)
 .data          0x00000000000277d4        0x0 ../nios_led2_bsp//libhal_bsp.a(alt_find_file.o)
 .data          0x00000000000277d4        0x0 ../nios_led2_bsp//libhal_bsp.a(alt_get_fd.o)
 .data          0x00000000000277d4        0x0 ../nios_led2_bsp//libhal_bsp.a(alt_instruction_exception_entry.o)
 .data          0x00000000000277d4        0x0 /home/danielcrovo/intelFPGA_lite/21.1/nios2eds/bin/gnu/H-x86_64-pc-linux-gnu/bin/../lib/gcc/nios2-elf/11.2.1/../../../../../H-x86_64-pc-linux-gnu/nios2-elf/lib/mno-hw-mul/libc.a(lib_a-atexit.o)
 .data          0x00000000000277d4        0x0 /home/danielcrovo/intelFPGA_lite/21.1/nios2eds/bin/gnu/H-x86_64-pc-linux-gnu/bin/../lib/gcc/nios2-elf/11.2.1/../../../../../H-x86_64-pc-linux-gnu/nios2-elf/lib/mno-hw-mul/libc.a(lib_a-exit.o)
 .data          0x00000000000277d4        0x0 /home/danielcrovo/intelFPGA_lite/21.1/nios2eds/bin/gnu/H-x86_64-pc-linux-gnu/bin/../lib/gcc/nios2-elf/11.2.1/../../../../../H-x86_64-pc-linux-gnu/nios2-elf/lib/mno-hw-mul/libc.a(lib_a-memcmp.o)
 .data          0x00000000000277d4        0x0 /home/danielcrovo/intelFPGA_lite/21.1/nios2eds/bin/gnu/H-x86_64-pc-linux-gnu/bin/../lib/gcc/nios2-elf/11.2.1/../../../../../H-x86_64-pc-linux-gnu/nios2-elf/lib/mno-hw-mul/libc.a(lib_a-__atexit.o)
 .data          0x00000000000277d4        0x0 /home/danielcrovo/intelFPGA_lite/21.1/nios2eds/bin/gnu/H-x86_64-pc-linux-gnu/bin/../lib/gcc/nios2-elf/11.2.1/../../../../../H-x86_64-pc-linux-gnu/nios2-elf/lib/mno-hw-mul/libc.a(lib_a-__call_atexit.o)
 .data          0x00000000000277d4        0x0 ../nios_led2_bsp//libhal_bsp.a(alt_exit.o)
                0x000000000002f7d4                _gp = ABSOLUTE ((. + 0x8000))
                [!provide]                        PROVIDE (gp = _gp)
 *(.rwdata .rwdata.*)
 *(.sdata .sdata.* .gnu.linkonce.s.*)
 .sdata         0x00000000000277d4        0x1 obj/default/main.o
 *fill*         0x00000000000277d5        0x3 
 .sdata._global_impure_ptr
                0x00000000000277d8        0x4 /home/danielcrovo/intelFPGA_lite/21.1/nios2eds/bin/gnu/H-x86_64-pc-linux-gnu/bin/../lib/gcc/nios2-elf/11.2.1/../../../../../H-x86_64-pc-linux-gnu/nios2-elf/lib/mno-hw-mul/libc.a(lib_a-impure.o)
                0x00000000000277d8                _global_impure_ptr
 .sdata._impure_ptr
                0x00000000000277dc        0x4 /home/danielcrovo/intelFPGA_lite/21.1/nios2eds/bin/gnu/H-x86_64-pc-linux-gnu/bin/../lib/gcc/nios2-elf/11.2.1/../../../../../H-x86_64-pc-linux-gnu/nios2-elf/lib/mno-hw-mul/libc.a(lib_a-impure.o)
                0x00000000000277dc                _impure_ptr
 .sdata.__malloc_sbrk_base
                0x00000000000277e0        0x4 /home/danielcrovo/intelFPGA_lite/21.1/nios2eds/bin/gnu/H-x86_64-pc-linux-gnu/bin/../lib/gcc/nios2-elf/11.2.1/../../../../../H-x86_64-pc-linux-gnu/nios2-elf/lib/mno-hw-mul/libc.a(lib_a-mallocr.o)
                0x00000000000277e0                __malloc_sbrk_base
 .sdata.__malloc_trim_threshold
                0x00000000000277e4        0x4 /home/danielcrovo/intelFPGA_lite/21.1/nios2eds/bin/gnu/H-x86_64-pc-linux-gnu/bin/../lib/gcc/nios2-elf/11.2.1/../../../../../H-x86_64-pc-linux-gnu/nios2-elf/lib/mno-hw-mul/libc.a(lib_a-mallocr.o)
                0x00000000000277e4                __malloc_trim_threshold
 .sdata         0x00000000000277e8       0x14 ../nios_led2_bsp//libhal_bsp.a(alt_dev.o)
                0x00000000000277e8                alt_fs_list
                0x00000000000277f0                alt_dev_list
                0x00000000000277f8                alt_max_fd
 .sdata         0x00000000000277fc        0x4 ../nios_led2_bsp//libhal_bsp.a(alt_errno.o)
                0x00000000000277fc                alt_errno
 .sdata         0x0000000000027800        0x4 ../nios_led2_bsp//libhal_bsp.a(alt_sbrk.o)
 .sdata         0x0000000000027804        0x4 ../nios_led2_bsp//libhal_bsp.a(alt_irq_vars.o)
                0x0000000000027804                alt_priority_mask
 .sdata         0x0000000000027808        0x8 ../nios_led2_bsp//libhal_bsp.a(alt_tick.o)
                0x0000000000027808                alt_alarm_list
 *(.sdata2 .sdata2.* .gnu.linkonce.s2.*)
                0x0000000000027810                . = ALIGN (0x4)
                0x0000000000027810                _edata = ABSOLUTE (.)
                [!provide]                        PROVIDE (edata = ABSOLUTE (.))
                0x0000000000027810                PROVIDE (__ram_rwdata_end = ABSOLUTE (.))
                0x0000000000027810                PROVIDE (__flash_rwdata_start = LOADADDR (.rwdata))

.bss            0x0000000000029280      0x15c
                0x0000000000029280                __bss_start = ABSOLUTE (.)
                [!provide]                        PROVIDE (__sbss_start = ABSOLUTE (.))
                [!provide]                        PROVIDE (___sbss_start = ABSOLUTE (.))
 *(.dynsbss)
 *(.sbss .sbss.* .gnu.linkonce.sb.*)
 .sbss          0x0000000000029280        0x4 obj/default/main.o
 .sbss.__malloc_max_total_mem
                0x0000000000029284        0x4 /home/danielcrovo/intelFPGA_lite/21.1/nios2eds/bin/gnu/H-x86_64-pc-linux-gnu/bin/../lib/gcc/nios2-elf/11.2.1/../../../../../H-x86_64-pc-linux-gnu/nios2-elf/lib/mno-hw-mul/libc.a(lib_a-mallocr.o)
                0x0000000000029284                __malloc_max_total_mem
 .sbss.__malloc_max_sbrked_mem
                0x0000000000029288        0x4 /home/danielcrovo/intelFPGA_lite/21.1/nios2eds/bin/gnu/H-x86_64-pc-linux-gnu/bin/../lib/gcc/nios2-elf/11.2.1/../../../../../H-x86_64-pc-linux-gnu/nios2-elf/lib/mno-hw-mul/libc.a(lib_a-mallocr.o)
                0x0000000000029288                __malloc_max_sbrked_mem
 .sbss.__malloc_top_pad
                0x000000000002928c        0x4 /home/danielcrovo/intelFPGA_lite/21.1/nios2eds/bin/gnu/H-x86_64-pc-linux-gnu/bin/../lib/gcc/nios2-elf/11.2.1/../../../../../H-x86_64-pc-linux-gnu/nios2-elf/lib/mno-hw-mul/libc.a(lib_a-mallocr.o)
                0x000000000002928c                __malloc_top_pad
 .sbss.errno    0x0000000000029290        0x4 /home/danielcrovo/intelFPGA_lite/21.1/nios2eds/bin/gnu/H-x86_64-pc-linux-gnu/bin/../lib/gcc/nios2-elf/11.2.1/../../../../../H-x86_64-pc-linux-gnu/nios2-elf/lib/mno-hw-mul/libc.a(lib_a-int_errno.o)
                0x0000000000029290                errno
 .sbss          0x0000000000029294        0xc ../nios_led2_bsp//libhal_bsp.a(alt_main.o)
                0x0000000000029294                alt_argc
                0x0000000000029298                alt_argv
                0x000000000002929c                alt_envp
 .sbss          0x00000000000292a0        0x4 ../nios_led2_bsp//libhal_bsp.a(alt_irq_vars.o)
                0x00000000000292a0                alt_irq_active
 .sbss          0x00000000000292a4        0xc ../nios_led2_bsp//libhal_bsp.a(alt_tick.o)
                0x00000000000292a4                _alt_tick_rate
                0x00000000000292a8                _alt_nticks
 .sbss          0x00000000000292b0        0x4 ../nios_led2_bsp//libhal_bsp.a(alt_instruction_exception_entry.o)
                0x00000000000292b0                alt_instruction_exception_handler
 *(.sbss2 .sbss2.* .gnu.linkonce.sb2.*)
 *(.scommon)
                [!provide]                        PROVIDE (__sbss_end = ABSOLUTE (.))
                [!provide]                        PROVIDE (___sbss_end = ABSOLUTE (.))
 *(.dynbss)
 *(.bss .bss.* .gnu.linkonce.b.*)
 .bss           0x00000000000292b4        0x0 ../nios_led2_bsp//obj/HAL/src/crt0.o
 .bss           0x00000000000292b4        0x0 obj/default/gpio.o
 .bss           0x00000000000292b4        0x0 obj/default/main.o
 .bss           0x00000000000292b4        0x0 /home/danielcrovo/intelFPGA_lite/21.1/nios2eds/bin/gnu/H-x86_64-pc-linux-gnu/bin/../lib/gcc/nios2-elf/11.2.1/mno-hw-mul/libgcc.a(lib2-divmod.o)
 .bss           0x00000000000292b4        0x0 /home/danielcrovo/intelFPGA_lite/21.1/nios2eds/bin/gnu/H-x86_64-pc-linux-gnu/bin/../lib/gcc/nios2-elf/11.2.1/../../../../../H-x86_64-pc-linux-gnu/nios2-elf/lib/mno-hw-mul/libc.a(lib_a-memcpy.o)
 .bss           0x00000000000292b4        0x0 /home/danielcrovo/intelFPGA_lite/21.1/nios2eds/bin/gnu/H-x86_64-pc-linux-gnu/bin/../lib/gcc/nios2-elf/11.2.1/../../../../../H-x86_64-pc-linux-gnu/nios2-elf/lib/mno-hw-mul/libc.a(lib_a-puts.o)
 .bss           0x00000000000292b4        0x0 /home/danielcrovo/intelFPGA_lite/21.1/nios2eds/bin/gnu/H-x86_64-pc-linux-gnu/bin/../lib/gcc/nios2-elf/11.2.1/../../../../../H-x86_64-pc-linux-gnu/nios2-elf/lib/mno-hw-mul/libc.a(lib_a-strlen.o)
 .bss           0x00000000000292b4        0x0 /home/danielcrovo/intelFPGA_lite/21.1/nios2eds/bin/gnu/H-x86_64-pc-linux-gnu/bin/../lib/gcc/nios2-elf/11.2.1/../../../../../H-x86_64-pc-linux-gnu/nios2-elf/lib/mno-hw-mul/libc.a(lib_a-findfp.o)
 .bss           0x00000000000292b4        0x0 /home/danielcrovo/intelFPGA_lite/21.1/nios2eds/bin/gnu/H-x86_64-pc-linux-gnu/bin/../lib/gcc/nios2-elf/11.2.1/../../../../../H-x86_64-pc-linux-gnu/nios2-elf/lib/mno-hw-mul/libc.a(lib_a-fvwrite.o)
 .bss           0x00000000000292b4        0x0 /home/danielcrovo/intelFPGA_lite/21.1/nios2eds/bin/gnu/H-x86_64-pc-linux-gnu/bin/../lib/gcc/nios2-elf/11.2.1/../../../../../H-x86_64-pc-linux-gnu/nios2-elf/lib/mno-hw-mul/libc.a(lib_a-fwalk.o)
 .bss           0x00000000000292b4        0x0 /home/danielcrovo/intelFPGA_lite/21.1/nios2eds/bin/gnu/H-x86_64-pc-linux-gnu/bin/../lib/gcc/nios2-elf/11.2.1/../../../../../H-x86_64-pc-linux-gnu/nios2-elf/lib/mno-hw-mul/libc.a(lib_a-impure.o)
 .bss           0x00000000000292b4        0x0 /home/danielcrovo/intelFPGA_lite/21.1/nios2eds/bin/gnu/H-x86_64-pc-linux-gnu/bin/../lib/gcc/nios2-elf/11.2.1/../../../../../H-x86_64-pc-linux-gnu/nios2-elf/lib/mno-hw-mul/libc.a(lib_a-mallocr.o)
 .bss.__malloc_current_mallinfo
                0x00000000000292b4       0x28 /home/danielcrovo/intelFPGA_lite/21.1/nios2eds/bin/gnu/H-x86_64-pc-linux-gnu/bin/../lib/gcc/nios2-elf/11.2.1/../../../../../H-x86_64-pc-linux-gnu/nios2-elf/lib/mno-hw-mul/libc.a(lib_a-mallocr.o)
                0x00000000000292b4                __malloc_current_mallinfo
 .bss           0x00000000000292dc        0x0 /home/danielcrovo/intelFPGA_lite/21.1/nios2eds/bin/gnu/H-x86_64-pc-linux-gnu/bin/../lib/gcc/nios2-elf/11.2.1/../../../../../H-x86_64-pc-linux-gnu/nios2-elf/lib/mno-hw-mul/libc.a(lib_a-memchr.o)
 .bss           0x00000000000292dc        0x0 /home/danielcrovo/intelFPGA_lite/21.1/nios2eds/bin/gnu/H-x86_64-pc-linux-gnu/bin/../lib/gcc/nios2-elf/11.2.1/../../../../../H-x86_64-pc-linux-gnu/nios2-elf/lib/mno-hw-mul/libc.a(lib_a-memmove.o)
 .bss           0x00000000000292dc        0x0 /home/danielcrovo/intelFPGA_lite/21.1/nios2eds/bin/gnu/H-x86_64-pc-linux-gnu/bin/../lib/gcc/nios2-elf/11.2.1/../../../../../H-x86_64-pc-linux-gnu/nios2-elf/lib/mno-hw-mul/libc.a(lib_a-memset.o)
 .bss           0x00000000000292dc        0x0 /home/danielcrovo/intelFPGA_lite/21.1/nios2eds/bin/gnu/H-x86_64-pc-linux-gnu/bin/../lib/gcc/nios2-elf/11.2.1/../../../../../H-x86_64-pc-linux-gnu/nios2-elf/lib/mno-hw-mul/libc.a(lib_a-reallocr.o)
 .bss           0x00000000000292dc        0x0 /home/danielcrovo/intelFPGA_lite/21.1/nios2eds/bin/gnu/H-x86_64-pc-linux-gnu/bin/../lib/gcc/nios2-elf/11.2.1/../../../../../H-x86_64-pc-linux-gnu/nios2-elf/lib/mno-hw-mul/libc.a(lib_a-sbrkr.o)
 .bss           0x00000000000292dc        0x0 /home/danielcrovo/intelFPGA_lite/21.1/nios2eds/bin/gnu/H-x86_64-pc-linux-gnu/bin/../lib/gcc/nios2-elf/11.2.1/../../../../../H-x86_64-pc-linux-gnu/nios2-elf/lib/mno-hw-mul/libc.a(lib_a-stdio.o)
 .bss           0x00000000000292dc        0x0 /home/danielcrovo/intelFPGA_lite/21.1/nios2eds/bin/gnu/H-x86_64-pc-linux-gnu/bin/../lib/gcc/nios2-elf/11.2.1/../../../../../H-x86_64-pc-linux-gnu/nios2-elf/lib/mno-hw-mul/libc.a(lib_a-writer.o)
 .bss           0x00000000000292dc        0x0 /home/danielcrovo/intelFPGA_lite/21.1/nios2eds/bin/gnu/H-x86_64-pc-linux-gnu/bin/../lib/gcc/nios2-elf/11.2.1/../../../../../H-x86_64-pc-linux-gnu/nios2-elf/lib/mno-hw-mul/libc.a(lib_a-wsetup.o)
 .bss           0x00000000000292dc        0x0 /home/danielcrovo/intelFPGA_lite/21.1/nios2eds/bin/gnu/H-x86_64-pc-linux-gnu/bin/../lib/gcc/nios2-elf/11.2.1/../../../../../H-x86_64-pc-linux-gnu/nios2-elf/lib/mno-hw-mul/libc.a(closer.o)
 .bss           0x00000000000292dc        0x0 /home/danielcrovo/intelFPGA_lite/21.1/nios2eds/bin/gnu/H-x86_64-pc-linux-gnu/bin/../lib/gcc/nios2-elf/11.2.1/../../../../../H-x86_64-pc-linux-gnu/nios2-elf/lib/mno-hw-mul/libc.a(lib_a-fclose.o)
 .bss           0x00000000000292dc        0x0 /home/danielcrovo/intelFPGA_lite/21.1/nios2eds/bin/gnu/H-x86_64-pc-linux-gnu/bin/../lib/gcc/nios2-elf/11.2.1/../../../../../H-x86_64-pc-linux-gnu/nios2-elf/lib/mno-hw-mul/libc.a(lib_a-fflush.o)
 .bss           0x00000000000292dc        0x0 /home/danielcrovo/intelFPGA_lite/21.1/nios2eds/bin/gnu/H-x86_64-pc-linux-gnu/bin/../lib/gcc/nios2-elf/11.2.1/../../../../../H-x86_64-pc-linux-gnu/nios2-elf/lib/mno-hw-mul/libc.a(lib_a-freer.o)
 .bss           0x00000000000292dc        0x0 /home/danielcrovo/intelFPGA_lite/21.1/nios2eds/bin/gnu/H-x86_64-pc-linux-gnu/bin/../lib/gcc/nios2-elf/11.2.1/../../../../../H-x86_64-pc-linux-gnu/nios2-elf/lib/mno-hw-mul/libc.a(lib_a-int_errno.o)
 .bss           0x00000000000292dc        0x0 /home/danielcrovo/intelFPGA_lite/21.1/nios2eds/bin/gnu/H-x86_64-pc-linux-gnu/bin/../lib/gcc/nios2-elf/11.2.1/../../../../../H-x86_64-pc-linux-gnu/nios2-elf/lib/mno-hw-mul/libc.a(lib_a-lseekr.o)
 .bss           0x00000000000292dc        0x0 /home/danielcrovo/intelFPGA_lite/21.1/nios2eds/bin/gnu/H-x86_64-pc-linux-gnu/bin/../lib/gcc/nios2-elf/11.2.1/../../../../../H-x86_64-pc-linux-gnu/nios2-elf/lib/mno-hw-mul/libc.a(lib_a-makebuf.o)
 .bss           0x00000000000292dc        0x0 /home/danielcrovo/intelFPGA_lite/21.1/nios2eds/bin/gnu/H-x86_64-pc-linux-gnu/bin/../lib/gcc/nios2-elf/11.2.1/../../../../../H-x86_64-pc-linux-gnu/nios2-elf/lib/mno-hw-mul/libc.a(lib_a-readr.o)
 .bss           0x00000000000292dc        0x0 /home/danielcrovo/intelFPGA_lite/21.1/nios2eds/bin/gnu/H-x86_64-pc-linux-gnu/bin/../lib/gcc/nios2-elf/11.2.1/../../../../../H-x86_64-pc-linux-gnu/nios2-elf/lib/mno-hw-mul/libc.a(lib_a-fstatr.o)
 .bss           0x00000000000292dc        0x0 /home/danielcrovo/intelFPGA_lite/21.1/nios2eds/bin/gnu/H-x86_64-pc-linux-gnu/bin/../lib/gcc/nios2-elf/11.2.1/../../../../../H-x86_64-pc-linux-gnu/nios2-elf/lib/mno-hw-mul/libc.a(lib_a-isattyr.o)
 .bss           0x00000000000292dc        0x0 /home/danielcrovo/intelFPGA_lite/21.1/nios2eds/bin/gnu/H-x86_64-pc-linux-gnu/bin/../lib/gcc/nios2-elf/11.2.1/mno-hw-mul/libgcc.a(lib2-mul.o)
 .bss           0x00000000000292dc        0x0 ../nios_led2_bsp//libhal_bsp.a(alt_close.o)
 .bss           0x00000000000292dc        0x0 ../nios_led2_bsp//libhal_bsp.a(alt_dev.o)
 .bss           0x00000000000292dc        0x0 ../nios_led2_bsp//libhal_bsp.a(alt_errno.o)
 .bss           0x00000000000292dc        0x0 ../nios_led2_bsp//libhal_bsp.a(alt_fstat.o)
 .bss           0x00000000000292dc        0x0 ../nios_led2_bsp//libhal_bsp.a(alt_isatty.o)
 .bss           0x00000000000292dc        0x0 ../nios_led2_bsp//libhal_bsp.a(alt_load.o)
 .bss           0x00000000000292dc        0x0 ../nios_led2_bsp//libhal_bsp.a(alt_lseek.o)
 .bss           0x00000000000292dc        0x0 ../nios_led2_bsp//libhal_bsp.a(alt_main.o)
 .bss           0x00000000000292dc        0x0 ../nios_led2_bsp//libhal_bsp.a(alt_malloc_lock.o)
 .bss           0x00000000000292dc        0x0 ../nios_led2_bsp//libhal_bsp.a(alt_read.o)
 .bss           0x00000000000292dc        0x0 ../nios_led2_bsp//libhal_bsp.a(alt_release_fd.o)
 .bss           0x00000000000292dc        0x0 ../nios_led2_bsp//libhal_bsp.a(alt_sbrk.o)
 .bss           0x00000000000292dc        0x0 ../nios_led2_bsp//libhal_bsp.a(alt_write.o)
 .bss           0x00000000000292dc        0x0 ../nios_led2_bsp//libhal_bsp.a(alt_sys_init.o)
 .bss           0x00000000000292dc        0x0 ../nios_led2_bsp//libhal_bsp.a(altera_avalon_jtag_uart_fd.o)
 .bss           0x00000000000292dc        0x0 ../nios_led2_bsp//libhal_bsp.a(altera_avalon_jtag_uart_init.o)
 .bss           0x00000000000292dc        0x0 ../nios_led2_bsp//libhal_bsp.a(altera_avalon_jtag_uart_ioctl.o)
 .bss           0x00000000000292dc        0x0 ../nios_led2_bsp//libhal_bsp.a(altera_avalon_jtag_uart_read.o)
 .bss           0x00000000000292dc        0x0 ../nios_led2_bsp//libhal_bsp.a(altera_avalon_jtag_uart_write.o)
 .bss           0x00000000000292dc        0x0 ../nios_led2_bsp//libhal_bsp.a(altera_avalon_timer_sc.o)
 .bss           0x00000000000292dc        0x0 ../nios_led2_bsp//libhal_bsp.a(alt_alarm_start.o)
 .bss           0x00000000000292dc        0x0 ../nios_led2_bsp//libhal_bsp.a(alt_dcache_flush_all.o)
 .bss           0x00000000000292dc        0x0 ../nios_led2_bsp//libhal_bsp.a(alt_dev_llist_insert.o)
 .bss           0x00000000000292dc        0x0 ../nios_led2_bsp//libhal_bsp.a(alt_do_ctors.o)
 .bss           0x00000000000292dc        0x0 ../nios_led2_bsp//libhal_bsp.a(alt_do_dtors.o)
 .bss           0x00000000000292dc        0x0 ../nios_led2_bsp//libhal_bsp.a(alt_icache_flush_all.o)
 .bss           0x00000000000292dc        0x0 ../nios_led2_bsp//libhal_bsp.a(alt_iic.o)
 .bss           0x00000000000292dc        0x0 ../nios_led2_bsp//libhal_bsp.a(alt_iic_isr_register.o)
 .bss           0x00000000000292dc        0x0 ../nios_led2_bsp//libhal_bsp.a(alt_io_redirect.o)
 .bss           0x00000000000292dc        0x0 ../nios_led2_bsp//libhal_bsp.a(alt_irq_entry.o)
 .bss           0x00000000000292dc      0x100 ../nios_led2_bsp//libhal_bsp.a(alt_irq_handler.o)
                0x00000000000292dc                alt_irq
 .bss           0x00000000000293dc        0x0 ../nios_led2_bsp//libhal_bsp.a(alt_irq_vars.o)
 .bss           0x00000000000293dc        0x0 ../nios_led2_bsp//libhal_bsp.a(alt_open.o)
 .bss           0x00000000000293dc        0x0 ../nios_led2_bsp//libhal_bsp.a(alt_tick.o)
 .bss           0x00000000000293dc        0x0 ../nios_led2_bsp//libhal_bsp.a(altera_nios2_gen2_irq.o)
 .bss           0x00000000000293dc        0x0 ../nios_led2_bsp//libhal_bsp.a(alt_exception_entry.o)
 .bss           0x00000000000293dc        0x0 ../nios_led2_bsp//libhal_bsp.a(alt_find_dev.o)
 .bss           0x00000000000293dc        0x0 ../nios_led2_bsp//libhal_bsp.a(alt_find_file.o)
 .bss           0x00000000000293dc        0x0 ../nios_led2_bsp//libhal_bsp.a(alt_get_fd.o)
 .bss           0x00000000000293dc        0x0 ../nios_led2_bsp//libhal_bsp.a(alt_instruction_exception_entry.o)
 .bss           0x00000000000293dc        0x0 /home/danielcrovo/intelFPGA_lite/21.1/nios2eds/bin/gnu/H-x86_64-pc-linux-gnu/bin/../lib/gcc/nios2-elf/11.2.1/../../../../../H-x86_64-pc-linux-gnu/nios2-elf/lib/mno-hw-mul/libc.a(lib_a-atexit.o)
 .bss           0x00000000000293dc        0x0 /home/danielcrovo/intelFPGA_lite/21.1/nios2eds/bin/gnu/H-x86_64-pc-linux-gnu/bin/../lib/gcc/nios2-elf/11.2.1/../../../../../H-x86_64-pc-linux-gnu/nios2-elf/lib/mno-hw-mul/libc.a(lib_a-exit.o)
 .bss           0x00000000000293dc        0x0 /home/danielcrovo/intelFPGA_lite/21.1/nios2eds/bin/gnu/H-x86_64-pc-linux-gnu/bin/../lib/gcc/nios2-elf/11.2.1/../../../../../H-x86_64-pc-linux-gnu/nios2-elf/lib/mno-hw-mul/libc.a(lib_a-memcmp.o)
 .bss           0x00000000000293dc        0x0 /home/danielcrovo/intelFPGA_lite/21.1/nios2eds/bin/gnu/H-x86_64-pc-linux-gnu/bin/../lib/gcc/nios2-elf/11.2.1/../../../../../H-x86_64-pc-linux-gnu/nios2-elf/lib/mno-hw-mul/libc.a(lib_a-__atexit.o)
 .bss           0x00000000000293dc        0x0 /home/danielcrovo/intelFPGA_lite/21.1/nios2eds/bin/gnu/H-x86_64-pc-linux-gnu/bin/../lib/gcc/nios2-elf/11.2.1/../../../../../H-x86_64-pc-linux-gnu/nios2-elf/lib/mno-hw-mul/libc.a(lib_a-__call_atexit.o)
 .bss           0x00000000000293dc        0x0 ../nios_led2_bsp//libhal_bsp.a(alt_exit.o)
 *(COMMON)
                0x00000000000293dc                . = ALIGN (0x4)
                0x00000000000293dc                __bss_end = ABSOLUTE (.)

.onchip_mem     0x00000000000293dc        0x0
                [!provide]                        PROVIDE (_alt_partition_onchip_mem_start = ABSOLUTE (.))
 *(.onchip_mem .onchip_mem. onchip_mem.*)
                0x00000000000293dc                . = ALIGN (0x4)
                [!provide]                        PROVIDE (_alt_partition_onchip_mem_end = ABSOLUTE (.))
                0x00000000000293dc                _end = ABSOLUTE (.)
                0x00000000000293dc                end = ABSOLUTE (.)
                0x00000000000293dc                __alt_stack_base = ABSOLUTE (.)
                [!provide]                        PROVIDE (_alt_partition_onchip_mem_load_addr = LOADADDR (.onchip_mem))

.stab
 *(.stab)

.stabstr
 *(.stabstr)

.stab.excl
 *(.stab.excl)

.stab.exclstr
 *(.stab.exclstr)

.stab.index
 *(.stab.index)

.stab.indexstr
 *(.stab.indexstr)

.comment        0x0000000000000000       0x2d
 *(.comment)
 .comment       0x0000000000000000       0x2d obj/default/gpio.o
                                         0x2e (size before relaxing)
 .comment       0x000000000000002d       0x2e obj/default/main.o
 .comment       0x000000000000002d       0x2e /home/danielcrovo/intelFPGA_lite/21.1/nios2eds/bin/gnu/H-x86_64-pc-linux-gnu/bin/../lib/gcc/nios2-elf/11.2.1/mno-hw-mul/libgcc.a(lib2-divmod.o)
 .comment       0x000000000000002d       0x2e /home/danielcrovo/intelFPGA_lite/21.1/nios2eds/bin/gnu/H-x86_64-pc-linux-gnu/bin/../lib/gcc/nios2-elf/11.2.1/../../../../../H-x86_64-pc-linux-gnu/nios2-elf/lib/mno-hw-mul/libc.a(lib_a-memcpy.o)
 .comment       0x000000000000002d       0x2e /home/danielcrovo/intelFPGA_lite/21.1/nios2eds/bin/gnu/H-x86_64-pc-linux-gnu/bin/../lib/gcc/nios2-elf/11.2.1/../../../../../H-x86_64-pc-linux-gnu/nios2-elf/lib/mno-hw-mul/libc.a(lib_a-puts.o)
 .comment       0x000000000000002d       0x2e /home/danielcrovo/intelFPGA_lite/21.1/nios2eds/bin/gnu/H-x86_64-pc-linux-gnu/bin/../lib/gcc/nios2-elf/11.2.1/../../../../../H-x86_64-pc-linux-gnu/nios2-elf/lib/mno-hw-mul/libc.a(lib_a-strlen.o)
 .comment       0x000000000000002d       0x2e /home/danielcrovo/intelFPGA_lite/21.1/nios2eds/bin/gnu/H-x86_64-pc-linux-gnu/bin/../lib/gcc/nios2-elf/11.2.1/../../../../../H-x86_64-pc-linux-gnu/nios2-elf/lib/mno-hw-mul/libc.a(lib_a-findfp.o)
 .comment       0x000000000000002d       0x2e /home/danielcrovo/intelFPGA_lite/21.1/nios2eds/bin/gnu/H-x86_64-pc-linux-gnu/bin/../lib/gcc/nios2-elf/11.2.1/../../../../../H-x86_64-pc-linux-gnu/nios2-elf/lib/mno-hw-mul/libc.a(lib_a-fvwrite.o)
 .comment       0x000000000000002d       0x2e /home/danielcrovo/intelFPGA_lite/21.1/nios2eds/bin/gnu/H-x86_64-pc-linux-gnu/bin/../lib/gcc/nios2-elf/11.2.1/../../../../../H-x86_64-pc-linux-gnu/nios2-elf/lib/mno-hw-mul/libc.a(lib_a-fwalk.o)
 .comment       0x000000000000002d       0x2e /home/danielcrovo/intelFPGA_lite/21.1/nios2eds/bin/gnu/H-x86_64-pc-linux-gnu/bin/../lib/gcc/nios2-elf/11.2.1/../../../../../H-x86_64-pc-linux-gnu/nios2-elf/lib/mno-hw-mul/libc.a(lib_a-impure.o)
 .comment       0x000000000000002d       0x2e /home/danielcrovo/intelFPGA_lite/21.1/nios2eds/bin/gnu/H-x86_64-pc-linux-gnu/bin/../lib/gcc/nios2-elf/11.2.1/../../../../../H-x86_64-pc-linux-gnu/nios2-elf/lib/mno-hw-mul/libc.a(lib_a-mallocr.o)
 .comment       0x000000000000002d       0x2e /home/danielcrovo/intelFPGA_lite/21.1/nios2eds/bin/gnu/H-x86_64-pc-linux-gnu/bin/../lib/gcc/nios2-elf/11.2.1/../../../../../H-x86_64-pc-linux-gnu/nios2-elf/lib/mno-hw-mul/libc.a(lib_a-memchr.o)
 .comment       0x000000000000002d       0x2e /home/danielcrovo/intelFPGA_lite/21.1/nios2eds/bin/gnu/H-x86_64-pc-linux-gnu/bin/../lib/gcc/nios2-elf/11.2.1/../../../../../H-x86_64-pc-linux-gnu/nios2-elf/lib/mno-hw-mul/libc.a(lib_a-memmove.o)
 .comment       0x000000000000002d       0x2e /home/danielcrovo/intelFPGA_lite/21.1/nios2eds/bin/gnu/H-x86_64-pc-linux-gnu/bin/../lib/gcc/nios2-elf/11.2.1/../../../../../H-x86_64-pc-linux-gnu/nios2-elf/lib/mno-hw-mul/libc.a(lib_a-memset.o)
 .comment       0x000000000000002d       0x2e /home/danielcrovo/intelFPGA_lite/21.1/nios2eds/bin/gnu/H-x86_64-pc-linux-gnu/bin/../lib/gcc/nios2-elf/11.2.1/../../../../../H-x86_64-pc-linux-gnu/nios2-elf/lib/mno-hw-mul/libc.a(lib_a-reallocr.o)
 .comment       0x000000000000002d       0x2e /home/danielcrovo/intelFPGA_lite/21.1/nios2eds/bin/gnu/H-x86_64-pc-linux-gnu/bin/../lib/gcc/nios2-elf/11.2.1/../../../../../H-x86_64-pc-linux-gnu/nios2-elf/lib/mno-hw-mul/libc.a(lib_a-sbrkr.o)
 .comment       0x000000000000002d       0x2e /home/danielcrovo/intelFPGA_lite/21.1/nios2eds/bin/gnu/H-x86_64-pc-linux-gnu/bin/../lib/gcc/nios2-elf/11.2.1/../../../../../H-x86_64-pc-linux-gnu/nios2-elf/lib/mno-hw-mul/libc.a(lib_a-stdio.o)
 .comment       0x000000000000002d       0x2e /home/danielcrovo/intelFPGA_lite/21.1/nios2eds/bin/gnu/H-x86_64-pc-linux-gnu/bin/../lib/gcc/nios2-elf/11.2.1/../../../../../H-x86_64-pc-linux-gnu/nios2-elf/lib/mno-hw-mul/libc.a(lib_a-writer.o)
 .comment       0x000000000000002d       0x2e /home/danielcrovo/intelFPGA_lite/21.1/nios2eds/bin/gnu/H-x86_64-pc-linux-gnu/bin/../lib/gcc/nios2-elf/11.2.1/../../../../../H-x86_64-pc-linux-gnu/nios2-elf/lib/mno-hw-mul/libc.a(lib_a-wsetup.o)
 .comment       0x000000000000002d       0x2e /home/danielcrovo/intelFPGA_lite/21.1/nios2eds/bin/gnu/H-x86_64-pc-linux-gnu/bin/../lib/gcc/nios2-elf/11.2.1/../../../../../H-x86_64-pc-linux-gnu/nios2-elf/lib/mno-hw-mul/libc.a(closer.o)
 .comment       0x000000000000002d       0x2e /home/danielcrovo/intelFPGA_lite/21.1/nios2eds/bin/gnu/H-x86_64-pc-linux-gnu/bin/../lib/gcc/nios2-elf/11.2.1/../../../../../H-x86_64-pc-linux-gnu/nios2-elf/lib/mno-hw-mul/libc.a(lib_a-fclose.o)
 .comment       0x000000000000002d       0x2e /home/danielcrovo/intelFPGA_lite/21.1/nios2eds/bin/gnu/H-x86_64-pc-linux-gnu/bin/../lib/gcc/nios2-elf/11.2.1/../../../../../H-x86_64-pc-linux-gnu/nios2-elf/lib/mno-hw-mul/libc.a(lib_a-fflush.o)
 .comment       0x000000000000002d       0x2e /home/danielcrovo/intelFPGA_lite/21.1/nios2eds/bin/gnu/H-x86_64-pc-linux-gnu/bin/../lib/gcc/nios2-elf/11.2.1/../../../../../H-x86_64-pc-linux-gnu/nios2-elf/lib/mno-hw-mul/libc.a(lib_a-freer.o)
 .comment       0x000000000000002d       0x2e /home/danielcrovo/intelFPGA_lite/21.1/nios2eds/bin/gnu/H-x86_64-pc-linux-gnu/bin/../lib/gcc/nios2-elf/11.2.1/../../../../../H-x86_64-pc-linux-gnu/nios2-elf/lib/mno-hw-mul/libc.a(lib_a-int_errno.o)
 .comment       0x000000000000002d       0x2e /home/danielcrovo/intelFPGA_lite/21.1/nios2eds/bin/gnu/H-x86_64-pc-linux-gnu/bin/../lib/gcc/nios2-elf/11.2.1/../../../../../H-x86_64-pc-linux-gnu/nios2-elf/lib/mno-hw-mul/libc.a(lib_a-lseekr.o)
 .comment       0x000000000000002d       0x2e /home/danielcrovo/intelFPGA_lite/21.1/nios2eds/bin/gnu/H-x86_64-pc-linux-gnu/bin/../lib/gcc/nios2-elf/11.2.1/../../../../../H-x86_64-pc-linux-gnu/nios2-elf/lib/mno-hw-mul/libc.a(lib_a-makebuf.o)
 .comment       0x000000000000002d       0x2e /home/danielcrovo/intelFPGA_lite/21.1/nios2eds/bin/gnu/H-x86_64-pc-linux-gnu/bin/../lib/gcc/nios2-elf/11.2.1/../../../../../H-x86_64-pc-linux-gnu/nios2-elf/lib/mno-hw-mul/libc.a(lib_a-readr.o)
 .comment       0x000000000000002d       0x2e /home/danielcrovo/intelFPGA_lite/21.1/nios2eds/bin/gnu/H-x86_64-pc-linux-gnu/bin/../lib/gcc/nios2-elf/11.2.1/../../../../../H-x86_64-pc-linux-gnu/nios2-elf/lib/mno-hw-mul/libc.a(lib_a-fstatr.o)
 .comment       0x000000000000002d       0x2e /home/danielcrovo/intelFPGA_lite/21.1/nios2eds/bin/gnu/H-x86_64-pc-linux-gnu/bin/../lib/gcc/nios2-elf/11.2.1/../../../../../H-x86_64-pc-linux-gnu/nios2-elf/lib/mno-hw-mul/libc.a(lib_a-isattyr.o)
 .comment       0x000000000000002d       0x2e /home/danielcrovo/intelFPGA_lite/21.1/nios2eds/bin/gnu/H-x86_64-pc-linux-gnu/bin/../lib/gcc/nios2-elf/11.2.1/mno-hw-mul/libgcc.a(lib2-mul.o)
 .comment       0x000000000000002d       0x2e ../nios_led2_bsp//libhal_bsp.a(alt_close.o)
 .comment       0x000000000000002d       0x2e ../nios_led2_bsp//libhal_bsp.a(alt_dev.o)
 .comment       0x000000000000002d       0x2e ../nios_led2_bsp//libhal_bsp.a(alt_errno.o)
 .comment       0x000000000000002d       0x2e ../nios_led2_bsp//libhal_bsp.a(alt_fstat.o)
 .comment       0x000000000000002d       0x2e ../nios_led2_bsp//libhal_bsp.a(alt_isatty.o)
 .comment       0x000000000000002d       0x2e ../nios_led2_bsp//libhal_bsp.a(alt_load.o)
 .comment       0x000000000000002d       0x2e ../nios_led2_bsp//libhal_bsp.a(alt_lseek.o)
 .comment       0x000000000000002d       0x2e ../nios_led2_bsp//libhal_bsp.a(alt_main.o)
 .comment       0x000000000000002d       0x2e ../nios_led2_bsp//libhal_bsp.a(alt_malloc_lock.o)
 .comment       0x000000000000002d       0x2e ../nios_led2_bsp//libhal_bsp.a(alt_read.o)
 .comment       0x000000000000002d       0x2e ../nios_led2_bsp//libhal_bsp.a(alt_release_fd.o)
 .comment       0x000000000000002d       0x2e ../nios_led2_bsp//libhal_bsp.a(alt_sbrk.o)
 .comment       0x000000000000002d       0x2e ../nios_led2_bsp//libhal_bsp.a(alt_write.o)
 .comment       0x000000000000002d       0x2e ../nios_led2_bsp//libhal_bsp.a(alt_sys_init.o)
 .comment       0x000000000000002d       0x2e ../nios_led2_bsp//libhal_bsp.a(altera_avalon_jtag_uart_fd.o)
 .comment       0x000000000000002d       0x2e ../nios_led2_bsp//libhal_bsp.a(altera_avalon_jtag_uart_init.o)
 .comment       0x000000000000002d       0x2e ../nios_led2_bsp//libhal_bsp.a(altera_avalon_jtag_uart_ioctl.o)
 .comment       0x000000000000002d       0x2e ../nios_led2_bsp//libhal_bsp.a(altera_avalon_jtag_uart_read.o)
 .comment       0x000000000000002d       0x2e ../nios_led2_bsp//libhal_bsp.a(altera_avalon_jtag_uart_write.o)
 .comment       0x000000000000002d       0x2e ../nios_led2_bsp//libhal_bsp.a(altera_avalon_timer_sc.o)
 .comment       0x000000000000002d       0x2e ../nios_led2_bsp//libhal_bsp.a(alt_alarm_start.o)
 .comment       0x000000000000002d       0x2e ../nios_led2_bsp//libhal_bsp.a(alt_dcache_flush_all.o)
 .comment       0x000000000000002d       0x2e ../nios_led2_bsp//libhal_bsp.a(alt_dev_llist_insert.o)
 .comment       0x000000000000002d       0x2e ../nios_led2_bsp//libhal_bsp.a(alt_do_ctors.o)
 .comment       0x000000000000002d       0x2e ../nios_led2_bsp//libhal_bsp.a(alt_do_dtors.o)
 .comment       0x000000000000002d       0x2e ../nios_led2_bsp//libhal_bsp.a(alt_icache_flush_all.o)
 .comment       0x000000000000002d       0x2e ../nios_led2_bsp//libhal_bsp.a(alt_iic.o)
 .comment       0x000000000000002d       0x2e ../nios_led2_bsp//libhal_bsp.a(alt_iic_isr_register.o)
 .comment       0x000000000000002d       0x2e ../nios_led2_bsp//libhal_bsp.a(alt_io_redirect.o)
 .comment       0x000000000000002d       0x2e ../nios_led2_bsp//libhal_bsp.a(alt_irq_handler.o)
 .comment       0x000000000000002d       0x2e ../nios_led2_bsp//libhal_bsp.a(alt_irq_vars.o)
 .comment       0x000000000000002d       0x2e ../nios_led2_bsp//libhal_bsp.a(alt_open.o)
 .comment       0x000000000000002d       0x2e ../nios_led2_bsp//libhal_bsp.a(alt_tick.o)
 .comment       0x000000000000002d       0x2e ../nios_led2_bsp//libhal_bsp.a(altera_nios2_gen2_irq.o)
 .comment       0x000000000000002d       0x2e ../nios_led2_bsp//libhal_bsp.a(alt_find_dev.o)
 .comment       0x000000000000002d       0x2e ../nios_led2_bsp//libhal_bsp.a(alt_find_file.o)
 .comment       0x000000000000002d       0x2e ../nios_led2_bsp//libhal_bsp.a(alt_get_fd.o)
 .comment       0x000000000000002d       0x2e ../nios_led2_bsp//libhal_bsp.a(alt_instruction_exception_entry.o)
 .comment       0x000000000000002d       0x2e /home/danielcrovo/intelFPGA_lite/21.1/nios2eds/bin/gnu/H-x86_64-pc-linux-gnu/bin/../lib/gcc/nios2-elf/11.2.1/../../../../../H-x86_64-pc-linux-gnu/nios2-elf/lib/mno-hw-mul/libc.a(lib_a-atexit.o)
 .comment       0x000000000000002d       0x2e /home/danielcrovo/intelFPGA_lite/21.1/nios2eds/bin/gnu/H-x86_64-pc-linux-gnu/bin/../lib/gcc/nios2-elf/11.2.1/../../../../../H-x86_64-pc-linux-gnu/nios2-elf/lib/mno-hw-mul/libc.a(lib_a-exit.o)
 .comment       0x000000000000002d       0x2e /home/danielcrovo/intelFPGA_lite/21.1/nios2eds/bin/gnu/H-x86_64-pc-linux-gnu/bin/../lib/gcc/nios2-elf/11.2.1/../../../../../H-x86_64-pc-linux-gnu/nios2-elf/lib/mno-hw-mul/libc.a(lib_a-memcmp.o)
 .comment       0x000000000000002d       0x2e /home/danielcrovo/intelFPGA_lite/21.1/nios2eds/bin/gnu/H-x86_64-pc-linux-gnu/bin/../lib/gcc/nios2-elf/11.2.1/../../../../../H-x86_64-pc-linux-gnu/nios2-elf/lib/mno-hw-mul/libc.a(lib_a-__atexit.o)
 .comment       0x000000000000002d       0x2e /home/danielcrovo/intelFPGA_lite/21.1/nios2eds/bin/gnu/H-x86_64-pc-linux-gnu/bin/../lib/gcc/nios2-elf/11.2.1/../../../../../H-x86_64-pc-linux-gnu/nios2-elf/lib/mno-hw-mul/libc.a(lib_a-__call_atexit.o)
 .comment       0x000000000000002d       0x2e ../nios_led2_bsp//libhal_bsp.a(alt_exit.o)

.debug
 *(.debug)

.line
 *(.line)

.debug_srcinfo
 *(.debug_srcinfo)

.debug_sfnames
 *(.debug_sfnames)

.debug_aranges  0x0000000000000000      0xa50
 *(.debug_aranges)
 .debug_aranges
                0x0000000000000000       0x28 ../nios_led2_bsp//obj/HAL/src/crt0.o
 .debug_aranges
                0x0000000000000028       0x20 obj/default/gpio.o
 .debug_aranges
                0x0000000000000048       0x20 obj/default/main.o
 .debug_aranges
                0x0000000000000068       0x20 /home/danielcrovo/intelFPGA_lite/21.1/nios2eds/bin/gnu/H-x86_64-pc-linux-gnu/bin/../lib/gcc/nios2-elf/11.2.1/mno-hw-mul/libgcc.a(lib2-divmod.o)
 .debug_aranges
                0x0000000000000088       0x20 /home/danielcrovo/intelFPGA_lite/21.1/nios2eds/bin/gnu/H-x86_64-pc-linux-gnu/bin/../lib/gcc/nios2-elf/11.2.1/../../../../../H-x86_64-pc-linux-gnu/nios2-elf/lib/mno-hw-mul/libc.a(lib_a-memcpy.o)
 .debug_aranges
                0x00000000000000a8       0x28 /home/danielcrovo/intelFPGA_lite/21.1/nios2eds/bin/gnu/H-x86_64-pc-linux-gnu/bin/../lib/gcc/nios2-elf/11.2.1/../../../../../H-x86_64-pc-linux-gnu/nios2-elf/lib/mno-hw-mul/libc.a(lib_a-puts.o)
 .debug_aranges
                0x00000000000000d0       0x20 /home/danielcrovo/intelFPGA_lite/21.1/nios2eds/bin/gnu/H-x86_64-pc-linux-gnu/bin/../lib/gcc/nios2-elf/11.2.1/../../../../../H-x86_64-pc-linux-gnu/nios2-elf/lib/mno-hw-mul/libc.a(lib_a-strlen.o)
 .debug_aranges
                0x00000000000000f0       0x68 /home/danielcrovo/intelFPGA_lite/21.1/nios2eds/bin/gnu/H-x86_64-pc-linux-gnu/bin/../lib/gcc/nios2-elf/11.2.1/../../../../../H-x86_64-pc-linux-gnu/nios2-elf/lib/mno-hw-mul/libc.a(lib_a-findfp.o)
 .debug_aranges
                0x0000000000000158       0x20 /home/danielcrovo/intelFPGA_lite/21.1/nios2eds/bin/gnu/H-x86_64-pc-linux-gnu/bin/../lib/gcc/nios2-elf/11.2.1/../../../../../H-x86_64-pc-linux-gnu/nios2-elf/lib/mno-hw-mul/libc.a(lib_a-fvwrite.o)
 .debug_aranges
                0x0000000000000178       0x28 /home/danielcrovo/intelFPGA_lite/21.1/nios2eds/bin/gnu/H-x86_64-pc-linux-gnu/bin/../lib/gcc/nios2-elf/11.2.1/../../../../../H-x86_64-pc-linux-gnu/nios2-elf/lib/mno-hw-mul/libc.a(lib_a-fwalk.o)
 .debug_aranges
                0x00000000000001a0       0x18 /home/danielcrovo/intelFPGA_lite/21.1/nios2eds/bin/gnu/H-x86_64-pc-linux-gnu/bin/../lib/gcc/nios2-elf/11.2.1/../../../../../H-x86_64-pc-linux-gnu/nios2-elf/lib/mno-hw-mul/libc.a(lib_a-impure.o)
 .debug_aranges
                0x00000000000001b8       0x20 /home/danielcrovo/intelFPGA_lite/21.1/nios2eds/bin/gnu/H-x86_64-pc-linux-gnu/bin/../lib/gcc/nios2-elf/11.2.1/../../../../../H-x86_64-pc-linux-gnu/nios2-elf/lib/mno-hw-mul/libc.a(lib_a-mallocr.o)
 .debug_aranges
                0x00000000000001d8       0x20 /home/danielcrovo/intelFPGA_lite/21.1/nios2eds/bin/gnu/H-x86_64-pc-linux-gnu/bin/../lib/gcc/nios2-elf/11.2.1/../../../../../H-x86_64-pc-linux-gnu/nios2-elf/lib/mno-hw-mul/libc.a(lib_a-memchr.o)
 .debug_aranges
                0x00000000000001f8       0x20 /home/danielcrovo/intelFPGA_lite/21.1/nios2eds/bin/gnu/H-x86_64-pc-linux-gnu/bin/../lib/gcc/nios2-elf/11.2.1/../../../../../H-x86_64-pc-linux-gnu/nios2-elf/lib/mno-hw-mul/libc.a(lib_a-memmove.o)
 .debug_aranges
                0x0000000000000218       0x20 /home/danielcrovo/intelFPGA_lite/21.1/nios2eds/bin/gnu/H-x86_64-pc-linux-gnu/bin/../lib/gcc/nios2-elf/11.2.1/../../../../../H-x86_64-pc-linux-gnu/nios2-elf/lib/mno-hw-mul/libc.a(lib_a-memset.o)
 .debug_aranges
                0x0000000000000238       0x20 /home/danielcrovo/intelFPGA_lite/21.1/nios2eds/bin/gnu/H-x86_64-pc-linux-gnu/bin/../lib/gcc/nios2-elf/11.2.1/../../../../../H-x86_64-pc-linux-gnu/nios2-elf/lib/mno-hw-mul/libc.a(lib_a-reallocr.o)
 .debug_aranges
                0x0000000000000258       0x20 /home/danielcrovo/intelFPGA_lite/21.1/nios2eds/bin/gnu/H-x86_64-pc-linux-gnu/bin/../lib/gcc/nios2-elf/11.2.1/../../../../../H-x86_64-pc-linux-gnu/nios2-elf/lib/mno-hw-mul/libc.a(lib_a-sbrkr.o)
 .debug_aranges
                0x0000000000000278       0x40 /home/danielcrovo/intelFPGA_lite/21.1/nios2eds/bin/gnu/H-x86_64-pc-linux-gnu/bin/../lib/gcc/nios2-elf/11.2.1/../../../../../H-x86_64-pc-linux-gnu/nios2-elf/lib/mno-hw-mul/libc.a(lib_a-stdio.o)
 .debug_aranges
                0x00000000000002b8       0x20 /home/danielcrovo/intelFPGA_lite/21.1/nios2eds/bin/gnu/H-x86_64-pc-linux-gnu/bin/../lib/gcc/nios2-elf/11.2.1/../../../../../H-x86_64-pc-linux-gnu/nios2-elf/lib/mno-hw-mul/libc.a(lib_a-writer.o)
 .debug_aranges
                0x00000000000002d8       0x20 /home/danielcrovo/intelFPGA_lite/21.1/nios2eds/bin/gnu/H-x86_64-pc-linux-gnu/bin/../lib/gcc/nios2-elf/11.2.1/../../../../../H-x86_64-pc-linux-gnu/nios2-elf/lib/mno-hw-mul/libc.a(lib_a-wsetup.o)
 .debug_aranges
                0x00000000000002f8       0x20 /home/danielcrovo/intelFPGA_lite/21.1/nios2eds/bin/gnu/H-x86_64-pc-linux-gnu/bin/../lib/gcc/nios2-elf/11.2.1/../../../../../H-x86_64-pc-linux-gnu/nios2-elf/lib/mno-hw-mul/libc.a(closer.o)
 .debug_aranges
                0x0000000000000318       0x28 /home/danielcrovo/intelFPGA_lite/21.1/nios2eds/bin/gnu/H-x86_64-pc-linux-gnu/bin/../lib/gcc/nios2-elf/11.2.1/../../../../../H-x86_64-pc-linux-gnu/nios2-elf/lib/mno-hw-mul/libc.a(lib_a-fclose.o)
 .debug_aranges
                0x0000000000000340       0x30 /home/danielcrovo/intelFPGA_lite/21.1/nios2eds/bin/gnu/H-x86_64-pc-linux-gnu/bin/../lib/gcc/nios2-elf/11.2.1/../../../../../H-x86_64-pc-linux-gnu/nios2-elf/lib/mno-hw-mul/libc.a(lib_a-fflush.o)
 .debug_aranges
                0x0000000000000370       0x28 /home/danielcrovo/intelFPGA_lite/21.1/nios2eds/bin/gnu/H-x86_64-pc-linux-gnu/bin/../lib/gcc/nios2-elf/11.2.1/../../../../../H-x86_64-pc-linux-gnu/nios2-elf/lib/mno-hw-mul/libc.a(lib_a-freer.o)
 .debug_aranges
                0x0000000000000398       0x18 /home/danielcrovo/intelFPGA_lite/21.1/nios2eds/bin/gnu/H-x86_64-pc-linux-gnu/bin/../lib/gcc/nios2-elf/11.2.1/../../../../../H-x86_64-pc-linux-gnu/nios2-elf/lib/mno-hw-mul/libc.a(lib_a-int_errno.o)
 .debug_aranges
                0x00000000000003b0       0x20 /home/danielcrovo/intelFPGA_lite/21.1/nios2eds/bin/gnu/H-x86_64-pc-linux-gnu/bin/../lib/gcc/nios2-elf/11.2.1/../../../../../H-x86_64-pc-linux-gnu/nios2-elf/lib/mno-hw-mul/libc.a(lib_a-lseekr.o)
 .debug_aranges
                0x00000000000003d0       0x28 /home/danielcrovo/intelFPGA_lite/21.1/nios2eds/bin/gnu/H-x86_64-pc-linux-gnu/bin/../lib/gcc/nios2-elf/11.2.1/../../../../../H-x86_64-pc-linux-gnu/nios2-elf/lib/mno-hw-mul/libc.a(lib_a-makebuf.o)
 .debug_aranges
                0x00000000000003f8       0x20 /home/danielcrovo/intelFPGA_lite/21.1/nios2eds/bin/gnu/H-x86_64-pc-linux-gnu/bin/../lib/gcc/nios2-elf/11.2.1/../../../../../H-x86_64-pc-linux-gnu/nios2-elf/lib/mno-hw-mul/libc.a(lib_a-readr.o)
 .debug_aranges
                0x0000000000000418       0x20 /home/danielcrovo/intelFPGA_lite/21.1/nios2eds/bin/gnu/H-x86_64-pc-linux-gnu/bin/../lib/gcc/nios2-elf/11.2.1/../../../../../H-x86_64-pc-linux-gnu/nios2-elf/lib/mno-hw-mul/libc.a(lib_a-fstatr.o)
 .debug_aranges
                0x0000000000000438       0x20 /home/danielcrovo/intelFPGA_lite/21.1/nios2eds/bin/gnu/H-x86_64-pc-linux-gnu/bin/../lib/gcc/nios2-elf/11.2.1/../../../../../H-x86_64-pc-linux-gnu/nios2-elf/lib/mno-hw-mul/libc.a(lib_a-isattyr.o)
 .debug_aranges
                0x0000000000000458       0x20 /home/danielcrovo/intelFPGA_lite/21.1/nios2eds/bin/gnu/H-x86_64-pc-linux-gnu/bin/../lib/gcc/nios2-elf/11.2.1/mno-hw-mul/libgcc.a(lib2-mul.o)
 .debug_aranges
                0x0000000000000478       0x20 ../nios_led2_bsp//libhal_bsp.a(alt_close.o)
 .debug_aranges
                0x0000000000000498       0x20 ../nios_led2_bsp//libhal_bsp.a(alt_dev.o)
 .debug_aranges
                0x00000000000004b8       0x18 ../nios_led2_bsp//libhal_bsp.a(alt_errno.o)
 .debug_aranges
                0x00000000000004d0       0x20 ../nios_led2_bsp//libhal_bsp.a(alt_fstat.o)
 .debug_aranges
                0x00000000000004f0       0x20 ../nios_led2_bsp//libhal_bsp.a(alt_isatty.o)
 .debug_aranges
                0x0000000000000510       0x20 ../nios_led2_bsp//libhal_bsp.a(alt_load.o)
 .debug_aranges
                0x0000000000000530       0x20 ../nios_led2_bsp//libhal_bsp.a(alt_lseek.o)
 .debug_aranges
                0x0000000000000550       0x20 ../nios_led2_bsp//libhal_bsp.a(alt_main.o)
 .debug_aranges
                0x0000000000000570       0x20 ../nios_led2_bsp//libhal_bsp.a(alt_malloc_lock.o)
 .debug_aranges
                0x0000000000000590       0x20 ../nios_led2_bsp//libhal_bsp.a(alt_read.o)
 .debug_aranges
                0x00000000000005b0       0x20 ../nios_led2_bsp//libhal_bsp.a(alt_release_fd.o)
 .debug_aranges
                0x00000000000005d0       0x20 ../nios_led2_bsp//libhal_bsp.a(alt_sbrk.o)
 .debug_aranges
                0x00000000000005f0       0x20 ../nios_led2_bsp//libhal_bsp.a(alt_write.o)
 .debug_aranges
                0x0000000000000610       0x20 ../nios_led2_bsp//libhal_bsp.a(alt_sys_init.o)
 .debug_aranges
                0x0000000000000630       0x20 ../nios_led2_bsp//libhal_bsp.a(altera_avalon_jtag_uart_fd.o)
 .debug_aranges
                0x0000000000000650       0x20 ../nios_led2_bsp//libhal_bsp.a(altera_avalon_jtag_uart_init.o)
 .debug_aranges
                0x0000000000000670       0x20 ../nios_led2_bsp//libhal_bsp.a(altera_avalon_jtag_uart_ioctl.o)
 .debug_aranges